2023-10-25 10:47:47.352   882-882   StatusBarIconController com.android.systemui                 D  ignoring old pipeline callback because the new wifi icon is enabled
2023-10-25 10:47:47.470   882-882   StatusBarIconController com.android.systemui                 D  ignoring old pipeline callbacks, because the new mobile icons are enabled
2023-10-25 10:47:50.362   882-882   StatusBarIconController com.android.systemui                 D  ignoring old pipeline callback because the new wifi icon is enabled
2023-10-25 10:47:57.473   882-882   StatusBarIconController com.android.systemui                 D  ignoring old pipeline callbacks, because the new mobile icons are enabled
2023-10-25 10:47:57.495   882-956   EGL_emulation           com.android.systemui                 D  app_time_stats: avg=40016.53ms min=40016.53ms max=40016.53ms count=1
2023-10-25 10:47:59.388   882-882   StatusBarIconController com.android.systemui                 D  ignoring old pipeline callback because the new wifi icon is enabled
2023-10-25 10:48:00.011  1635-2071  AiAiEcho                com.google.android.as                I  Predicting[0]: 
2023-10-25 10:48:00.011  1635-2071  AiAiEcho                com.google.android.as                I  EchoTargets: 
                                                                                                    Filtered by AiAi flag check: 
2023-10-25 10:48:00.011  1635-2071  AiAiEcho                com.google.android.as                I  Ranked targets strategy: SORT, count: 0, ranking metadata: 
2023-10-25 10:48:00.012  1635-2071  AiAiEcho                com.google.android.as                I  #postPredictionTargets: Sending updates to UISurface lockscreen with targets# 0 (types=[])
2023-10-25 10:48:00.031   882-882   PageIndicator           com.android.systemui                 W  Total number of pages invalid: 0. Assuming 1 page.
2023-10-25 10:48:00.044   882-956   EGL_emulation           com.android.systemui                 D  app_time_stats: avg=2549.02ms min=2549.02ms max=2549.02ms count=1
2023-10-25 10:48:02.399   882-882   StatusBarIconController com.android.systemui                 D  ignoring old pipeline callback because the new wifi icon is enabled
2023-10-25 10:48:07.471   882-882   StatusBarIconController com.android.systemui                 D  ignoring old pipeline callbacks, because the new mobile icons are enabled
2023-10-25 10:48:10.398  7211-7593  PhenotypeProcessReaper  com...gle.android.inputmethod.latin  I  Memory state is: 200
2023-10-25 10:48:11.429   882-882   StatusBarIconController com.android.systemui                 D  ignoring old pipeline callback because the new wifi icon is enabled
2023-10-25 10:48:14.434   882-882   StatusBarIconController com.android.systemui                 D  ignoring old pipeline callback because the new wifi icon is enabled
2023-10-25 10:48:17.471   882-882   StatusBarIconController com.android.systemui                 D  ignoring old pipeline callbacks, because the new mobile icons are enabled
2023-10-25 10:48:20.327   530-551   ProcessStats            system_server                        W  Tracking association SourceState{c7c556b system/1000 BFgs #44541} whose proc state 4 is better than process ProcessState{2fd5fd1 com.google.android.apps.messaging:rcs/10121 pkg=com.google.android.apps.messaging} proc state 8 (0 skipped)
2023-10-25 10:48:23.463   882-882   StatusBarIconController com.android.systemui                 D  ignoring old pipeline callback because the new wifi icon is enabled
2023-10-25 10:48:26.471   882-882   StatusBarIconController com.android.systemui                 D  ignoring old pipeline callback because the new wifi icon is enabled
2023-10-25 10:48:27.472   882-882   StatusBarIconController com.android.systemui                 D  ignoring old pipeline callbacks, because the new mobile icons are enabled
2023-10-25 10:48:28.697 25852-31525 PhenotypeProcessReaper  com.google.android.gms.persistent    I  Memory state is: 125
2023-10-25 10:48:35.500   882-882   StatusBarIconController com.android.systemui                 D  ignoring old pipeline callback because the new wifi icon is enabled
2023-10-25 10:48:37.471   882-882   StatusBarIconController com.android.systemui                 D  ignoring old pipeline callbacks, because the new mobile icons are enabled
2023-10-25 10:48:38.511   882-882   StatusBarIconController com.android.systemui                 D  ignoring old pipeline callback because the new wifi icon is enabled
2023-10-25 10:48:47.472   882-882   StatusBarIconController com.android.systemui                 D  ignoring old pipeline callbacks, because the new mobile icons are enabled
2023-10-25 10:48:47.540   882-882   StatusBarIconController com.android.systemui                 D  ignoring old pipeline callback because the new wifi icon is enabled
2023-10-25 10:48:50.550   882-882   StatusBarIconController com.android.systemui                 D  ignoring old pipeline callback because the new wifi icon is enabled
2023-10-25 10:48:57.472   882-882   StatusBarIconController com.android.systemui                 D  ignoring old pipeline callbacks, because the new mobile icons are enabled
2023-10-25 10:48:59.578   882-882   StatusBarIconController com.android.systemui                 D  ignoring old pipeline callback because the new wifi icon is enabled
2023-10-25 10:49:00.007  1635-2071  AiAiEcho                com.google.android.as                I  Predicting[0]: 
2023-10-25 10:49:00.007  1635-2071  AiAiEcho                com.google.android.as                I  EchoTargets: 
                                                                                                    Filtered by AiAi flag check: 
2023-10-25 10:49:00.007  1635-2071  AiAiEcho                com.google.android.as                I  Ranked targets strategy: SORT, count: 0, ranking metadata: 
2023-10-25 10:49:00.009  1635-2071  AiAiEcho                com.google.android.as                I  #postPredictionTargets: Sending updates to UISurface lockscreen with targets# 0 (types=[])
2023-10-25 10:49:00.031   882-882   PageIndicator           com.android.systemui                 W  Total number of pages invalid: 0. Assuming 1 page.
2023-10-25 10:49:00.034   882-956   EGL_emulation           com.android.systemui                 D  app_time_stats: avg=59988.48ms min=59988.48ms max=59988.48ms count=1
2023-10-25 10:49:02.588   882-882   StatusBarIconController com.android.systemui                 D  ignoring old pipeline callback because the new wifi icon is enabled
2023-10-25 10:49:07.473   882-882   StatusBarIconController com.android.systemui                 D  ignoring old pipeline callbacks, because the new mobile icons are enabled
2023-10-25 10:49:11.619   882-882   StatusBarIconController com.android.systemui                 D  ignoring old pipeline callback because the new wifi icon is enabled
2023-10-25 10:49:14.631   882-882   StatusBarIconController com.android.systemui                 D  ignoring old pipeline callback because the new wifi icon is enabled
2023-10-25 10:49:17.474   882-882   StatusBarIconController com.android.systemui                 D  ignoring old pipeline callbacks, because the new mobile icons are enabled
2023-10-25 10:49:23.663   882-882   StatusBarIconController com.android.systemui                 D  ignoring old pipeline callback because the new wifi icon is enabled
2023-10-25 10:49:26.667   882-882   StatusBarIconController com.android.systemui                 D  ignoring old pipeline callback because the new wifi icon is enabled
2023-10-25 10:49:27.474   882-882   StatusBarIconController com.android.systemui                 D  ignoring old pipeline callbacks, because the new mobile icons are enabled
2023-10-25 10:49:28.341   530-809   WifiStaIfaceAidlImpl    system_server                        E  installApfPacketFilter failed with service-specific exception: android.os.ServiceSpecificException:  (code 4)
2023-10-25 10:49:29.676   882-882   StatusBarIconController com.android.systemui                 D  ignoring old pipeline callback because the new wifi icon is enabled
2023-10-25 10:49:35.699   882-882   StatusBarIconController com.android.systemui                 D  ignoring old pipeline callback because the new wifi icon is enabled
2023-10-25 10:49:37.488   882-882   StatusBarIconController com.android.systemui                 D  ignoring old pipeline callbacks, because the new mobile icons are enabled
2023-10-25 10:49:37.511   882-956   EGL_emulation           com.android.systemui                 D  app_time_stats: avg=37477.58ms min=37477.58ms max=37477.58ms count=1
2023-10-25 10:49:38.710   882-882   StatusBarIconController com.android.systemui                 D  ignoring old pipeline callback because the new wifi icon is enabled
2023-10-25 10:49:46.459   530-618   Compatibil...geReporter system_server                        D  Compat change id reported: 218533173; UID 10146; state: ENABLED
2023-10-25 10:49:46.459   530-618   Compatibil...geReporter system_server                        D  Compat change id reported: 262645982; UID 10146; state: DISABLED
2023-10-25 10:49:47.473   882-882   StatusBarIconController com.android.systemui                 D  ignoring old pipeline callbacks, because the new mobile icons are enabled
2023-10-25 10:49:47.739   882-882   StatusBarIconController com.android.systemui                 D  ignoring old pipeline callback because the new wifi icon is enabled
2023-10-25 10:49:50.750   882-882   StatusBarIconController com.android.systemui                 D  ignoring old pipeline callback because the new wifi icon is enabled
2023-10-25 10:49:57.424   882-955   ControlsLi...rollerImpl com.android.systemui                 D  Subscribing callback, service count: 0
2023-10-25 10:49:57.443   882-955   ControlsLi...rollerImpl com.android.systemui                 D  Unsubscribing callback
2023-10-25 10:49:57.475   882-882   StatusBarIconController com.android.systemui                 D  ignoring old pipeline callbacks, because the new mobile icons are enabled
2023-10-25 10:49:59.777   882-882   StatusBarIconController com.android.systemui                 D  ignoring old pipeline callback because the new wifi icon is enabled
2023-10-25 10:50:00.008  1635-2071  AiAiEcho                com.google.android.as                I  Predicting[0]: 
2023-10-25 10:50:00.008  1635-2071  AiAiEcho                com.google.android.as                I  EchoTargets: 
                                                                                                    Filtered by AiAi flag check: 
2023-10-25 10:50:00.008  1635-2071  AiAiEcho                com.google.android.as                I  Ranked targets strategy: SORT, count: 0, ranking metadata: 
2023-10-25 10:50:00.009  1635-2071  AiAiEcho                com.google.android.as                I  #postPredictionTargets: Sending updates to UISurface lockscreen with targets# 0 (types=[])
2023-10-25 10:50:00.028   882-956   EGL_emulation           com.android.systemui                 D  app_time_stats: avg=22516.79ms min=22516.79ms max=22516.79ms count=1
2023-10-25 10:50:00.029   882-882   PageIndicator           com.android.systemui                 W  Total number of pages invalid: 0. Assuming 1 page.
2023-10-25 10:50:02.790   882-882   StatusBarIconController com.android.systemui                 D  ignoring old pipeline callback because the new wifi icon is enabled
2023-10-25 10:50:03.741  1070-1403  BtGatt.ScanManager      com.google.android.bluetooth         W  Moving filtered scan client to downgraded scan (scannerId 1)
2023-10-25 10:50:03.742  1070-1403  bt_stack                com.google.android.bluetooth         I  [INFO:le_scanning_manager.cc(168)] Scan in shim layer stopped
2023-10-25 10:50:03.742  1070-1249  bluetooth               com.google.android.bluetooth         I  packages/modules/Bluetooth/system/gd/hci/le_address_manager.cc:193 unregister_client: Client unregistered
2023-10-25 10:50:03.742  1070-1249  bluetooth               com.google.android.bluetooth         I  packages/modules/Bluetooth/system/gd/hci/le_address_manager.cc:197 unregister_client: Cancelled address rotation alarm
2023-10-25 10:50:03.742  1070-1403  bt_stack                com.google.android.bluetooth         I  [INFO:le_scanning_manager.cc(346)] SetScanParameters in shim layer
2023-10-25 10:50:03.742  1070-1403  bt_stack                com.google.android.bluetooth         I  [INFO:le_scanning_manager.cc(168)] Scan in shim layer started
2023-10-25 10:50:03.743  1070-1249  bluetooth               com.google.android.bluetooth         I  packages/modules/Bluetooth/system/gd/hci/le_scanning_manager.cc:588 stop_scan: Scanning already stopped, return!
2023-10-25 10:50:03.743  1070-1249  bluetooth               com.google.android.bluetooth         I  packages/modules/Bluetooth/system/gd/hci/le_address_manager.cc:175 register_client: Scheduled address rotation for first client registered
2023-10-25 10:50:03.743  1070-1249  bluetooth               com.google.android.bluetooth         I  packages/modules/Bluetooth/system/gd/hci/le_address_manager.cc:178 register_client: Client registered
2023-10-25 10:50:07.475   882-882   StatusBarIconController com.android.systemui                 D  ignoring old pipeline callbacks, because the new mobile icons are enabled
2023-10-25 10:50:11.820   882-882   StatusBarIconController com.android.systemui                 D  ignoring old pipeline callback because the new wifi icon is enabled
2023-10-25 10:50:14.830   882-882   StatusBarIconController com.android.systemui                 D  ignoring old pipeline callback because the new wifi icon is enabled
2023-10-25 10:50:17.475   882-882   StatusBarIconController com.android.systemui                 D  ignoring old pipeline callbacks, because the new mobile icons are enabled
2023-10-25 10:50:17.494   882-956   EGL_emulation           com.android.systemui                 D  app_time_stats: avg=17465.47ms min=17465.47ms max=17465.47ms count=1
2023-10-25 10:50:17.523   530-552   WifiNl80211Manager      system_server                        D  Scan result ready event
2023-10-25 10:50:17.523   530-552   WifiNative              system_server                        D  Scan result ready event
2023-10-25 10:50:23.859   882-882   StatusBarIconController com.android.systemui                 D  ignoring old pipeline callback because the new wifi icon is enabled
2023-10-25 10:50:26.870   882-882   StatusBarIconController com.android.systemui                 D  ignoring old pipeline callback because the new wifi icon is enabled
2023-10-25 10:50:27.476   882-882   StatusBarIconController com.android.systemui                 D  ignoring old pipeline callbacks, because the new mobile icons are enabled
2023-10-25 10:50:31.154  5402-5476  TimedProcessReaper      com.google.android.apps.messaging    W  Memory state is: 125
2023-10-25 10:50:35.903   882-882   StatusBarIconController com.android.systemui                 D  ignoring old pipeline callback because the new wifi icon is enabled
2023-10-25 10:50:37.476   882-882   StatusBarIconController com.android.systemui                 D  ignoring old pipeline callbacks, because the new mobile icons are enabled
2023-10-25 10:50:38.913   882-882   StatusBarIconController com.android.systemui                 D  ignoring old pipeline callback because the new wifi icon is enabled
2023-10-25 10:50:47.475   882-882   StatusBarIconController com.android.systemui                 D  ignoring old pipeline callbacks, because the new mobile icons are enabled
2023-10-25 10:50:47.943   882-882   StatusBarIconController com.android.systemui                 D  ignoring old pipeline callback because the new wifi icon is enabled
2023-10-25 10:50:50.954   882-882   StatusBarIconController com.android.systemui                 D  ignoring old pipeline callback because the new wifi icon is enabled
2023-10-25 10:50:57.478   882-882   StatusBarIconController com.android.systemui                 D  ignoring old pipeline callbacks, because the new mobile icons are enabled
2023-10-25 10:50:57.495   882-956   EGL_emulation           com.android.systemui                 D  app_time_stats: avg=40000.89ms min=40000.89ms max=40000.89ms count=1
2023-10-25 10:50:59.988   882-882   StatusBarIconController com.android.systemui                 D  ignoring old pipeline callback because the new wifi icon is enabled
2023-10-25 10:51:00.011  1635-2071  AiAiEcho                com.google.android.as                I  Predicting[0]: 
2023-10-25 10:51:00.011  1635-2071  AiAiEcho                com.google.android.as                I  EchoTargets: 
                                                                                                    Filtered by AiAi flag check: 
2023-10-25 10:51:00.011  1635-2071  AiAiEcho                com.google.android.as                I  Ranked targets strategy: SORT, count: 0, ranking metadata: 
2023-10-25 10:51:00.013  1635-2071  AiAiEcho                com.google.android.as                I  #postPredictionTargets: Sending updates to UISurface lockscreen with targets# 0 (types=[])
2023-10-25 10:51:00.030   882-882   PageIndicator           com.android.systemui                 W  Total number of pages invalid: 0. Assuming 1 page.
2023-10-25 10:51:00.034   882-956   EGL_emulation           com.android.systemui                 D  app_time_stats: avg=2538.19ms min=2538.19ms max=2538.19ms count=1
2023-10-25 10:51:02.996   882-882   StatusBarIconController com.android.systemui                 D  ignoring old pipeline callback because the new wifi icon is enabled
2023-10-25 10:51:07.475   882-882   StatusBarIconController com.android.systemui                 D  ignoring old pipeline callbacks, because the new mobile icons are enabled
2023-10-25 10:51:12.021   882-882   StatusBarIconController com.android.systemui                 D  ignoring old pipeline callback because the new wifi icon is enabled
2023-10-25 10:51:15.026   882-882   StatusBarIconController com.android.systemui                 D  ignoring old pipeline callback because the new wifi icon is enabled
2023-10-25 10:51:17.477   882-882   StatusBarIconController com.android.systemui                 D  ignoring old pipeline callbacks, because the new mobile icons are enabled
2023-10-25 10:51:24.056   882-882   StatusBarIconController com.android.systemui                 D  ignoring old pipeline callback because the new wifi icon is enabled
2023-10-25 10:51:27.062   882-882   StatusBarIconController com.android.systemui                 D  ignoring old pipeline callback because the new wifi icon is enabled
2023-10-25 10:51:27.477   882-882   StatusBarIconController com.android.systemui                 D  ignoring old pipeline callbacks, because the new mobile icons are enabled
2023-10-25 10:51:36.096   882-882   StatusBarIconController com.android.systemui                 D  ignoring old pipeline callback because the new wifi icon is enabled
2023-10-25 10:51:37.478   882-882   StatusBarIconController com.android.systemui                 D  ignoring old pipeline callbacks, because the new mobile icons are enabled
2023-10-25 10:51:39.106   882-882   StatusBarIconController com.android.systemui                 D  ignoring old pipeline callback because the new wifi icon is enabled
2023-10-25 10:51:47.479   882-882   StatusBarIconController com.android.systemui                 D  ignoring old pipeline callbacks, because the new mobile icons are enabled
2023-10-25 10:51:48.137   882-882   StatusBarIconController com.android.systemui                 D  ignoring old pipeline callback because the new wifi icon is enabled
2023-10-25 10:51:51.143   882-882   StatusBarIconController com.android.systemui                 D  ignoring old pipeline callback because the new wifi icon is enabled
2023-10-25 10:51:57.477   882-882   StatusBarIconController com.android.systemui                 D  ignoring old pipeline callbacks, because the new mobile icons are enabled
2023-10-25 10:52:00.011  1635-2071  AiAiEcho                com.google.android.as                I  Predicting[0]: 
2023-10-25 10:52:00.011  1635-2071  AiAiEcho                com.google.android.as                I  EchoTargets: 
                                                                                                    Filtered by AiAi flag check: 
2023-10-25 10:52:00.011  1635-2071  AiAiEcho                com.google.android.as                I  Ranked targets strategy: SORT, count: 0, ranking metadata: 
2023-10-25 10:52:00.012  1635-2071  AiAiEcho                com.google.android.as                I  #postPredictionTargets: Sending updates to UISurface lockscreen with targets# 0 (types=[])
2023-10-25 10:52:00.030   882-882   PageIndicator           com.android.systemui                 W  Total number of pages invalid: 0. Assuming 1 page.
2023-10-25 10:52:00.032   882-956   EGL_emulation           com.android.systemui                 D  app_time_stats: avg=59998.27ms min=59998.27ms max=59998.27ms count=1
2023-10-25 10:52:00.175   882-882   StatusBarIconController com.android.systemui                 D  ignoring old pipeline callback because the new wifi icon is enabled
2023-10-25 10:52:03.186   882-882   StatusBarIconController com.android.systemui                 D  ignoring old pipeline callback because the new wifi icon is enabled
2023-10-25 10:52:03.216   530-549   System                  system_server                        W  A resource failed to call HardwareBuffer.close. 
2023-10-25 10:52:03.217   530-549   System                  system_server                        W  A resource failed to call HardwareBuffer.close. 
2023-10-25 10:52:03.217   530-549   System                  system_server                        W  A resource failed to call HardwareBuffer.close. 
2023-10-25 10:52:03.217   530-549   System                  system_server                        W  A resource failed to call HardwareBuffer.close. 
2023-10-25 10:52:03.217   530-549   System                  system_server                        W  A resource failed to call HardwareBuffer.close. 
2023-10-25 10:52:03.217   530-549   System                  system_server                        W  A resource failed to call release. 
2023-10-25 10:52:07.478   882-882   StatusBarIconController com.android.systemui                 D  ignoring old pipeline callbacks, because the new mobile icons are enabled
2023-10-25 10:52:12.216   882-882   StatusBarIconController com.android.systemui                 D  ignoring old pipeline callback because the new wifi icon is enabled
2023-10-25 10:52:15.224   882-882   StatusBarIconController com.android.systemui                 D  ignoring old pipeline callback because the new wifi icon is enabled
2023-10-25 10:52:17.478   882-882   StatusBarIconController com.android.systemui                 D  ignoring old pipeline callbacks, because the new mobile icons are enabled
2023-10-25 10:52:24.257   882-882   StatusBarIconController com.android.systemui                 D  ignoring old pipeline callback because the new wifi icon is enabled
2023-10-25 10:52:27.266   882-882   StatusBarIconController com.android.systemui                 D  ignoring old pipeline callback because the new wifi icon is enabled
2023-10-25 10:52:27.478   882-882   StatusBarIconController com.android.systemui                 D  ignoring old pipeline callbacks, because the new mobile icons are enabled
2023-10-25 10:52:36.295   882-882   StatusBarIconController com.android.systemui                 D  ignoring old pipeline callback because the new wifi icon is enabled
2023-10-25 10:52:37.479   882-882   StatusBarIconController com.android.systemui                 D  ignoring old pipeline callbacks, because the new mobile icons are enabled
2023-10-25 10:52:37.496   882-956   EGL_emulation           com.android.systemui                 D  app_time_stats: avg=37463.70ms min=37463.70ms max=37463.70ms count=1
2023-10-25 10:52:39.305   882-882   StatusBarIconController com.android.systemui                 D  ignoring old pipeline callback because the new wifi icon is enabled
2023-10-25 10:52:47.478   882-882   StatusBarIconController com.android.systemui                 D  ignoring old pipeline callbacks, because the new mobile icons are enabled
2023-10-25 10:52:48.336   882-882   StatusBarIconController com.android.systemui                 D  ignoring old pipeline callback because the new wifi icon is enabled
2023-10-25 10:52:51.346   882-882   StatusBarIconController com.android.systemui                 D  ignoring old pipeline callback because the new wifi icon is enabled
2023-10-25 10:52:57.479   882-882   StatusBarIconController com.android.systemui                 D  ignoring old pipeline callbacks, because the new mobile icons are enabled
2023-10-25 10:52:57.523   530-552   WifiNl80211Manager      system_server                        D  Scan result ready event
2023-10-25 10:52:57.523   530-552   WifiNative              system_server                        D  Scan result ready event
2023-10-25 10:53:00.009  1635-2071  AiAiEcho                com.google.android.as                I  Predicting[0]: 
2023-10-25 10:53:00.009  1635-2071  AiAiEcho                com.google.android.as                I  EchoTargets: 
                                                                                                    Filtered by AiAi flag check: 
2023-10-25 10:53:00.010  1635-2071  AiAiEcho                com.google.android.as                I  Ranked targets strategy: SORT, count: 0, ranking metadata: 
2023-10-25 10:53:00.011  1635-2071  AiAiEcho                com.google.android.as                I  #postPredictionTargets: Sending updates to UISurface lockscreen with targets# 0 (types=[])
2023-10-25 10:53:00.030   882-882   PageIndicator           com.android.systemui                 W  Total number of pages invalid: 0. Assuming 1 page.
2023-10-25 10:53:00.033   882-956   EGL_emulation           com.android.systemui                 D  app_time_stats: avg=22536.74ms min=22536.74ms max=22536.74ms count=1
2023-10-25 10:53:00.378   882-882   StatusBarIconController com.android.systemui                 D  ignoring old pipeline callback because the new wifi icon is enabled
2023-10-25 10:53:03.389   882-882   StatusBarIconController com.android.systemui                 D  ignoring old pipeline callback because the new wifi icon is enabled
2023-10-25 10:53:07.480   882-882   StatusBarIconController com.android.systemui                 D  ignoring old pipeline callbacks, because the new mobile icons are enabled
2023-10-25 10:53:12.421   882-882   StatusBarIconController com.android.systemui                 D  ignoring old pipeline callback because the new wifi icon is enabled
2023-10-25 10:53:15.430   882-882   StatusBarIconController com.android.systemui                 D  ignoring old pipeline callback because the new wifi icon is enabled
2023-10-25 10:53:17.480   882-882   StatusBarIconController com.android.systemui                 D  ignoring old pipeline callbacks, because the new mobile icons are enabled
2023-10-25 10:53:17.494   882-956   EGL_emulation           com.android.systemui                 D  app_time_stats: avg=17460.46ms min=17460.46ms max=17460.46ms count=1
2023-10-25 10:53:21.449   882-882   StatusBarIconController com.android.systemui                 D  ignoring old pipeline callback because the new wifi icon is enabled
2023-10-25 10:53:24.480   530-1850  BatteryExt...tatsWorker system_server                        W  error reading Bluetooth stats: 11
2023-10-25 10:53:24.490   530-552   TelephonyManager        system_server                        D  requestModemActivityInfo: Sending result to app: ModemActivityInfo{ mTimestamp=135000321 mSleepTimeMs=0 mIdleTimeMs=135000034 mActivityStatsTechSpecificInfo=[{mRat=UNKNOWN,mFrequencyRange=UNKNOWN,mTxTimeMs[]=[0, 0, 0, 0, 0],mRxTimeMs=0}]}
2023-10-25 10:53:27.481   882-882   StatusBarIconController com.android.systemui                 D  ignoring old pipeline callbacks, because the new mobile icons are enabled
2023-10-25 10:53:37.482   882-882   StatusBarIconController com.android.systemui                 D  ignoring old pipeline callbacks, because the new mobile icons are enabled
2023-10-25 10:53:47.482   882-882   StatusBarIconController com.android.systemui                 D  ignoring old pipeline callbacks, because the new mobile icons are enabled
2023-10-25 10:53:57.492   882-882   StatusBarIconController com.android.systemui                 D  ignoring old pipeline callbacks, because the new mobile icons are enabled
2023-10-25 10:53:57.495   882-956   EGL_emulation           com.android.systemui                 D  app_time_stats: avg=40000.92ms min=40000.92ms max=40000.92ms count=1
2023-10-25 10:54:00.009  1635-2071  AiAiEcho                com.google.android.as                I  Predicting[0]: 
2023-10-25 10:54:00.010  1635-2071  AiAiEcho                com.google.android.as                I  EchoTargets: 
                                                                                                    Filtered by AiAi flag check: 
2023-10-25 10:54:00.010  1635-2071  AiAiEcho                com.google.android.as                I  Ranked targets strategy: SORT, count: 0, ranking metadata: 
2023-10-25 10:54:00.011  1635-2071  AiAiEcho                com.google.android.as                I  #postPredictionTargets: Sending updates to UISurface lockscreen with targets# 0 (types=[])
2023-10-25 10:54:00.031   882-882   PageIndicator           com.android.systemui                 W  Total number of pages invalid: 0. Assuming 1 page.
2023-10-25 10:54:00.034   882-956   EGL_emulation           com.android.systemui                 D  app_time_stats: avg=2538.28ms min=2538.28ms max=2538.28ms count=1
2023-10-25 10:54:07.483   882-882   StatusBarIconController com.android.systemui                 D  ignoring old pipeline callbacks, because the new mobile icons are enabled
2023-10-25 10:54:17.482   882-882   StatusBarIconController com.android.systemui                 D  ignoring old pipeline callbacks, because the new mobile icons are enabled
2023-10-25 10:54:24.662   882-882   StatusBarIconController com.android.systemui                 D  ignoring old pipeline callback because the new wifi icon is enabled
2023-10-25 10:54:27.482   882-882   StatusBarIconController com.android.systemui                 D  ignoring old pipeline callbacks, because the new mobile icons are enabled
2023-10-25 10:54:27.673   882-882   StatusBarIconController com.android.systemui                 D  ignoring old pipeline callback because the new wifi icon is enabled
2023-10-25 10:54:30.227   530-2268  BatteryExt...tatsWorker system_server                        W  error reading Bluetooth stats: 11
2023-10-25 10:54:30.235   530-2268  TelephonyManager        system_server                        D  requestModemActivityInfo: Sending result to app: ModemActivityInfo{ mTimestamp=135066064 mSleepTimeMs=0 mIdleTimeMs=135065775 mActivityStatsTechSpecificInfo=[{mRat=UNKNOWN,mFrequencyRange=UNKNOWN,mTxTimeMs[]=[0, 0, 0, 0, 0],mRxTimeMs=0}]}
2023-10-25 10:54:30.301   530-574   CpuPowerCalculator      system_server                        W  UID 10182 CPU cluster # mismatch: Power Profile # 2 actual # 4
2023-10-25 10:54:30.302   530-574   CpuPowerCalculator      system_server                        W  UID 10182 CPU freq # mismatch: Power Profile # 2 actual # 8
2023-10-25 10:54:30.302   530-574   CpuPowerCalculator      system_server                        W  UID 10182 CPU freq # mismatch: Power Profile # 2 actual # 8
2023-10-25 10:54:30.302   530-574   CpuPowerCalculator      system_server                        W  UID 10182 CPU freq # mismatch: Power Profile # 2 actual # 8
2023-10-25 10:54:30.302   530-574   CpuPowerCalculator      system_server                        W  UID 10182 CPU freq # mismatch: Power Profile # 2 actual # 8
2023-10-25 10:54:30.303   530-574   CpuPowerCalculator      system_server                        W  UID 10180 CPU cluster # mismatch: Power Profile # 2 actual # 4
2023-10-25 10:54:30.303   530-574   CpuPowerCalculator      system_server                        W  UID 10180 CPU freq # mismatch: Power Profile # 2 actual # 8
2023-10-25 10:54:30.303   530-574   CpuPowerCalculator      system_server                        W  UID 10180 CPU freq # mismatch: Power Profile # 2 actual # 8
2023-10-25 10:54:30.303   530-574   CpuPowerCalculator      system_server                        W  UID 10180 CPU freq # mismatch: Power Profile # 2 actual # 8
2023-10-25 10:54:30.303   530-574   CpuPowerCalculator      system_server                        W  UID 10180 CPU freq # mismatch: Power Profile # 2 actual # 8
2023-10-25 10:54:30.303   530-574   CpuPowerCalculator      system_server                        W  UID 10175 CPU cluster # mismatch: Power Profile # 2 actual # 4
2023-10-25 10:54:30.304   530-574   CpuPowerCalculator      system_server                        W  UID 10175 CPU freq # mismatch: Power Profile # 2 actual # 8
2023-10-25 10:54:30.304   530-574   CpuPowerCalculator      system_server                        W  UID 10175 CPU freq # mismatch: Power Profile # 2 actual # 8
2023-10-25 10:54:30.304   530-574   CpuPowerCalculator      system_server                        W  UID 10175 CPU freq # mismatch: Power Profile # 2 actual # 8
2023-10-25 10:54:30.304   530-574   CpuPowerCalculator      system_server                        W  UID 10175 CPU freq # mismatch: Power Profile # 2 actual # 8
2023-10-25 10:54:30.304   530-574   CpuPowerCalculator      system_server                        W  UID 10172 CPU cluster # mismatch: Power Profile # 2 actual # 4
2023-10-25 10:54:30.304   530-574   CpuPowerCalculator      system_server                        W  UID 10172 CPU freq # mismatch: Power Profile # 2 actual # 8
2023-10-25 10:54:30.304   530-574   CpuPowerCalculator      system_server                        W  UID 10172 CPU freq # mismatch: Power Profile # 2 actual # 8
2023-10-25 10:54:30.305   530-574   CpuPowerCalculator      system_server                        W  UID 10172 CPU freq # mismatch: Power Profile # 2 actual # 8
2023-10-25 10:54:30.305   530-574   CpuPowerCalculator      system_server                        W  UID 10172 CPU freq # mismatch: Power Profile # 2 actual # 8
2023-10-25 10:54:30.305   530-574   CpuPowerCalculator      system_server                        W  UID 10172 CPU freq # mismatch: Power Profile # 2 actual # 8
2023-10-25 10:54:30.306   530-574   CpuPowerCalculator      system_server                        W  UID 10170 CPU cluster # mismatch: Power Profile # 2 actual # 4
2023-10-25 10:54:30.306   530-574   CpuPowerCalculator      system_server                        W  UID 10170 CPU freq # mismatch: Power Profile # 2 actual # 8
2023-10-25 10:54:30.306   530-574   CpuPowerCalculator      system_server                        W  UID 10170 CPU freq # mismatch: Power Profile # 2 actual # 8
2023-10-25 10:54:30.306   530-574   CpuPowerCalculator      system_server                        W  UID 10166 CPU cluster # mismatch: Power Profile # 2 actual # 4
2023-10-25 10:54:30.306   530-574   CpuPowerCalculator      system_server                        W  UID 10166 CPU freq # mismatch: Power Profile # 2 actual # 8
2023-10-25 10:54:30.306   530-574   CpuPowerCalculator      system_server                        W  UID 10166 CPU freq # mismatch: Power Profile # 2 actual # 8
2023-10-25 10:54:30.306   530-574   CpuPowerCalculator      system_server                        W  UID 10166 CPU freq # mismatch: Power Profile # 2 actual # 8
2023-10-25 10:54:30.307   530-574   CpuPowerCalculator      system_server                        W  UID 10165 CPU cluster # mismatch: Power Profile # 2 actual # 4
2023-10-25 10:54:30.307   530-574   CpuPowerCalculator      system_server                        W  UID 10165 CPU freq # mismatch: Power Profile # 2 actual # 8
2023-10-25 10:54:30.307   530-574   CpuPowerCalculator      system_server                        W  UID 10165 CPU freq # mismatch: Power Profile # 2 actual # 8
2023-10-25 10:54:30.307   530-574   CpuPowerCalculator      system_server                        W  UID 10165 CPU freq # mismatch: Power Profile # 2 actual # 8
2023-10-25 10:54:30.307   530-574   CpuPowerCalculator      system_server                        W  UID 10163 CPU cluster # mismatch: Power Profile # 2 actual # 4
2023-10-25 10:54:30.307   530-574   CpuPowerCalculator      system_server                        W  UID 10163 CPU freq # mismatch: Power Profile # 2 actual # 8
2023-10-25 10:54:30.307   530-574   CpuPowerCalculator      system_server                        W  UID 10163 CPU freq # mismatch: Power Profile # 2 actual # 8
2023-10-25 10:54:30.307   530-574   CpuPowerCalculator      system_server                        W  UID 10163 CPU freq # mismatch: Power Profile # 2 actual # 8
2023-10-25 10:54:30.307   530-574   CpuPowerCalculator      system_server                        W  UID 10163 CPU freq # mismatch: Power Profile # 2 actual # 8
2023-10-25 10:54:30.308   530-574   CpuPowerCalculator      system_server                        W  UID 10160 CPU cluster # mismatch: Power Profile # 2 actual # 4
2023-10-25 10:54:30.308   530-574   CpuPowerCalculator      system_server                        W  UID 10160 CPU freq # mismatch: Power Profile # 2 actual # 8
2023-10-25 10:54:30.308   530-574   CpuPowerCalculator      system_server                        W  UID 10160 CPU freq # mismatch: Power Profile # 2 actual # 8
2023-10-25 10:54:30.308   530-574   CpuPowerCalculator      system_server                        W  UID 10160 CPU freq # mismatch: Power Profile # 2 actual # 8
2023-10-25 10:54:30.308   530-574   CpuPowerCalculator      system_server                        W  UID 10159 CPU cluster # mismatch: Power Profile # 2 actual # 4
2023-10-25 10:54:30.308   530-574   CpuPowerCalculator      system_server                        W  UID 10159 CPU freq # mismatch: Power Profile # 2 actual # 8
2023-10-25 10:54:30.308   530-574   CpuPowerCalculator      system_server                        W  UID 10159 CPU freq # mismatch: Power Profile # 2 actual # 8
2023-10-25 10:54:30.308   530-574   CpuPowerCalculator      system_server                        W  UID 10159 CPU freq # mismatch: Power Profile # 2 actual # 8
2023-10-25 10:54:30.309   530-574   CpuPowerCalculator      system_server                        W  UID 10158 CPU cluster # mismatch: Power Profile # 2 actual # 4
2023-10-25 10:54:30.309   530-574   CpuPowerCalculator      system_server                        W  UID 10158 CPU freq # mismatch: Power Profile # 2 actual # 8
2023-10-25 10:54:30.309   530-574   CpuPowerCalculator      system_server                        W  UID 10158 CPU freq # mismatch: Power Profile # 2 actual # 8
2023-10-25 10:54:30.309   530-574   CpuPowerCalculator      system_server                        W  UID 10158 CPU freq # mismatch: Power Profile # 2 actual # 8
2023-10-25 10:54:30.309   530-574   CpuPowerCalculator      system_server                        W  UID 10158 CPU freq # mismatch: Power Profile # 2 actual # 8
2023-10-25 10:54:30.310   530-574   CpuPowerCalculator      system_server                        W  UID 10156 CPU cluster # mismatch: Power Profile # 2 actual # 4
2023-10-25 10:54:30.310   530-574   CpuPowerCalculator      system_server                        W  UID 10156 CPU freq # mismatch: Power Profile # 2 actual # 8
2023-10-25 10:54:30.310   530-574   CpuPowerCalculator      system_server                        W  UID 10156 CPU freq # mismatch: Power Profile # 2 actual # 8
2023-10-25 10:54:30.310   530-574   CpuPowerCalculator      system_server                        W  UID 10156 CPU freq # mismatch: Power Profile # 2 actual # 8
2023-10-25 10:54:30.310   530-574   CpuPowerCalculator      system_server                        W  UID 10152 CPU cluster # mismatch: Power Profile # 2 actual # 4
2023-10-25 10:54:30.310   530-574   CpuPowerCalculator      system_server                        W  UID 10152 CPU freq # mismatch: Power Profile # 2 actual # 8
2023-10-25 10:54:30.310   530-574   CpuPowerCalculator      system_server                        W  UID 10152 CPU freq # mismatch: Power Profile # 2 actual # 8
2023-10-25 10:54:30.310   530-574   CpuPowerCalculator      system_server                        W  UID 10151 CPU cluster # mismatch: Power Profile # 2 actual # 4
2023-10-25 10:54:30.310   530-574   CpuPowerCalculator      system_server                        W  UID 10151 CPU freq # mismatch: Power Profile # 2 actual # 8
2023-10-25 10:54:30.310   530-574   CpuPowerCalculator      system_server                        W  UID 10151 CPU freq # mismatch: Power Profile # 2 actual # 8
2023-10-25 10:54:30.310   530-574   CpuPowerCalculator      system_server                        W  UID 10151 CPU freq # mismatch: Power Profile # 2 actual # 8
2023-10-25 10:54:30.310   530-574   CpuPowerCalculator      system_server                        W  UID 10150 CPU cluster # mismatch: Power Profile # 2 actual # 4
2023-10-25 10:54:30.310   530-574   CpuPowerCalculator      system_server                        W  UID 10150 CPU freq # mismatch: Power Profile # 2 actual # 8
2023-10-25 10:54:30.310   530-574   CpuPowerCalculator      system_server                        W  UID 10150 CPU freq # mismatch: Power Profile # 2 actual # 8
2023-10-25 10:54:30.310   530-574   CpuPowerCalculator      system_server                        W  UID 10150 CPU freq # mismatch: Power Profile # 2 actual # 8
2023-10-25 10:54:30.310   530-574   CpuPowerCalculator      system_server                        W  UID 10150 CPU freq # mismatch: Power Profile # 2 actual # 8
2023-10-25 10:54:30.310   530-574   CpuPowerCalculator      system_server                        W  UID 10146 CPU cluster # mismatch: Power Profile # 2 actual # 4
2023-10-25 10:54:30.310   530-574   CpuPowerCalculator      system_server                        W  UID 10146 CPU freq # mismatch: Power Profile # 2 actual # 8
2023-10-25 10:54:30.310   530-574   CpuPowerCalculator      system_server                        W  UID 10146 CPU freq # mismatch: Power Profile # 2 actual # 8
2023-10-25 10:54:30.310   530-574   CpuPowerCalculator      system_server                        W  UID 10146 CPU freq # mismatch: Power Profile # 2 actual # 8
2023-10-25 10:54:30.310   530-574   CpuPowerCalculator      system_server                        W  UID 10146 CPU freq # mismatch: Power Profile # 2 actual # 8
2023-10-25 10:54:30.310   530-574   CpuPowerCalculator      system_server                        W  UID 10145 CPU cluster # mismatch: Power Profile # 2 actual # 4
2023-10-25 10:54:30.311   530-574   CpuPowerCalculator      system_server                        W  UID 10145 CPU freq # mismatch: Power Profile # 2 actual # 8
2023-10-25 10:54:30.311   530-574   CpuPowerCalculator      system_server                        W  UID 10145 CPU freq # mismatch: Power Profile # 2 actual # 8
2023-10-25 10:54:30.311   530-574   CpuPowerCalculator      system_server                        W  UID 10145 CPU freq # mismatch: Power Profile # 2 actual # 8
2023-10-25 10:54:30.311   530-574   CpuPowerCalculator      system_server                        W  UID 10145 CPU freq # mismatch: Power Profile # 2 actual # 8
2023-10-25 10:54:30.311   530-574   CpuPowerCalculator      system_server                        W  UID 10141 CPU cluster # mismatch: Power Profile # 2 actual # 4
2023-10-25 10:54:30.311   530-574   CpuPowerCalculator      system_server                        W  UID 10141 CPU freq # mismatch: Power Profile # 2 actual # 8
2023-10-25 10:54:30.311   530-574   CpuPowerCalculator      system_server                        W  UID 10141 CPU freq # mismatch: Power Profile # 2 actual # 8
2023-10-25 10:54:30.311   530-574   CpuPowerCalculator      system_server                        W  UID 10141 CPU freq # mismatch: Power Profile # 2 actual # 8
2023-10-25 10:54:30.311   530-574   CpuPowerCalculator      system_server                        W  UID 10139 CPU cluster # mismatch: Power Profile # 2 actual # 4
2023-10-25 10:54:30.311   530-574   CpuPowerCalculator      system_server                        W  UID 10139 CPU freq # mismatch: Power Profile # 2 actual # 8
2023-10-25 10:54:30.311   530-574   CpuPowerCalculator      system_server                        W  UID 10139 CPU freq # mismatch: Power Profile # 2 actual # 8
2023-10-25 10:54:30.311   530-574   CpuPowerCalculator      system_server                        W  UID 10139 CPU freq # mismatch: Power Profile # 2 actual # 8
2023-10-25 10:54:30.311   530-574   CpuPowerCalculator      system_server                        W  UID 10139 CPU freq # mismatch: Power Profile # 2 actual # 8
2023-10-25 10:54:30.311   530-574   CpuPowerCalculator      system_server                        W  UID 10138 CPU cluster # mismatch: Power Profile # 2 actual # 4
2023-10-25 10:54:30.311   530-574   CpuPowerCalculator      system_server                        W  UID 10138 CPU freq # mismatch: Power Profile # 2 actual # 8
2023-10-25 10:54:30.311   530-574   CpuPowerCalculator      system_server                        W  UID 10138 CPU freq # mismatch: Power Profile # 2 actual # 8
2023-10-25 10:54:30.311   530-574   CpuPowerCalculator      system_server                        W  UID 10138 CPU freq # mismatch: Power Profile # 2 actual # 8
2023-10-25 10:54:30.311   530-574   CpuPowerCalculator      system_server                        W  UID 10138 CPU freq # mismatch: Power Profile # 2 actual # 8
2023-10-25 10:54:30.311   530-574   CpuPowerCalculator      system_server                        W  UID 10137 CPU cluster # mismatch: Power Profile # 2 actual # 4
2023-10-25 10:54:30.311   530-574   CpuPowerCalculator      system_server                        W  UID 10137 CPU freq # mismatch: Power Profile # 2 actual # 8
2023-10-25 10:54:30.311   530-574   CpuPowerCalculator      system_server                        W  UID 10137 CPU freq # mismatch: Power Profile # 2 actual # 8
2023-10-25 10:54:30.311   530-574   CpuPowerCalculator      system_server                        W  UID 10137 CPU freq # mismatch: Power Profile # 2 actual # 8
2023-10-25 10:54:30.311   530-574   CpuPowerCalculator      system_server                        W  UID 10137 CPU freq # mismatch: Power Profile # 2 actual # 8
2023-10-25 10:54:30.311   530-574   CpuPowerCalculator      system_server                        W  UID 10134 CPU cluster # mismatch: Power Profile # 2 actual # 4
2023-10-25 10:54:30.311   530-574   CpuPowerCalculator      system_server                        W  UID 10134 CPU freq # mismatch: Power Profile # 2 actual # 8
2023-10-25 10:54:30.311   530-574   CpuPowerCalculator      system_server                        W  UID 10134 CPU freq # mismatch: Power Profile # 2 actual # 8
2023-10-25 10:54:30.311   530-574   CpuPowerCalculator      system_server                        W  UID 10134 CPU freq # mismatch: Power Profile # 2 actual # 8
2023-10-25 10:54:30.311   530-574   CpuPowerCalculator      system_server                        W  UID 10134 CPU freq # mismatch: Power Profile # 2 actual # 8
2023-10-25 10:54:30.312   530-574   CpuPowerCalculator      system_server                        W  UID 10130 CPU cluster # mismatch: Power Profile # 2 actual # 4
2023-10-25 10:54:30.312   530-574   CpuPowerCalculator      system_server                        W  UID 10130 CPU freq # mismatch: Power Profile # 2 actual # 8
2023-10-25 10:54:30.312   530-574   CpuPowerCalculator      system_server                        W  UID 10130 CPU freq # mismatch: Power Profile # 2 actual # 8
2023-10-25 10:54:30.312   530-574   CpuPowerCalculator      system_server                        W  UID 10130 CPU freq # mismatch: Power Profile # 2 actual # 8
2023-10-25 10:54:30.312   530-574   CpuPowerCalculator      system_server                        W  UID 10130 CPU freq # mismatch: Power Profile # 2 actual # 8
2023-10-25 10:54:30.312   530-574   CpuPowerCalculator      system_server                        W  UID 10128 CPU cluster # mismatch: Power Profile # 2 actual # 4
2023-10-25 10:54:30.312   530-574   CpuPowerCalculator      system_server                        W  UID 10128 CPU freq # mismatch: Power Profile # 2 actual # 8
2023-10-25 10:54:30.312   530-574   CpuPowerCalculator      system_server                        W  UID 10128 CPU freq # mismatch: Power Profile # 2 actual # 8
2023-10-25 10:54:30.312   530-574   CpuPowerCalculator      system_server                        W  UID 10128 CPU freq # mismatch: Power Profile # 2 actual # 8
2023-10-25 10:54:30.312   530-574   CpuPowerCalculator      system_server                        W  UID 10127 CPU cluster # mismatch: Power Profile # 2 actual # 4
2023-10-25 10:54:30.312   530-574   CpuPowerCalculator      system_server                        W  UID 10127 CPU freq # mismatch: Power Profile # 2 actual # 8
2023-10-25 10:54:30.312   530-574   CpuPowerCalculator      system_server                        W  UID 10127 CPU freq # mismatch: Power Profile # 2 actual # 8
2023-10-25 10:54:30.312   530-574   CpuPowerCalculator      system_server                        W  UID 10127 CPU freq # mismatch: Power Profile # 2 actual # 8
2023-10-25 10:54:30.312   530-574   CpuPowerCalculator      system_server                        W  UID 10127 CPU freq # mismatch: Power Profile # 2 actual # 8
2023-10-25 10:54:30.312   530-574   CpuPowerCalculator      system_server                        W  UID 10126 CPU cluster # mismatch: Power Profile # 2 actual # 4
2023-10-25 10:54:30.312   530-574   CpuPowerCalculator      system_server                        W  UID 10126 CPU freq # mismatch: Power Profile # 2 actual # 8
2023-10-25 10:54:30.312   530-574   CpuPowerCalculator      system_server                        W  UID 10126 CPU freq # mismatch: Power Profile # 2 actual # 8
