2023-10-25 11:12:43.514   530-2049  Compatibil...geReporter system_server                        D  Compat change id reported: 194833441; UID 10182; state: ENABLED
2023-10-25 11:12:43.514   530-2049  ActivityTaskManager     system_server                        I  START u0 {cmp=com.cs639.myapp/.RandomNumberActivity (has extras)} with LAUNCH_MULTIPLE from uid 10182 (BAL_ALLOW_VISIBLE_WINDOW) result code=0
2023-10-25 11:12:43.514   882-924   WindowManagerShell      com.android.systemui                 V  Transition requested: android.os.BinderProxy@fc0f482 TransitionRequestInfo { type = OPEN, triggerTask = TaskInfo{userId=0 taskId=64 displayId=0 isRunning=true baseIntent=Intent { act=android.intent.action.MAIN cat=[android.intent.category.LAUNCHER] flg=0x10000000 cmp=com.cs639.myapp/.MainActivity } baseActivity=ComponentInfo{com.cs639.myapp/com.cs639.myapp.MainActivity} topActivity=ComponentInfo{com.cs639.myapp/com.cs639.myapp.RandomNumberActivity} origActivity=null realActivity=ComponentInfo{com.cs639.myapp/com.cs639.myapp.MainActivity} numActivities=2 lastActiveTime=136159342 supportsMultiWindow=true resizeMode=1 isResizeable=true minWidth=-1 minHeight=-1 defaultMinSize=220 token=WCT{android.window.IWindowContainerToken$Stub$Proxy@e33e793} topActivityType=1 pictureInPictureParams=null shouldDockBigOverlays=false launchIntoPipHostTaskId=-1 lastParentTaskIdBeforePip=-1 displayCutoutSafeInsets=null topActivityInfo=ActivityInfo{b5a93d0 com.cs639.myapp.RandomNumberActivity} launchCookies=[] positionInParent=Point(0, 0) parentTaskId=-1 isFocused=true isVisible=true isVisibleRequested=true isSleeping=false topActivityInSizeCompat=false topActivityEligibleForLetterboxEducation= false topActivityLetterboxed= false isFromDoubleTap= false topActivityLetterboxVerticalPosition= -1 topActivityLetterboxHorizontalPosition= -1 topActivityLetterboxWidth=-1 topActivityLetterboxHeight=-1 locusId=null displayAreaFeatureId=1 cameraCompatControlState=hidden}, remoteTransition = null, displayChange = null }
2023-10-25 11:12:43.515  1001-1189  Finsky                  com.android.vending                  W  [77] mcc.a(241): Failed to read APN: java.lang.SecurityException: No permission to access APN settings
2023-10-25 11:12:43.532  1001-1177  Finsky                  com.android.vending                  I  [69] wnc.h(14): Triggered update for experiment package com.google.android.finsky.stable.
2023-10-25 11:12:43.539   420-420   BpBinder                surfaceflinger                       I  onLastStrongRef automatically unlinking death recipients: 
2023-10-25 11:12:43.586  1001-1362  PhClient                com.android.vending                  I  Unable to retrieve flag snapshot for com.google.android.gms.phenotype, using defaults.
2023-10-25 11:12:43.667  1001-1239  Finsky                  com.android.vending                  I  [108] oxn.run(202): Wrote row to frosting DB: 429
2023-10-25 11:12:43.668  1001-1193  Finsky                  com.android.vending                  I  [82] kar.run(784): Component class com.google.android.finsky.wearsupport.WearSupportService disabled via PackageManager.
2023-10-25 11:12:43.668  1001-1193  Finsky                  com.android.vending                  I  [82] kar.run(784): Component class com.google.android.finsky.wearsupport.WearChangeListenerService disabled via PackageManager.
2023-10-25 11:12:43.687  1001-1196  RegisterSyncOperation   com.android.vending                  D  Register sync called by com.android.vending, but not syncing since nothing changed
2023-10-25 11:12:43.688   530-1850  Compatibil...geReporter system_server                        D  Compat change id reported: 168419799; UID 10182; state: DISABLED
2023-10-25 11:12:43.688   530-1850  Compatibil...geReporter system_server                        D  Compat change id reported: 273564678; UID 10182; state: DISABLED
2023-10-25 11:12:43.693  1001-1196  GetConfigurationSnapsho com.android.vending                  D  getFullConfigurationsOnly
2023-10-25 11:12:43.697   395-483   audioserver             audioserver                          D  FGS Logger Transaction failed
2023-10-25 11:12:43.697   395-483   audioserver             audioserver                          D  -129
2023-10-25 11:12:43.709   530-552   CoreBackPreview         system_server                        D  Window{a413e15 u0 com.cs639.myapp/com.cs639.myapp.RandomNumberActivity}: Setting back callback OnBackInvokedCallbackInfo{mCallback=android.window.IOnBackInvokedCallback$Stub$Proxy@b412f1b, mPriority=0, mIsAnimationCallback=false}
2023-10-25 11:12:43.740  1064-1176  OpenGLRenderer          com.cs639.myapp                      E  Unable to match the desired swap behavior.
2023-10-25 11:12:43.775   530-554   ActivityTaskManager     system_server                        I  Displayed com.cs639.myapp/.RandomNumberActivity for user 0: +280ms
2023-10-25 11:12:43.779   882-924   WindowManagerShell      com.android.systemui                 V  onTransitionReady android.os.BinderProxy@fc0f482: {id=138 t=OPEN f=0x0 trk=0 r=[0@Point(0, 0)] c=[{null m=OPEN f=FILLS_TASK leash=Surface(name=ActivityRecord{3639d88 u0 com.cs639.myapp/.RandomNumberActivity)/@0x17a7fc9 sb=Rect(0, 0 - 0, 0) eb=Rect(0, 0 - 1080, 1920) d=-1->0 r=-1->0:-1},{null m=TO_BACK f=FILLS_TASK leash=Surface(name=ActivityRecord{8179897 u0 com.cs639.myapp/.MainActivity)/@0x28dd6ce sb=Rect(0, 0 - 1080, 1920) eb=Rect(0, 0 - 1080, 1920) d=0}]}
2023-10-25 11:12:43.779   882-924   WindowManagerShell      com.android.systemui                 V  Playing animation for (#138)android.os.BinderProxy@fc0f482@0
2023-10-25 11:12:43.779   882-924   WindowManagerShell      com.android.systemui                 V   try handler com.android.wm.shell.transition.DefaultMixedHandler@9720ca8
2023-10-25 11:12:43.779   530-554   WindowManager           system_server                        V  Sent Transition #138 createdAt=10-25 11:12:43.503 via request=TransitionRequestInfo { type = OPEN, triggerTask = TaskInfo{userId=0 taskId=64 displayId=0 isRunning=true baseIntent=Intent { act=android.intent.action.MAIN cat=[android.intent.category.LAUNCHER] flg=0x10000000 cmp=com.cs639.myapp/.MainActivity } baseActivity=ComponentInfo{com.cs639.myapp/com.cs639.myapp.MainActivity} topActivity=ComponentInfo{com.cs639.myapp/com.cs639.myapp.RandomNumberActivity} origActivity=null realActivity=ComponentInfo{com.cs639.myapp/com.cs639.myapp.MainActivity} numActivities=2 lastActiveTime=136159342 supportsMultiWindow=true resizeMode=1 isResizeable=true minWidth=-1 minHeight=-1 defaultMinSize=220 token=WCT{RemoteToken{6ff8b3c Task{cb1d869 #64 type=standard A=10182:com.cs639.myapp}}} topActivityType=1 pictureInPictureParams=null shouldDockBigOverlays=false launchIntoPipHostTaskId=-1 lastParentTaskIdBeforePip=-1 displayCutoutSafeInsets=null topActivityInfo=ActivityInfo{7dc6693 com.cs639.myapp.RandomNumberActivity} launchCookies=[] positionInParent=Point(0, 0) parentTaskId=-1 isFocused=true isVisible=true isVisibleRequested=true isSleeping=false topActivityInSizeCompat=false topActivityEligibleForLetterboxEducation= false topActivityLetterboxed= false isFromDoubleTap= false topActivityLetterboxVerticalPosition= -1 topActivityLetterboxHorizontalPosition= -1 topActivityLetterboxWidth=-1 topActivityLetterboxHeight=-1 locusId=null displayAreaFeatureId=1 cameraCompatControlState=hidden}, remoteTransition = null, displayChange = null }
2023-10-25 11:12:43.779   882-924   WindowManagerShell      com.android.systemui                 V   try handler com.android.wm.shell.keyguard.KeyguardTransitionHandler@75ac3c1
2023-10-25 11:12:43.779   882-924   WindowManagerShell      com.android.systemui                 V   try handler com.android.wm.shell.activityembedding.ActivityEmbeddingController@1905766
2023-10-25 11:12:43.779   882-924   WindowManagerShell      com.android.systemui                 V   try handler com.android.wm.shell.recents.RecentsTransitionHandler@3fa7aa7
2023-10-25 11:12:43.779   882-924   ShellRecents            com.android.systemui                 V  RecentsTransitionHandler.startAnimation: no controller found
2023-10-25 11:12:43.779   882-924   WindowManagerShell      com.android.systemui                 V   try handler com.android.wm.shell.pip.PipTransition@72f4b54
2023-10-25 11:12:43.780   882-924   WindowManagerShell      com.android.systemui                 V   try handler com.android.wm.shell.splitscreen.StageCoordinator@f0edafd
2023-10-25 11:12:43.780   882-924   WindowManagerShell      com.android.systemui                 V   try handler com.android.wm.shell.transition.RemoteTransitionHandler@cba83f2
2023-10-25 11:12:43.780   882-924   WindowManagerShell      com.android.systemui                 V  Transition doesn't have explicit remote, search filters for match for {id=138 t=OPEN f=0x0 trk=0 r=[0@Point(0, 0)] c=[{null m=OPEN f=FILLS_TASK leash=Surface(name=ActivityRecord{3639d88 u0 com.cs639.myapp/.RandomNumberActivity)/@0x17a7fc9 sb=Rect(0, 0 - 0, 0) eb=Rect(0, 0 - 1080, 1920) d=-1->0 r=-1->0:-1},{null m=TO_BACK f=FILLS_TASK leash=Surface(name=ActivityRecord{8179897 u0 com.cs639.myapp/.MainActivity)/@0x28dd6ce sb=Rect(0, 0 - 1080, 1920) eb=Rect(0, 0 - 1080, 1920) d=0}]}
2023-10-25 11:12:43.780   882-924   WindowManagerShell      com.android.systemui                 V   Checking filter Pair{{types=[] flags=0x0] notFlags=0x0 checks=[{atype=dream independent=true modes=[OPEN,TO_FRONT] flags=NONE mustBeTask=false order=ANY topActivity=null},{atype=home independent=true modes=[CLOSE,TO_BACK] flags=NONE mustBeTask=false order=ANY topActivity=null}]} RemoteTransition { remoteTransition = android.window.IRemoteTransition$Stub$Proxy@d6dc273, appThread = android.app.IApplicationThread$Stub$Proxy@ed0530, debugName = LauncherToDream }}
2023-10-25 11:12:43.779   530-554   WindowManager           system_server                        V      startWCT=WindowContainerTransaction { changes = {} hops = [] errorCallbackToken=null taskFragmentOrganizer=null }
2023-10-25 11:12:43.780   882-924   WindowManagerShell      com.android.systemui                 V   Checking filter Pair{{types=[] flags=0x0] notFlags=0x100 checks=[{atype=home independent=true modes=[OPEN,TO_FRONT] flags=NONE mustBeTask=false order=TOP topActivity=ComponentInfo{com.google.android.apps.nexuslauncher/com.google.android.apps.nexuslauncher.NexusLauncherActivity}},{atype=standard independent=true modes=[CLOSE,TO_BACK] flags=NONE mustBeTask=false order=ANY topActivity=null}]} RemoteTransition { remoteTransition = android.window.IRemoteTransition$Stub$Proxy@fa005a9, appThread = android.app.IApplicationThread$Stub$Proxy@292172e, debugName = QuickstepLaunchHome }}
2023-10-25 11:12:43.780   882-924   WindowManagerShell      com.android.systemui                 V   Delegate animation for #138 to null
2023-10-25 11:12:43.780   882-924   WindowManagerShell      com.android.systemui                 V   try handler com.android.wm.shell.transition.DefaultTransitionHandler@eca1a43
2023-10-25 11:12:43.780   882-924   WindowManagerShell      com.android.systemui                 V  start default transition animation, info = {id=138 t=OPEN f=0x0 trk=0 r=[0@Point(0, 0)] c=[{null m=OPEN f=FILLS_TASK leash=Surface(name=ActivityRecord{3639d88 u0 com.cs639.myapp/.RandomNumberActivity)/@0x17a7fc9 sb=Rect(0, 0 - 0, 0) eb=Rect(0, 0 - 1080, 1920) d=-1->0 r=-1->0:-1},{null m=TO_BACK f=FILLS_TASK leash=Surface(name=ActivityRecord{8179897 u0 com.cs639.myapp/.MainActivity)/@0x28dd6ce sb=Rect(0, 0 - 1080, 1920) eb=Rect(0, 0 - 1080, 1920) d=0}]}
2023-10-25 11:12:43.780   530-554   WindowManager           system_server                        V      info={id=138 t=OPEN f=0x0 trk=0 r=[0@Point(0, 0)] c=[{null m=OPEN f=FILLS_TASK leash=Surface(name=ActivityRecord{3639d88 u0 com.cs639.myapp/.RandomNumberActivity)/@0x7bc1acd sb=Rect(0, 0 - 0, 0) eb=Rect(0, 0 - 1080, 1920) d=-1->0 r=-1->0:-1},{null m=TO_BACK f=FILLS_TASK leash=Surface(name=ActivityRecord{8179897 u0 com.cs639.myapp/.MainActivity)/@0xa6d6864 sb=Rect(0, 0 - 1080, 1920) eb=Rect(0, 0 - 1080, 1920) d=0}]}
2023-10-25 11:12:43.796   882-924   WindowManagerShell      com.android.systemui                 V  loadAnimation: anim=android.view.animation.AnimationSet@f6eb60b animAttr=0x5 type=OPEN isEntrance=false
2023-10-25 11:12:43.806  1001-1196  CommitToConfigurationOp com.android.vending                  D  real commit done, callingPackage: com.android.vending snapshot:  com.google.android.finsky.stable 83791820 14 1278132085 com.google.android.finsky.stable 1278132085 0
2023-10-25 11:12:43.807  1001-1196  ExperimentTokensCache   com.android.vending                  D  Clearing ExperimentTokensCache
2023-10-25 11:12:43.815  1001-1177  Finsky                  com.android.vending                  I  [69] ahzv.bM(80): Writing flags config, size 1.
2023-10-25 11:12:43.815  1001-1177  Finsky                  com.android.vending                  I  [69] ahzv.bM(93): Started writing experiment flags into file [8uKij9Tp4PZyjSvh8NyLyFvuCv94NONrKvkkdzEKIoQ].
2023-10-25 11:12:43.818  1001-1177  Finsky                  com.android.vending                  I  [69] ahzv.bM(422): Finished writing experiment flags into file [8uKij9Tp4PZyjSvh8NyLyFvuCv94NONrKvkkdzEKIoQ], numFlags=1342.
2023-10-25 11:12:43.826  1001-1177  Finsky                  com.android.vending                  I  [69] wnc.g(228): Successfully applied new configurations for package com.google.android.finsky.stable.
2023-10-25 11:12:43.827  1001-1177  Finsky                  com.android.vending                  I  [69] wnc.g(299): [EExp] Exporting experiments for package com.google.android.finsky.stable.
2023-10-25 11:12:43.827  1001-1177  Finsky                  com.android.vending                  I  [69] yuz.r(27): [EExp] Exporting experiments for namespace com.google.android.finsky.stable.
2023-10-25 11:12:43.837   882-924   WindowManagerShell      com.android.systemui                 V  loadAnimation: anim=android.view.animation.AnimationSet@750a7e7 animAttr=0x4 type=OPEN isEntrance=true
2023-10-25 11:12:43.876   882-924   WindowManagerShell      com.android.systemui                 V   animated by com.android.wm.shell.transition.DefaultTransitionHandler@eca1a43
2023-10-25 11:12:43.963  1001-1177  Finsky                  com.android.vending                  I  [69] wnc.g(353): [EExp] Successfully exported experiments for package com.google.android.finsky.stable.
2023-10-25 11:12:43.963  1001-1175  Finsky                  com.android.vending                  I  [68] wnc.h(14): Triggered update for experiment package com.google.android.finsky.regular.
2023-10-25 11:12:43.970  1001-1177  RegisterSyncOperation   com.android.vending                  D  Register sync called by com.android.vending, but not syncing since nothing changed
2023-10-25 11:12:43.971  1001-1177  GetConfigurationSnapsho com.android.vending                  D  getFullConfigurationsOnly
2023-10-25 11:12:43.976   530-1850  ImeTracker              system_server                        I  com.cs639.myapp:7bff4849: onRequestHide at ORIGIN_SERVER_HIDE_INPUT reason HIDE_UNSPECIFIED_WINDOW
2023-10-25 11:12:43.976   530-1850  ImeTracker              system_server                        I  com.cs639.myapp:7bff4849: onCancelled at PHASE_SERVER_SHOULD_HIDE
2023-10-25 11:12:43.978  7211-7211  GoogleInpu...hodService com...gle.android.inputmethod.latin  I  GoogleInputMethodService.onFinishInput():3227 
2023-10-25 11:12:43.981  7211-7211  GoogleInpu...hodService com...gle.android.inputmethod.latin  I  GoogleInputMethodService.updateDeviceLockedStatus():2087 repeatCheckTimes = 0, unlocked = true
2023-10-25 11:12:43.981  7211-7211  GoogleInpu...hodService com...gle.android.inputmethod.latin  I  GoogleInputMethodService.onStartInput():1877 onStartInput(EditorInfo{inputType=0x0(NULL) imeOptions=0x0 privateImeOptions=null actionName=UNSPECIFIED actionLabel=null actionId=0 initialSelStart=-1 initialSelEnd=-1 initialCapsMode=0x0 hintText=null label=null packageName=com.cs639.myapp fieldId=0 fieldName=null extras=null}, false)
2023-10-25 11:12:43.981  7211-7211  GoogleInpu...hodService com...gle.android.inputmethod.latin  I  GoogleInputMethodService.shouldHideHeaderOnInitialState():4008 ShouldHideHeaderOnInitialState = false
2023-10-25 11:12:43.982  7211-7211  GoogleInpu...hodService com...gle.android.inputmethod.latin  I  GoogleInputMethodService.updateDeviceLockedStatus():2087 repeatCheckTimes = 2, unlocked = true
2023-10-25 11:12:44.029  1001-1267  IPCThreadState          com.android.vending                  I  oneway function results for code 2 on binder at 0x76fee8082de0 will be dropped but finished with status UNKNOWN_TRANSACTION
2023-10-25 11:12:44.030 29929-29929 Finsky:background       com.android.vending                  I  [2] rxv.onDestroy(9): IPC-SERVER: Stopping gRPC host service...
2023-10-25 11:12:44.034 29929-29929 Finsky:background       com.android.vending                  I  [2] ttw.onTrimMemory(13): Memory trim requested to level 40
2023-10-25 11:12:44.131  1001-1177  CommitToConfigurationOp com.android.vending                  D  real commit done, callingPackage: com.android.vending snapshot:  com.google.android.finsky.regular 83791820 13 -561647461 com.google.android.finsky.regular -561647461 0
2023-10-25 11:12:44.131  1001-1177  ExperimentTokensCache   com.android.vending                  D  Clearing ExperimentTokensCache
2023-10-25 11:12:44.134  1001-1175  Finsky                  com.android.vending                  I  [68] wnj.c(12): Regular flags synced
2023-10-25 11:12:44.134  1001-1175  Finsky                  com.android.vending                  I  [68] ahzv.bM(80): Writing flags config, size 1.
2023-10-25 11:12:44.134  1001-1175  Finsky                  com.android.vending                  I  [68] ahzv.bM(93): Started writing experiment flags into file [4dEVOh7DlClE42ly_19Hs7FqnnFOj9O0dm-zzWqGxeo].
2023-10-25 11:12:44.137  1001-1175  Finsky                  com.android.vending                  I  [68] ahzv.bM(422): Finished writing experiment flags into file [4dEVOh7DlClE42ly_19Hs7FqnnFOj9O0dm-zzWqGxeo], numFlags=1783.
2023-10-25 11:12:44.141  1001-1175  Finsky                  com.android.vending                  I  [68] wnc.g(228): Successfully applied new configurations for package com.google.android.finsky.regular.
2023-10-25 11:12:44.141  1001-1175  Finsky                  com.android.vending                  I  [68] wnc.g(299): [EExp] Exporting experiments for package com.google.android.finsky.regular.
2023-10-25 11:12:44.141  1001-1175  Finsky                  com.android.vending                  I  [68] yuz.r(27): [EExp] Exporting experiments for namespace com.google.android.finsky.regular.
2023-10-25 11:12:44.152  1001-1175  Finsky                  com.android.vending                  I  [68] wnc.g(353): [EExp] Successfully exported experiments for package com.google.android.finsky.regular.
2023-10-25 11:12:44.188   530-625   ActivityManager         system_server                        D  freezing 1001 com.android.vending
2023-10-25 11:12:44.191   530-625   ActivityManager         system_server                        D  freezing 31889 com.google.process.gservices
2023-10-25 11:12:44.192   530-625   ActivityManager         system_server                        D  freezing 1271 com.google.process.gapps
2023-10-25 11:12:44.343   882-924   WindowManagerShell      com.android.systemui                 V  Transition animation finished (aborted=false), notifying core (#138)android.os.BinderProxy@fc0f482@0
2023-10-25 11:12:44.347   530-554   WindowManager           system_server                        V  Finish Transition #138: created at 10-25 11:12:43.503 collect-started=0.083ms request-sent=9.34ms started=11.421ms ready=28.503ms sent=269.751ms finished=842.115ms
2023-10-25 11:12:44.354   882-924   WindowManagerShell      com.android.systemui                 V  Track 0 became idle
2023-10-25 11:12:44.354   882-924   WindowManagerShell      com.android.systemui                 V  All active transition animations finished
2023-10-25 11:12:46.518   530-4173  TaskPersister           system_server                        E  File error accessing recents directory (directory doesn't exist?).
2023-10-25 11:12:46.588   357-9071  android.ha...mpl.ranchu android.hardware.audio.service       D  threadLoop: entering standby, frames: 15804096
2023-10-25 11:12:47.512   882-882   StatusBarIconController com.android.systemui                 D  ignoring old pipeline callbacks, because the new mobile icons are enabled
2023-10-25 11:12:47.535  1099-1112  m.android.phone         com.android.phone                    W  Reducing the number of considered missed Gc histogram windows from 134 to 100
2023-10-25 11:12:47.545   530-2049  Compatibil...geReporter system_server                        D  Compat change id reported: 261072174; UID 10123; state: ENABLED
2023-10-25 11:12:47.807   530-2049  Compatibil...geReporter system_server                        D  Compat change id reported: 261072174; UID 1000; state: ENABLED
2023-10-25 11:12:48.004  1064-1176  EGL_emulation           com.cs639.myapp                      D  app_time_stats: avg=384.67ms min=9.88ms max=3906.03ms count=11
2023-10-25 11:12:48.195   395-432   audioserver             audioserver                          D  FGS Logger Transaction failed
2023-10-25 11:12:48.196   395-432   audioserver             audioserver                          D  -129
2023-10-25 11:12:48.209   530-1850  Transition              system_server                        E  Trying to add a ready-group twice: Display{#0 state=ON size=1080x1920 ROTATION_0}
2023-10-25 11:12:48.210   882-924   WindowManagerShell      com.android.systemui                 V  Transition requested: android.os.BinderProxy@629100 TransitionRequestInfo { type = OPEN, triggerTask = TaskInfo{userId=0 taskId=64 displayId=0 isRunning=true baseIntent=Intent { act=android.intent.action.MAIN cat=[android.intent.category.LAUNCHER] flg=0x10000000 cmp=com.cs639.myapp/.MainActivity } baseActivity=ComponentInfo{com.cs639.myapp/com.cs639.myapp.MainActivity} topActivity=ComponentInfo{com.cs639.myapp/com.cs639.myapp.MainActivity} origActivity=null realActivity=ComponentInfo{com.cs639.myapp/com.cs639.myapp.MainActivity} numActivities=3 lastActiveTime=136164039 supportsMultiWindow=true resizeMode=1 isResizeable=true minWidth=-1 minHeight=-1 defaultMinSize=220 token=WCT{android.window.IWindowContainerToken$Stub$Proxy@825ed39} topActivityType=1 pictureInPictureParams=null shouldDockBigOverlays=false launchIntoPipHostTaskId=-1 lastParentTaskIdBeforePip=-1 displayCutoutSafeInsets=null topActivityInfo=ActivityInfo{9838f7e com.cs639.myapp.MainActivity} launchCookies=[] positionInParent=Point(0, 0) parentTaskId=-1 isFocused=true isVisible=true isVisibleRequested=true isSleeping=false topActivityInSizeCompat=false topActivityEligibleForLetterboxEducation= false topActivityLetterboxed= false isFromDoubleTap= false topActivityLetterboxVerticalPosition= -1 topActivityLetterboxHorizontalPosition= -1 topActivityLetterboxWidth=-1 topActivityLetterboxHeight=-1 locusId=null displayAreaFeatureId=1 cameraCompatControlState=hidden}, remoteTransition = null, displayChange = null }
2023-10-25 11:12:48.209   530-1850  ActivityTaskManager     system_server                        I  START u0 {cmp=com.cs639.myapp/.MainActivity} with LAUNCH_MULTIPLE from uid 10182 (BAL_ALLOW_VISIBLE_WINDOW) result code=0
2023-10-25 11:12:48.256   420-420   BpBinder                surfaceflinger                       I  onLastStrongRef automatically unlinking death recipients: 
2023-10-25 11:12:48.314   395-483   audioserver             audioserver                          D  FGS Logger Transaction failed
2023-10-25 11:12:48.314   395-483   audioserver             audioserver                          D  -129
2023-10-25 11:12:48.395   530-1610  CoreBackPreview         system_server                        D  Window{8af5d32 u0 com.cs639.myapp/com.cs639.myapp.MainActivity}: Setting back callback OnBackInvokedCallbackInfo{mCallback=android.window.IOnBackInvokedCallback$Stub$Proxy@f7d6400, mPriority=0, mIsAnimationCallback=false}
2023-10-25 11:12:48.453  1064-1176  OpenGLRenderer          com.cs639.myapp                      E  Unable to match the desired swap behavior.
2023-10-25 11:12:48.519   530-554   ActivityTaskManager     system_server                        I  Displayed com.cs639.myapp/.MainActivity for user 0: +320ms
2023-10-25 11:12:48.520   530-554   WindowManager           system_server                        V  Sent Transition #139 createdAt=10-25 11:12:48.197 via request=TransitionRequestInfo { type = OPEN, triggerTask = TaskInfo{userId=0 taskId=64 displayId=0 isRunning=true baseIntent=Intent { act=android.intent.action.MAIN cat=[android.intent.category.LAUNCHER] flg=0x10000000 cmp=com.cs639.myapp/.MainActivity } baseActivity=ComponentInfo{com.cs639.myapp/com.cs639.myapp.MainActivity} topActivity=ComponentInfo{com.cs639.myapp/com.cs639.myapp.MainActivity} origActivity=null realActivity=ComponentInfo{com.cs639.myapp/com.cs639.myapp.MainActivity} numActivities=3 lastActiveTime=136164039 supportsMultiWindow=true resizeMode=1 isResizeable=true minWidth=-1 minHeight=-1 defaultMinSize=220 token=WCT{RemoteToken{6ff8b3c Task{cb1d869 #64 type=standard A=10182:com.cs639.myapp}}} topActivityType=1 pictureInPictureParams=null shouldDockBigOverlays=false launchIntoPipHostTaskId=-1 lastParentTaskIdBeforePip=-1 displayCutoutSafeInsets=null topActivityInfo=ActivityInfo{78c56fb com.cs639.myapp.MainActivity} launchCookies=[] positionInParent=Point(0, 0) parentTaskId=-1 isFocused=true isVisible=true isVisibleRequested=true isSleeping=false topActivityInSizeCompat=false topActivityEligibleForLetterboxEducation= false topActivityLetterboxed= false isFromDoubleTap= false topActivityLetterboxVerticalPosition= -1 topActivityLetterboxHorizontalPosition= -1 topActivityLetterboxWidth=-1 topActivityLetterboxHeight=-1 locusId=null displayAreaFeatureId=1 cameraCompatControlState=hidden}, remoteTransition = null, displayChange = null }
2023-10-25 11:12:48.520   530-554   WindowManager           system_server                        V      startWCT=WindowContainerTransaction { changes = {} hops = [] errorCallbackToken=null taskFragmentOrganizer=null }
2023-10-25 11:12:48.520   530-554   WindowManager           system_server                        V      info={id=139 t=OPEN f=0x0 trk=0 r=[0@Point(0, 0)] c=[{null m=OPEN f=FILLS_TASK leash=Surface(name=ActivityRecord{560f6e7 u0 com.cs639.myapp/.MainActivity)/@0x6ab6af5 sb=Rect(0, 0 - 0, 0) eb=Rect(0, 0 - 1080, 1920) d=-1->0 r=-1->0:-1},{null m=TO_BACK f=FILLS_TASK leash=Surface(name=ActivityRecord{3639d88 u0 com.cs639.myapp/.RandomNumberActivity)/@0x7bc1acd sb=Rect(0, 0 - 1080, 1920) eb=Rect(0, 0 - 1080, 1920) d=0}]}
2023-10-25 11:12:48.521   882-924   WindowManagerShell      com.android.systemui                 V  onTransitionReady android.os.BinderProxy@629100: {id=139 t=OPEN f=0x0 trk=0 r=[0@Point(0, 0)] c=[{null m=OPEN f=FILLS_TASK leash=Surface(name=ActivityRecord{560f6e7 u0 com.cs639.myapp/.MainActivity)/@0xc30acdf sb=Rect(0, 0 - 0, 0) eb=Rect(0, 0 - 1080, 1920) d=-1->0 r=-1->0:-1},{null m=TO_BACK f=FILLS_TASK leash=Surface(name=ActivityRecord{3639d88 u0 com.cs639.myapp/.RandomNumberActivity)/@0x8dfbd2c sb=Rect(0, 0 - 1080, 1920) eb=Rect(0, 0 - 1080, 1920) d=0}]}
2023-10-25 11:12:48.521   882-924   WindowManagerShell      com.android.systemui                 V  Playing animation for (#139)android.os.BinderProxy@629100@0
2023-10-25 11:12:48.521   882-924   WindowManagerShell      com.android.systemui                 V   try handler com.android.wm.shell.transition.DefaultMixedHandler@9720ca8
2023-10-25 11:12:48.521   882-924   WindowManagerShell      com.android.systemui                 V   try handler com.android.wm.shell.keyguard.KeyguardTransitionHandler@75ac3c1
2023-10-25 11:12:48.522   882-924   WindowManagerShell      com.android.systemui                 V   try handler com.android.wm.shell.activityembedding.ActivityEmbeddingController@1905766
2023-10-25 11:12:48.522   882-924   WindowManagerShell      com.android.systemui                 V   try handler com.android.wm.shell.recents.RecentsTransitionHandler@3fa7aa7
2023-10-25 11:12:48.522   882-924   ShellRecents            com.android.systemui                 V  RecentsTransitionHandler.startAnimation: no controller found
2023-10-25 11:12:48.522   882-924   WindowManagerShell      com.android.systemui                 V   try handler com.android.wm.shell.pip.PipTransition@72f4b54
2023-10-25 11:12:48.522   882-924   WindowManagerShell      com.android.systemui                 V   try handler com.android.wm.shell.splitscreen.StageCoordinator@f0edafd
2023-10-25 11:12:48.522   882-924   WindowManagerShell      com.android.systemui                 V   try handler com.android.wm.shell.transition.RemoteTransitionHandler@cba83f2
2023-10-25 11:12:48.522   882-924   WindowManagerShell      com.android.systemui                 V  Transition doesn't have explicit remote, search filters for match for {id=139 t=OPEN f=0x0 trk=0 r=[0@Point(0, 0)] c=[{null m=OPEN f=FILLS_TASK leash=Surface(name=ActivityRecord{560f6e7 u0 com.cs639.myapp/.MainActivity)/@0xc30acdf sb=Rect(0, 0 - 0, 0) eb=Rect(0, 0 - 1080, 1920) d=-1->0 r=-1->0:-1},{null m=TO_BACK f=FILLS_TASK leash=Surface(name=ActivityRecord{3639d88 u0 com.cs639.myapp/.RandomNumberActivity)/@0x8dfbd2c sb=Rect(0, 0 - 1080, 1920) eb=Rect(0, 0 - 1080, 1920) d=0}]}
2023-10-25 11:12:48.522   882-924   WindowManagerShell      com.android.systemui                 V   Checking filter Pair{{types=[] flags=0x0] notFlags=0x0 checks=[{atype=dream independent=true modes=[OPEN,TO_FRONT] flags=NONE mustBeTask=false order=ANY topActivity=null},{atype=home independent=true modes=[CLOSE,TO_BACK] flags=NONE mustBeTask=false order=ANY topActivity=null}]} RemoteTransition { remoteTransition = android.window.IRemoteTransition$Stub$Proxy@d6dc273, appThread = android.app.IApplicationThread$Stub$Proxy@ed0530, debugName = LauncherToDream }}
2023-10-25 11:12:48.522   882-924   WindowManagerShell      com.android.systemui                 V   Checking filter Pair{{types=[] flags=0x0] notFlags=0x100 checks=[{atype=home independent=true modes=[OPEN,TO_FRONT] flags=NONE mustBeTask=false order=TOP topActivity=ComponentInfo{com.google.android.apps.nexuslauncher/com.google.android.apps.nexuslauncher.NexusLauncherActivity}},{atype=standard independent=true modes=[CLOSE,TO_BACK] flags=NONE mustBeTask=false order=ANY topActivity=null}]} RemoteTransition { remoteTransition = android.window.IRemoteTransition$Stub$Proxy@fa005a9, appThread = android.app.IApplicationThread$Stub$Proxy@292172e, debugName = QuickstepLaunchHome }}
2023-10-25 11:12:48.522   882-924   WindowManagerShell      com.android.systemui                 V   Delegate animation for #139 to null
2023-10-25 11:12:48.522   882-924   WindowManagerShell      com.android.systemui                 V   try handler com.android.wm.shell.transition.DefaultTransitionHandler@eca1a43
2023-10-25 11:12:48.523   882-924   WindowManagerShell      com.android.systemui                 V  start default transition animation, info = {id=139 t=OPEN f=0x0 trk=0 r=[0@Point(0, 0)] c=[{null m=OPEN f=FILLS_TASK leash=Surface(name=ActivityRecord{560f6e7 u0 com.cs639.myapp/.MainActivity)/@0xc30acdf sb=Rect(0, 0 - 0, 0) eb=Rect(0, 0 - 1080, 1920) d=-1->0 r=-1->0:-1},{null m=TO_BACK f=FILLS_TASK leash=Surface(name=ActivityRecord{3639d88 u0 com.cs639.myapp/.RandomNumberActivity)/@0x8dfbd2c sb=Rect(0, 0 - 1080, 1920) eb=Rect(0, 0 - 1080, 1920) d=0}]}
2023-10-25 11:12:48.523   882-924   WindowManagerShell      com.android.systemui                 V  loadAnimation: anim=android.view.animation.AnimationSet@4db0a71 animAttr=0x5 type=OPEN isEntrance=false
2023-10-25 11:12:48.558   882-924   WindowManagerShell      com.android.systemui                 V  loadAnimation: anim=android.view.animation.AnimationSet@fc4dcad animAttr=0x4 type=OPEN isEntrance=true
2023-10-25 11:12:48.605   882-924   WindowManagerShell      com.android.systemui                 V   animated by com.android.wm.shell.transition.DefaultTransitionHandler@eca1a43
2023-10-25 11:12:48.703   530-1610  ImeTracker              system_server                        I  com.cs639.myapp:13db17e1: onRequestHide at ORIGIN_SERVER_HIDE_INPUT reason HIDE_UNSPECIFIED_WINDOW
2023-10-25 11:12:48.704   530-1610  ImeTracker              system_server                        I  com.cs639.myapp:13db17e1: onCancelled at PHASE_SERVER_SHOULD_HIDE
2023-10-25 11:12:48.706  7211-7211  GoogleInpu...hodService com...gle.android.inputmethod.latin  I  GoogleInputMethodService.onFinishInput():3227 
2023-10-25 11:12:48.708  7211-7211  GoogleInpu...hodService com...gle.android.inputmethod.latin  I  GoogleInputMethodService.updateDeviceLockedStatus():2087 repeatCheckTimes = 0, unlocked = true
2023-10-25 11:12:48.709  7211-7211  GoogleInpu...hodService com...gle.android.inputmethod.latin  I  GoogleInputMethodService.onStartInput():1877 onStartInput(EditorInfo{inputType=0x0(NULL) imeOptions=0x0 privateImeOptions=null actionName=UNSPECIFIED actionLabel=null actionId=0 initialSelStart=-1 initialSelEnd=-1 initialCapsMode=0x0 hintText=null label=null packageName=com.cs639.myapp fieldId=0 fieldName=null extras=null}, false)
2023-10-25 11:12:48.709  7211-7211  GoogleInpu...hodService com...gle.android.inputmethod.latin  I  GoogleInputMethodService.shouldHideHeaderOnInitialState():4008 ShouldHideHeaderOnInitialState = false
2023-10-25 11:12:48.711  7211-7211  GoogleInpu...hodService com...gle.android.inputmethod.latin  I  GoogleInputMethodService.updateDeviceLockedStatus():2087 repeatCheckTimes = 2, unlocked = true
2023-10-25 11:12:49.061   882-924   WindowManagerShell      com.android.systemui                 V  Transition animation finished (aborted=false), notifying core (#139)android.os.BinderProxy@629100@0
2023-10-25 11:12:49.065   530-554   WindowManager           system_server                        V  Finish Transition #139: created at 10-25 11:12:48.197 collect-started=0.068ms request-sent=11.603ms started=14.717ms ready=53.145ms sent=320.721ms finished=866.66ms
2023-10-25 11:12:49.073   882-924   WindowManagerShell      com.android.systemui                 V  Track 0 became idle
2023-10-25 11:12:49.073   882-924   WindowManagerShell      com.android.systemui                 V  All active transition animations finished
2023-10-25 11:12:50.368  1064-1176  EGL_emulation           com.cs639.myapp                      D  app_time_stats: avg=151.00ms min=3.19ms max=1540.12ms count=12
2023-10-25 11:12:50.541  1064-1064  MK                      com.cs639.myapp                      I  the count is:1
2023-10-25 11:12:50.547   395-432   audioserver             audioserver                          D  FGS Logger Transaction failed
2023-10-25 11:12:50.547   395-432   audioserver             audioserver                          D  -129
2023-10-25 11:12:50.562   395-483   AudioFlinger            audioserver                          D  mixer(0x7449ed582930) throttle end: throttle time(22)
2023-10-25 11:12:50.713   395-483   audioserver             audioserver                          D  FGS Logger Transaction failed
2023-10-25 11:12:50.713   395-483   audioserver             audioserver                          D  -129
2023-10-25 11:12:50.897  1064-1064  MK                      com.cs639.myapp                      I  the count is:2
2023-10-25 11:12:50.899   395-432   audioserver             audioserver                          D  FGS Logger Transaction failed
2023-10-25 11:12:50.899   395-432   audioserver             audioserver                          D  -129
2023-10-25 11:12:51.064   395-483   audioserver             audioserver                          D  FGS Logger Transaction failed
2023-10-25 11:12:51.064   395-483   audioserver             audioserver                          D  -129
2023-10-25 11:12:51.080  1064-1064  MK                      com.cs639.myapp                      I  the count is:3
2023-10-25 11:12:51.086   395-432   audioserver             audioserver                          D  FGS Logger Transaction failed
2023-10-25 11:12:51.086   395-432   audioserver             audioserver                          D  -129
2023-10-25 11:12:51.220   530-4173  TaskPersister           system_server                        E  File error accessing recents directory (directory doesn't exist?).
2023-10-25 11:12:51.258  1064-1064  MK                      com.cs639.myapp                      I  the count is:4
2023-10-25 11:12:51.380  1064-1176  EGL_emulation           com.cs639.myapp                      D  app_time_stats: avg=16.41ms min=10.64ms max=32.40ms count=60
2023-10-25 11:12:51.437   395-483   audioserver             audioserver                          D  FGS Logger Transaction failed
2023-10-25 11:12:51.437   395-483   audioserver             audioserver                          D  -129
2023-10-25 11:12:51.640  1064-1064  MK                      com.cs639.myapp                      I  the count is:5
2023-10-25 11:12:51.642   395-432   audioserver             audioserver                          D  FGS Logger Transaction failed
2023-10-25 11:12:51.642   395-432   audioserver             audioserver                          D  -129
2023-10-25 11:12:51.819   395-483   audioserver             audioserver                          D  FGS Logger Transaction failed
2023-10-25 11:12:51.819   395-483   audioserver             audioserver                          D  -129
2023-10-25 11:12:51.834   530-625   ActivityManager         system_server                        D  freezing 18863 com.google.android.permissioncontroller
2023-10-25 11:12:51.997  1064-1064  MK                      com.cs639.myapp                      I  the count is:6
2023-10-25 11:12:52.016   395-432   audioserver             audioserver                          D  FGS Logger Transaction failed
2023-10-25 11:12:52.016   395-432   audioserver             audioserver                          D  -129
2023-10-25 11:12:52.187   395-483   audioserver             audioserver                          D  FGS Logger Transaction failed
2023-10-25 11:12:52.187   395-483   audioserver             audioserver                          D  -129
2023-10-25 11:12:52.367  1064-1064  MK                      com.cs639.myapp                      I  the count is:7
2023-10-25 11:12:52.369   395-432   audioserver             audioserver                          D  FGS Logger Transaction failed
2023-10-25 11:12:52.369   395-432   audioserver             audioserver                          D  -129
2023-10-25 11:12:52.396  1064-1176  EGL_emulation           com.cs639.myapp                      D  app_time_stats: avg=16.51ms min=8.68ms max=34.13ms count=59
2023-10-25 11:12:52.538   395-483   audioserver             audioserver                          D  FGS Logger Transaction failed
2023-10-25 11:12:52.538   395-483   audioserver             audioserver                          D  -129
2023-10-25 11:12:52.743  1064-1064  MK                      com.cs639.myapp                      I  the count is:8
2023-10-25 11:12:52.748   395-432   audioserver             audioserver                          D  FGS Logger Transaction failed
2023-10-25 11:12:52.748   395-432   audioserver             audioserver                          D  -129
2023-10-25 11:12:52.822   395-483   AudioFlinger            audioserver                          D  mixer(0x7449ed582930) throttle end: throttle time(11)
2023-10-25 11:12:52.911   395-483   audioserver             audioserver                          D  FGS Logger Transaction failed
2023-10-25 11:12:52.911   395-483   audioserver             audioserver                          D  -129
2023-10-25 11:12:52.919  1064-1064  MK                      com.cs639.myapp                      I  the count is:9
2023-10-25 11:12:52.922   395-432   audioserver             audioserver                          D  FGS Logger Transaction failed
2023-10-25 11:12:52.922   395-432   audioserver             audioserver                          D  -129
2023-10-25 11:12:53.088   395-483   audioserver             audioserver                          D  FGS Logger Transaction failed
2023-10-25 11:12:53.088   395-483   audioserver             audioserver                          D  -129
2023-10-25 11:12:53.305  1064-1064  MK                      com.cs639.myapp                      I  the count is:10
2023-10-25 11:12:53.308   395-432   audioserver             audioserver                          D  FGS Logger Transaction failed
2023-10-25 11:12:53.308   395-432   audioserver             audioserver                          D  -129
2023-10-25 11:12:53.403  1064-1176  EGL_emulation           com.cs639.myapp                      D  app_time_stats: avg=11.79ms min=3.65ms max=31.34ms count=55
2023-10-25 11:12:53.483   395-483   audioserver             audioserver                          D  FGS Logger Transaction failed
2023-10-25 11:12:53.483   395-483   audioserver             audioserver                          D  -129
2023-10-25 11:12:53.672  1064-1064  MK                      com.cs639.myapp                      I  the count is:11
2023-10-25 11:12:53.679   395-432   audioserver             audioserver                          D  FGS Logger Transaction failed
2023-10-25 11:12:53.679   395-432   audioserver             audioserver                          D  -129
2023-10-25 11:12:53.856   395-483   audioserver             audioserver                          D  FGS Logger Transaction failed
2023-10-25 11:12:53.856   395-483   audioserver             audioserver                          D  -129
2023-10-25 11:12:54.038   530-625   ActivityManager         system_server                        D  freezing 29929 com.android.vending:background
2023-10-25 11:12:54.073  1064-1064  MK                      com.cs639.myapp                      I  the count is:12
2023-10-25 11:12:54.076   395-432   audioserver             audioserver                          D  FGS Logger Transaction failed
2023-10-25 11:12:54.076   395-432   audioserver             audioserver                          D  -129
2023-10-25 11:12:54.253   395-483   audioserver             audioserver                          D  FGS Logger Transaction failed
2023-10-25 11:12:54.253   395-483   audioserver             audioserver                          D  -129
2023-10-25 11:12:54.418  1064-1176  EGL_emulation           com.cs639.myapp                      D  app_time_stats: avg=13.68ms min=3.26ms max=35.64ms count=60
2023-10-25 11:12:54.474  1064-1064  MK                      com.cs639.myapp                      I  the count is:13
2023-10-25 11:12:54.479   395-432   audioserver             audioserver                          D  FGS Logger Transaction failed
2023-10-25 11:12:54.479   395-432   audioserver             audioserver                          D  -129
2023-10-25 11:12:54.539   395-483   AudioFlinger            audioserver                          D  mixer(0x7449ed582930) throttle end: throttle time(3)
2023-10-25 11:12:54.651   395-483   audioserver             audioserver                          D  FGS Logger Transaction failed
2023-10-25 11:12:54.651   395-483   audioserver             audioserver                          D  -129
2023-10-25 11:12:54.823  1064-1064  MK                      com.cs639.myapp                      I  the count is:14
2023-10-25 11:12:54.825   395-432   audioserver             audioserver                          D  FGS Logger Transaction failed
2023-10-25 11:12:54.825   395-432   audioserver             audioserver                          D  -129
2023-10-25 11:12:55.002   395-483   audioserver             audioserver                          D  FGS Logger Transaction failed
2023-10-25 11:12:55.002   395-483   audioserver             audioserver                          D  -129
2023-10-25 11:12:55.049  1064-1064  MK                      com.cs639.myapp                      I  the count is:15
2023-10-25 11:12:55.051   395-432   audioserver             audioserver                          D  FGS Logger Transaction failed
2023-10-25 11:12:55.051   395-432   audioserver             audioserver                          D  -129
2023-10-25 11:12:55.223   395-483   audioserver             audioserver                          D  FGS Logger Transaction failed
2023-10-25 11:12:55.223   395-483   audioserver             audioserver                          D  -129
2023-10-25 11:12:55.430  1064-1176  EGL_emulation           com.cs639.myapp                      D  app_time_stats: avg=16.73ms min=4.77ms max=31.82ms count=57
2023-10-25 11:12:55.849  1064-1064  MK                      com.cs639.myapp                      I  the count is:16
2023-10-25 11:12:55.853   395-432   audioserver             audioserver                          D  FGS Logger Transaction failed
2023-10-25 11:12:55.853   395-432   audioserver             audioserver                          D  -129
2023-10-25 11:12:56.036   395-483   audioserver             audioserver                          D  FGS Logger Transaction failed
2023-10-25 11:12:56.036   395-483   audioserver             audioserver                          D  -129
2023-10-25 11:12:56.254  1064-1064  MK                      com.cs639.myapp                      I  the count is:17
2023-10-25 11:12:56.255   395-432   audioserver             audioserver                          D  FGS Logger Transaction failed
2023-10-25 11:12:56.256   395-432   audioserver             audioserver                          D  -129
2023-10-25 11:12:56.430   395-483   audioserver             audioserver                          D  FGS Logger Transaction failed
2023-10-25 11:12:56.430   395-483   audioserver             audioserver                          D  -129
2023-10-25 11:12:56.433  1064-1176  EGL_emulation           com.cs639.myapp                      D  app_time_stats: avg=12.83ms min=2.25ms max=30.20ms count=57
2023-10-25 11:12:57.508   882-882   StatusBarIconController com.android.systemui                 D  ignoring old pipeline callbacks, because the new mobile icons are enabled
2023-10-25 11:12:57.547  1064-1176  EGL_emulation           com.cs639.myapp                      D  app_time_stats: avg=37.82ms min=13.22ms max=650.07ms count=29
2023-10-25 11:12:57.749   395-432   audioserver             audioserver                          D  FGS Logger Transaction failed
2023-10-25 11:12:57.749   395-432   audioserver             audioserver                          D  -129
2023-10-25 11:12:57.779   530-2049  Transition              system_server                        E  Trying to add a ready-group twice: Display{#0 state=ON size=1080x1920 ROTATION_0}
2023-10-25 11:12:57.780   530-2049  ActivityTaskManager     system_server                        I  START u0 {cmp=com.cs639.myapp/.RandomNumberActivity (has extras)} with LAUNCH_MULTIPLE from uid 10182 (BAL_ALLOW_VISIBLE_WINDOW) result code=0
2023-10-25 11:12:57.780   882-924   WindowManagerShell      com.android.systemui                 V  Transition requested: android.os.BinderProxy@570d42e TransitionRequestInfo { type = OPEN, triggerTask = TaskInfo{userId=0 taskId=64 displayId=0 isRunning=true baseIntent=Intent { act=android.intent.action.MAIN cat=[android.intent.category.LAUNCHER] flg=0x10000000 cmp=com.cs639.myapp/.MainActivity } baseActivity=ComponentInfo{com.cs639.myapp/com.cs639.myapp.MainActivity} topActivity=ComponentInfo{com.cs639.myapp/com.cs639.myapp.RandomNumberActivity} origActivity=null realActivity=ComponentInfo{com.cs639.myapp/com.cs639.myapp.MainActivity} numActivities=4 lastActiveTime=136173608 supportsMultiWindow=true resizeMode=1 isResizeable=true minWidth=-1 minHeight=-1 defaultMinSize=220 token=WCT{android.window.IWindowContainerToken$Stub$Proxy@b448bcf} topActivityType=1 pictureInPictureParams=null shouldDockBigOverlays=false launchIntoPipHostTaskId=-1 lastParentTaskIdBeforePip=-1 displayCutoutSafeInsets=null topActivityInfo=ActivityInfo{fe2c95c com.cs639.myapp.RandomNumberActivity} launchCookies=[] positionInParent=Point(0, 0) parentTaskId=-1 isFocused=true isVisible=true isVisibleRequested=true isSleeping=false topActivityInSizeCompat=false topActivityEligibleForLetterboxEducation= false topActivityLetterboxed= false isFromDoubleTap= false topActivityLetterboxVerticalPosition= -1 topActivityLetterboxHorizontalPosition= -1 topActivityLetterboxWidth=-1 topActivityLetterboxHeight=-1 locusId=null displayAreaFeatureId=1 cameraCompatControlState=hidden}, remoteTransition = null, displayChange = null }
2023-10-25 11:12:57.789   420-420   BpBinder                surfaceflinger                       I  onLastStrongRef automatically unlinking death recipients: 
2023-10-25 11:12:57.792   530-557   ProcessStats            system_server                        W  Tracking association SourceState{61e8c5c com.google.android.gms.persistent/10123 BFgs #44746} whose proc state 4 is better than process ProcessState{c5da384 com.google.android.gms/10123 pkg=com.google.android.gms} proc state 8 (91 skipped)
2023-10-25 11:12:57.853   530-2049  CoreBackPreview         system_server                        D  Window{10b003a u0 com.cs639.myapp/com.cs639.myapp.RandomNumberActivity}: Setting back callback OnBackInvokedCallbackInfo{mCallback=android.window.IOnBackInvokedCallback$Stub$Proxy@8361248, mPriority=0, mIsAnimationCallback=false}
2023-10-25 11:12:57.868  1064-1176  OpenGLRenderer          com.cs639.myapp                      E  Unable to match the desired swap behavior.
2023-10-25 11:12:57.897   530-554   ActivityTaskManager     system_server                        I  Displayed com.cs639.myapp/.RandomNumberActivity for user 0: +144ms
