2023-10-25 10:41:28.287  9656-9656  SearchTargetUtil        com...le.android.apps.nexuslauncher  D  layoutType=extra_tall_icon_row resultType=131072 packageName=com.google.android.googlequicksearchbox extras=Bundle{bitmap_url=data:image/jpeg;base64,/9j/4AAQSkZJRgABAQAAAQABAAD/2wCEAAkGBwgHBgkIBwgKCgkLDRYPDQwMDRsUFRAWIB0iIiAdHx8kKDQsJCYxJx8fLT0tMTU3Ojo6Iys/RD84QzQ5OjcBCgoKDQwNGg8PGjclHyU3Nzc3Nzc3Nzc3Nzc3Nzc3Nzc3Nzc3Nzc3Nzc3Nzc3Nzc3Nzc3Nzc3Nzc3Nzc3Nzc3N//AABEIAHwAfAMBIgACEQEDEQH/xAAbAAABBQEBAAAAAAAAAAAAAAACAwQFBgcBAP/EADsQAAIBAwMACAQDBwIHAAAAAAECAwAEEQUSIQYiMUFRYXGBEzKRoQcUsSMzUmLB0fBCchY0NVOisuH/xAAZAQADAQEBAAAAAAAAAAAAAAAAAwQBAgX/xAAjEQADAAICAQMFAAAAAAAAAAAAAQIDERIhBDEyURMiQWFx/9oADAMBAAIRAxEAPwDI9tdAogKLZWgBtrxUUeK8FoAALXdtHt4roXNACW2vbalNE0mfWtWtdNtMCa4faGYcKACST6AE1oB6F9HLRTEkd9qNyhIY7ygyM54GOAR5+9Y2kapbMqIr22rnrOl6bbH/AKbJbqeATI2Rz61Vr60NpcGI5IxlSe8f5ke1CpMHOhkVoStLFaErWnIkRihIpQrQkUABiuYosV6gB8FosGiFEFoNE9td20qV4ocUACFru2j210CgDSvwM05JNT1PUpF5t4UhjJ8XJJ+yD61YukHTnS9KuJrXSLL89NuPxTEwSPd39bncfQe9e/CXT7H/AIaEsRcvdb1ul+IesVJA9ODj795pS56CQxaoktlCI7dmLSKzghfRdvA96Rb7KMcfJQ7/AKSWeq7ob21n05mbIaQCSP0yOftio7pdYFdOt7gKD8OTbvU5BVhn3GVP1qw6/a/Hv57CKNRbQscFVG5vLkU06SwQN0aswIxEsUDAKrYyVwASPUCtho3JBnhWgIpYrmuFacTCDCgK0uRQMKAESKHFKkUOKDCQRcmlgteiWlWGBQaIEV4LREE0arWgBjiue1KFa8FrANG/CDX4rOWfR5Y233EhmhYdnyYcH2VSPetE1vUpYljisl+LMyFwO4AePl/esd6DWywdI9JublgqvcFAM88o2PqSo961DVJJ9NhupH60ewlWK5BGflPhSsstNFGGk1v4M7v5ru31aVrwKBKeZIzwjf2qM6T6gr6fbWarl9p3OfAMT9z/AOtSGql9RIkSEwlzg70K4Ge0iqvq+Gvpgr70jkaFSeD1Dg8e2feiJMy5CNIoSM0vsrxTFNEDZhjupMinLJSbLQAgRQFaWIoCKAJKNsCus1COBXMZoRh0EUopoEQswAGSTgAd9TMWnrHZMZP37rlRj5DTIh2+jm7UoiztVcuQo+59qH46MCsaMuR+8fGR6Ds/WnwtVXrE7ie89tJSwPEdyqJE8B2inziSE1kbHCTGeMFGKOrdoPKMDwR74Naz0f6V2utaSq3EkaX0QAuU7s/xDyNY/GLeaIqMhW+YBiPriklRrGcTWUjQuvykHIx/CfL/ADwrjyMX1V+xvj5vpPv0ND6RW9yrPeXEmYc7UAGM8k/1+9ZfrKIn7aG5WQTuZWUKVMT5wVJPbxg8VcL7pT+Y6OPb3AxOowBns86zxrlzG0Q5DHJJqfBDnbof5VzWlP8AQlvJ42GHDr4N3VKW7iaLeBjxHhUPEhwTjtPFSNtIsDxs/wAgbrenf9qbwTJ+bQ4YcUi1PbmL4bbQcqeVPiKauvNKfTGp7ECKAjmlytAU5oAXFFSa1J2dqsca3N1tAIzEjNt3eZ8v19O3uJdPSOapStscaba/l0W5nGHb90p7v5j/AEpw8+Rmmct5E/LSs5AA4HhQrKZeVU7atlKVpErbp7YQYmdgTwOzmlxyMGmnxlWUqmGfHWIGcDzPdRi7TH7NJJP5kXIrAOS24LbgcN4jg0myP2MA3pSyu7csgUeZNCxrQIi+WWdxCOqg5bzPdSBtliHPNS5QFicDNNLpOM0tz+TdiVwLTfmzEoXJ4kxkc8famt0cKo8zRZw2KC6ljGELYOewilnZLWEwurf4LnrjBQ+eOz3xSbDBIPb51G2lwYGI2bvI1NYN5bPdLGQ0ZAlA5AB4BPqeK5udrZuOtPiNMUJXmlsUJFJHk/0E6Nt0i1cJMGFjBh7hxxkdyA+J/TNXnpz0TWZTqGjxL1FAltkXuAxlB6do+lS34dWlnbdDbJrTrNcAyzv3mQ8Ee2Me1F0j1ebTIGeCMvIDgCp35Fxk+0qnx4vH9xjryQxclFBqNur24vA0doQidhk/tUl0nvE1i+knSL8sX/eKgxlu8nzqPjRY0CIAFHYKvrNyXXRAsXGuxCw01lnLyMJEQcBuAT9DU5FdHGHB+tct1UWasO05z9aZzJIzdVuPKnwtStCab2PJLiMsRuHFNpLhP9JzTOWFtwDOSTSiRBMVpyLh+/8ApSF1KAhyOaVPA4NMbxsg1yzRn8YfFB7eacXWnC7tlmi4mxnGeGFMAuTVkiH7FMdm0fpU1vofjXZWoHZmERU/FBxjvrXOg+l2kWkyWdyFl/PgLcEHsHcB6dufGqzpum2tzbXN1cqd0RUIV4JJznJ9hVk6HgqUIJwDkeVTZ8j1pFnj4p3yZS762NpeXFqzbmglaMsBjJUkZ+1NjUnr8gl1vUJF7GuZD/5Go09tMXoIZon4Qaz1LnRpWweZoOfZh/X3NWvpPbCS2dtvIGcViOk6hNpeoW97bHEsD7h5+I9xkVucGoW+u6XHc25yHXPp5VLnjVckW+Ne1xZi+sxCO+d1+WXre/f9/wBaY1aOmWmPbTGRV6gbu8/8FVcVTjrlJNljjTRJWf8Ayw9/1rkm1cke9ch/ZwAHt2g49aTkJcHBxXoz7UQV7mIJ15GY+ldPaSOzyok6sZpNmAGQaDk4xwKjrts5p3LICvHZUbcvnPrXFHS7E4+asVuc28X+wfpVbibmrDZ82kX+0VPfoOj1JSCUrpEyA43TAfarJobrZWTXUnCxIX+gquRxsY4IFU/91uPH/wCAU8168+HZx2UXG8Bn9O77/pUdLlWi+HwjZX3ZnYu5yzHJPnSR7aM0Bp5KNRVo6F9I20a7EU7n8pI3P8p/t/njVXFGK2pVLTNmnL2jbta0+LUrUkAOJ0IVgO3PhWSXul3NtcvEIZHCnghc5FaH+GtzNfaE8d05dbObbED4YBwaf6jYwTkFwQWbcSpwcnmpU3iei5ys0pmVSlomAcFSUAIYYI7qaNKQGPlUx0jjAvmOT8xTB8BVflY/Df0H616uO+UJnj5Y4W5FriYhI4wes/WPkKSZtkRf+I4WvbQ95Pu/0YUelI6kxW7ZB8sYAUV031s40JSSHspnI2aPceTSLnrUmnsbM6PRnDVZ9NR5LOMRLvIHWA7qgNMwNVg3KrgPnawyDxWhQbSsZCInVzhRgdxqfJTS0VYcap7ZHR3s8U35pjBHHvVJIwRuI8gTnAA+vfzTbULgXV3JMvyser6d1S2pW0LWMs5jHxAAc+4FQLVzPfZt7T1voE0me2jagNdCz//Z,suggestion_type=33,suggest_truncate_start=false,is_answer=false,is_entity=true,is_personal=false,suggest_raw_text=larry vickers,group_id=web118483933,response_id=65dbc0f5-06f1-4099-8b6c-842d817f959f,support_query_builder=false,} searchAction=Larry Vickers searchActionExtras=Bundle{learn_more_url=https://support.google.com/websearch/answer/106230?hl=106230,s
2023-10-25 10:41:28.287  9656-9656  SearchTargetUtil        com...le.android.apps.nexuslauncher  D  layoutType=extra_tall_icon_row resultType=131072 packageName=com.google.android.googlequicksearchbox extras=Bundle{bitmap_url=data:image/jpeg;base64,/9j/4AAQSkZJRgABAQAAAQABAAD/2wCEAAkGBwgHBgkIBwgKCgkLDRYPDQwMDRsUFRAWIB0iIiAdHx8kKDQsJCYxJx8fLT0tMTU3Ojo6Iys/RD84QzQ5OjcBCgoKDQwNGg8PGjclHyU3Nzc3Nzc3Nzc3Nzc3Nzc3Nzc3Nzc3Nzc3Nzc3Nzc3Nzc3Nzc3Nzc3Nzc3Nzc3Nzc3N//AABEIAHwAfAMBIgACEQEDEQH/xAAbAAACAwEBAQAAAAAAAAAAAAAEBQIDBgEAB//EADcQAAIBAwIEBAQDBwUBAAAAAAECAwAEERIhBTFBURMiYXEGMoGRQrHRFCNSocHh8AcVM9LxU//EABoBAAIDAQEAAAAAAAAAAAAAAAMEAQIFAAb/xAAnEQACAgEEAgEEAwEAAAAAAAABAgADEQQSITFBUSITMmHwcaGxBf/aAAwDAQACEQMRAD8AyssrlsdK6RsK5FH4gzUiCrYalxNsylyImY9BUoZXnfHICqLlsg1dAyxgYO+OlNqdq5g1TcYa8AZN0Bo7g3CIZJBLcbIDkR/xe/pVPCkkvLgJpOgbs3pRkkc1tITC3lH4SKNVUjncZS52X4qY+chzgAAYxjtWb4j8V21g5Wyt2umDaTIGwgPocHP5UTLP4llP+2SPHHoJcx89PYGirD4cSS0I8FIBswWT8Pp+VC12raghKxzK6fSm3knAi6L4iMwVri3YIxxrU5wfUGrZbiOTSYnBRjgEUxs7O1MN1baQ2GC6gpwCM9cY6UrveHCK6dkJVfG0sPUb/lQdPr3J22Qtuk+n1DreH93pJyO9WW8XhKVTA3511mEUWrGFAoGa6d/lJ9q1jtXmJqGeGyqka5ZtTUov7hslNvUVY8TuNUjH2oO8aOFCAMuelJ3MSI3WgWL7tQRufoOdSguNMYDsQR2HOh1J1E5yxq0RatzSeYXbmXWmSKhxRjGmRzxU7OWMRjLDPaoXKyXj+FAuSep6UNeuZxGTxAQxdVABZmOAB1pzaWSQxh5l8ST+DoPer7Dhy2SeXzSY3c9PbtRUYUkB9k6nlRPqZwq9w6U7AWeHcO1xW3iMAryb4A5L0FQk3OcZNTE6yNtgL0AoiEg7nGBWgb1qXA5md9F3JZoBcwtJYXiNHnVAQAeu4rWSRWVhDHd20ZZ7ogrgNIXJXOwz2H2FZzjGW4fOIP8AlMZAob4Zex+K/haPgPGJCl5w9hgatJdBkKR3GDpPqPUVkaiz6lhY/iO04Tav8zcWSQXdoJYdDwyZG3IdCPccqSSW6XPFLtAMj9p1/l/1NNbV7HgnBxb2wRY4lwkcff8A9OaW8Fyxjnc7zNrPoMbCliRkKId1YqzHqKuJwmG6mgyNCOQvt0oRYlG5xmmHxWTBxUqv40RvqVFLrc+bznJHStlLM4iWMLAOITSw7A4B60qkbPXnzzT7iEQkVge1I2hwNzUWgzgZVGAW250Ur4GMVQqFN+9Wg7bilyIQGW2PBrho1MsfgjG2vYn6c6cJDBZw6U59T1Jq1ThSzHVI25J6ULKGkOBQXbEbpqC8zyyGVwi9ajeSYOlRsNhVQnW3DGIa3xz6UC1w8hJ61NfAz5k2nPEOt5Tnc01tm1jANZ+AHIzzrQ8CtmurpYl+UDU57CrY4yYFzxgS1wgJUnJA3A3O9LOD8OEHxA1/cKsMa5ChseZSNyew/wA999bcOtonDiMZpdx/hsZIe2QBWBDhANQ9R9d8dfpSOFLlm4kZZQAvP7+8efYnrwxR2raFXDqdOPauw6I8aF0qrAAdhSW8lmSzMjLKUXSzs4yM5xsefJeRqXDeIidooM6ndv6qP1oTKUtCw5sD1BpZ8aBV41Fq/wDgh/OlAC7FTvT74jtG4nxC4uLRfENqgjcDqF549Rms3HlwSpGn1rXrYYiIHEucjrSmdTkqu++1MpQQu9C+XOauzEiSFgRifIzRA8JAAeddjcCXz8q7KsRbNDOMSY0lkUc8AYoY3Cuv7oBk6jqaGIe4naOfKKPlFSks4LWNpRLJkfTJoGMzQ5ErvHUoiQEp1ah0AXaulgRnNTiiLtnpREEXY5k4QWJra/BVuVtbq5cfMyop9hk/mPtWQijaPO1fQ+DKIOE2sWNyutvc7/1qtzjbiD2kmMD0qpohJ5juKC41dSxRxQ2wLTzuEXHQZ3P229yKHukleV45Jv3EcfYZ3xvy221D60OnTG3vqL6nVDTrnzK7m3SSSfSkiiQhVyoABAPmz9dqUR8FMF+bi2kICMGA7MM7be1a2GGIWmoMQjjYgDBHL6/nvUGgXxUxGuF3MmRlQpGQP1PL0pyyhHQL66iiWuGL+5jrHid7wPizyyDWsr+IoJ8sgJ3Ge/8AWlMSu0Q0jlsQK0/GrN38aOQKyFywJOcE77b7c/5fZXc8PexWOXGUfCt3zj+xpLlHKTR0rLYu6L/3mMEVBFGrcYo2SI80LAHmMVx4BpyqsTRQTGCgim9AD5TY4qhUJGWJzRFyMOTpPtUVbbdTn2qc5lDXDbefTcu8ib521dqWcW4g13d+AgxGvygfiNN7rEzeJo0/wjv60oltCbtiBvo8v61TdiMWgkYEGSVicfyphBMQFCihUtXGNYx60whtxsMcqg2ASi1Ew+2R7hlRBgsQo+u1b8AK+kcl2rG8EA/3G3RRnSdZ9MDb+eK108ot7eSaQ8lLH2oDvk4nMm04iXinEkg4mHJ1+EQNKnf1/wA9KZTYmti8DasoMZ/EuO/tWM8USOzufM7FmPqac8DvNUT2zHUF8yZAIAzv+tOaZ9vEV1+k+AsHY/yPY/2l4ZX/AHTSSOflBDKd8fyK7nsO+K7FczywOszYkZSNnxk/pv8ArU9PgrayaXjd4VVgc9s/2+/pVdw6mUyRImCpADLgZxjl06dNhThYYmLXWVY7TxKTAkipNlS7LjSVG2TuKhxqKH/ZmhiAZnlGnfljcn8/vV+rBQOXwvmYY33Gc+1CyqZZNbNqAGFoRUFt5j1PwGxeu4kgsyq5ySO1XsmU08vpRK4ilZXOAdxVxKHqKlSWHyWOkkHgzOXFkI2LmRQPUZNRSBNPPOepFO5kQ74Un2oX9mJORtVxUJc2HEX3JUEZ50NFhrwnppopIDIc96vS0w/lGSe1ZBaaQQZgkgGMKmTVWloU1THw06d6dpCkYzgbbk9qCuIWu2zjCDqetUzmE2+o2+E0RrWa5VMZbw0zzI2JP+dqYcfmVLLQx/5CFx36mvcJiW04RbKOoLn6k0s49L4l3FGAW0Jn6n+2KgnmLIu+3mK3jiYZQ6G7EbGjODwtay+LdKsQcFY9Y2c/ocYqGiEOjTq2MgaUUsSOuwB/LanCRTeJqKthFPlWPClQcDfPT9edPaSosd56EQ/6utWvFCn5N/QjAyeIZJH8igkcj82w5nf/ANqlVUb/ACnAIP0PL7/5iq4WfCiQONIZQdhnlnbGT1+9EEDXlenlxjn7044xMlFwOZUQ+PmONiPfnXBvFnpivTjzbAZ5E/ercFreMRj8IyaqucxmoRRdJrfPLFShgyvmqd2CjZHXrXYSWUAmmDx1HQMqJJIo8+VQT3NXeBncn7VKOHG9EqgxVNxkMB4mVBAO3SiIWL4QbA9qPis4l3laueBFHL4gbyjkO5rByZr7hIXUQS1xgDPJe9UpCNIMh8uPlFWuJLhtRGT+Edqvt7WVmAk04zy64qMzs7RyYbesLeKNAMKiBcfSk8qM0hI80sh6dKPvbgSSptnLZxR1paOtpLM6qJip8MHlnGwNQMu2BAbxSmTFtrEtsNCM7MdyQvcYI9R0qVxJIgXfB5c80ZFF+4V9K5fLHSO9CXg+U0zdqHACIcARXT0IXLsMk9z1rqSaNkcq2edNlTxY1LqAw588ZpMhxItPYjlK7SXMWwxzK66sYBAgkkfnyAR7
2023-10-25 10:41:28.287  9656-9656  SearchTargetUtil        com...le.android.apps.nexuslauncher  D  layoutType=short_icon_row resultType=131072 packageName=com.google.android.googlequicksearchbox extras=Bundle{suggestion_type=33,suggest_truncate_start=false,is_answer=false,is_entity=false,is_personal=false,suggest_raw_text=illinois comptroller,group_id=web118483933,response_id=65dbc0f5-06f1-4099-8b6c-842d817f959f,support_query_builder=false,} searchAction=illinois comptroller searchActionExtras=Bundle{learn_more_url=https://support.google.com/websearch/answer/106230?hl=106230,suggestion_action_text=Report this,should_start_for_result=true,allow_pinning=true,skip_logging_in_target_handler=false,suggestion_action_rpc=2,}ParentID: null targetID: ea1116e1-aafe-46c8-a3df-8bde014a15d6
2023-10-25 10:41:28.287  9656-9656  SearchTargetUtil        com...le.android.apps.nexuslauncher  D  layoutType=short_icon_row resultType=131072 packageName=com.google.android.googlequicksearchbox extras=Bundle{suggestion_type=33,suggest_truncate_start=false,is_answer=false,is_entity=false,is_personal=false,suggest_raw_text=marshall football jj roberts injury,group_id=web118483933,response_id=65dbc0f5-06f1-4099-8b6c-842d817f959f,support_query_builder=false,} searchAction=marshall football jj roberts injury searchActionExtras=Bundle{learn_more_url=https://support.google.com/websearch/answer/106230?hl=106230,suggestion_action_text=Report this,should_start_for_result=true,allow_pinning=true,skip_logging_in_target_handler=false,suggestion_action_rpc=2,}ParentID: null targetID: dfc87e43-8671-4675-85b0-3a0124899d24
2023-10-25 10:41:28.287  9656-9656  SearchTargetUtil        com...le.android.apps.nexuslauncher  D  layoutType=short_icon_row resultType=131072 packageName=com.google.android.googlequicksearchbox extras=Bundle{suggestion_type=33,suggest_truncate_start=false,is_answer=false,is_entity=false,is_personal=false,suggest_raw_text=hurricane norma tropical storm tammy,group_id=web118483933,response_id=65dbc0f5-06f1-4099-8b6c-842d817f959f,support_query_builder=false,} searchAction=hurricane norma tropical storm tammy searchActionExtras=Bundle{learn_more_url=https://support.google.com/websearch/answer/106230?hl=106230,suggestion_action_text=Report this,should_start_for_result=true,allow_pinning=true,skip_logging_in_target_handler=false,suggestion_action_rpc=2,}ParentID: null targetID: 37e89d32-cc8d-4976-b76e-0aa1cf02bea6
2023-10-25 10:41:28.361   882-924   WindowManagerShell      com.android.systemui                 V  Transition animation finished (aborted=false), notifying core (#136)android.os.BinderProxy@870ca4a@0
2023-10-25 10:41:28.363   530-554   WindowManager           system_server                        V  Finish Transition #136: created at 10-25 10:41:27.597 collect-started=0.083ms request-sent=0.159ms started=31.321ms ready=31.274ms sent=509.235ms finished=765.545ms
2023-10-25 10:41:28.374   530-943   WindowManager           system_server                        W  Exception thrown during dispatchAppVisibility Window{7eb0585 u0 com.cs639.myapp/com.cs639.myapp.MainActivity EXITING}
                                                                                                    android.os.DeadObjectException
                                                                                                    	at android.os.BinderProxy.transactNative(Native Method)
                                                                                                    	at android.os.BinderProxy.transact(BinderProxy.java:584)
                                                                                                    	at android.view.IWindow$Stub$Proxy.dispatchAppVisibility(IWindow.java:546)
                                                                                                    	at com.android.server.wm.WindowState.sendAppVisibilityToClients(WindowState.java:3271)
                                                                                                    	at com.android.server.wm.WindowContainer.sendAppVisibilityToClients(WindowContainer.java:1221)
                                                                                                    	at com.android.server.wm.WindowToken.setClientVisible(WindowToken.java:409)
                                                                                                    	at com.android.server.wm.ActivityRecord.setClientVisible(ActivityRecord.java:6946)
                                                                                                    	at com.android.server.wm.ActivityRecord.postApplyAnimation(ActivityRecord.java:5637)
                                                                                                    	at com.android.server.wm.ActivityRecord.commitVisibility(ActivityRecord.java:5580)
                                                                                                    	at com.android.server.wm.Transition.finishTransition(Transition.java:1151)
                                                                                                    	at com.android.server.wm.TransitionController.finishTransition(TransitionController.java:868)
                                                                                                    	at com.android.server.wm.WindowOrganizerController.finishTransition(WindowOrganizerController.java:396)
                                                                                                    	at android.window.IWindowOrganizerController$Stub.onTransact(IWindowOrganizerController.java:286)
                                                                                                    	at com.android.server.wm.WindowOrganizerController.onTransact(WindowOrganizerController.java:181)
                                                                                                    	at android.os.Binder.execTransactInternal(Binder.java:1339)
                                                                                                    	at android.os.Binder.execTransact(Binder.java:1275)
2023-10-25 10:41:28.375   530-943   Process                 system_server                        I  Sending signal. PID: 32620 SIG: 9
2023-10-25 10:41:28.384   530-557   ActivityManager         system_server                        W  setHasOverlayUi called on unknown pid: 32620
2023-10-25 10:41:28.407   882-924   WindowManagerShell      com.android.systemui                 V  Track 0 became idle
2023-10-25 10:41:28.407   882-924   WindowManagerShell      com.android.systemui                 V  All active transition animations finished
2023-10-25 10:41:28.414   420-420   BpTransact...edListener surfaceflinger                       E  Failed to transact (-32)
2023-10-25 10:41:29.261   882-956   EGL_emulation           com.android.systemui                 D  app_time_stats: avg=7.18ms min=2.05ms max=49.86ms count=40
2023-10-25 10:41:31.901   530-4173  TaskPersister           system_server                        E  File error accessing recents directory (directory doesn't exist?).
2023-10-25 10:41:37.463   882-882   StatusBarIconController com.android.systemui                 D  ignoring old pipeline callbacks, because the new mobile icons are enabled
2023-10-25 10:41:47.464   882-882   StatusBarIconController com.android.systemui                 D  ignoring old pipeline callbacks, because the new mobile icons are enabled
2023-10-25 10:41:55.201   882-882   StatusBarIconController com.android.systemui                 D  ignoring old pipeline callback because the new wifi icon is enabled
2023-10-25 10:41:57.464   882-882   StatusBarIconController com.android.systemui                 D  ignoring old pipeline callbacks, because the new mobile icons are enabled
2023-10-25 10:41:57.480   882-956   EGL_emulation           com.android.systemui                 D  app_time_stats: avg=39999.16ms min=39999.16ms max=39999.16ms count=1
2023-10-25 10:41:58.212   882-882   StatusBarIconController com.android.systemui                 D  ignoring old pipeline callback because the new wifi icon is enabled
2023-10-25 10:42:00.007  1635-2071  AiAiEcho                com.google.android.as                I  Predicting[0]: 
2023-10-25 10:42:00.007  1635-2071  AiAiEcho                com.google.android.as                I  EchoTargets: 
                                                                                                    Filtered by AiAi flag check: 
2023-10-25 10:42:00.007  1635-2071  AiAiEcho                com.google.android.as                I  Ranked targets strategy: SORT, count: 0, ranking metadata: 
2023-10-25 10:42:00.008  1635-2071  AiAiEcho                com.google.android.as                I  #postPredictionTargets: Sending updates to UISurface lockscreen with targets# 0 (types=[])
2023-10-25 10:42:00.028   882-882   PageIndicator           com.android.systemui                 W  Total number of pages invalid: 0. Assuming 1 page.
2023-10-25 10:42:00.031   882-956   EGL_emulation           com.android.systemui                 D  app_time_stats: avg=2550.48ms min=2550.48ms max=2550.48ms count=1
2023-10-25 10:42:01.151  5402-5460  TimedProcessReaper      com.google.android.apps.messaging    W  Memory state is: 125
2023-10-25 10:42:07.460   882-882   StatusBarIconController com.android.systemui                 D  ignoring old pipeline callbacks, because the new mobile icons are enabled
2023-10-25 10:42:15.209   530-566   ProcessStats            system_server                        W  Tracking association SourceState{c2ef19f com.google.android.googlequicksearchbox:search/10124 BTop #44502} whose proc state 2 is better than process ProcessState{6aebc14 com.google.android.gms.persistent/10123 pkg=com.google.android.gms} proc state 4 (71 skipped)
2023-10-25 10:42:15.214 25852-32036 AlarmManager            com.google.android.gms.persistent    I  setExactAndAllowWhileIdle [name: GCM_HB_ALARM type: 2 triggerAtMillis: 134391045]
2023-10-25 10:42:15.214 25852-29277 NativeCrypto            com.google.android.gms.persistent    V  Read error: ssl=0x76fd480444d8: I/O error during system call, Connection reset by peer
2023-10-25 10:42:15.217 25852-32036 WakeLock                com.google.android.gms.persistent    E  GCM_HB_ALARM release without a matched acquire!
2023-10-25 10:42:15.221 25852-32036 NativeCrypto            com.google.android.gms.persistent    V  SSL shutdown failed: ssl=0x76fd480444d8: I/O error during system call, Broken pipe
2023-10-25 10:42:15.222 25852-32036 WakeLock                com.google.android.gms.persistent    E  GCM_HB_ALARM release without a matched acquire!
2023-10-25 10:42:15.222 25852-32036 WakeLock                com.google.android.gms.persistent    W  GCM_HB_ALARM counter does not exist
2023-10-25 10:42:15.255   530-1846  ActivityManager         system_server                        D  sync unfroze 31889 com.google.process.gservices for 7
2023-10-25 10:42:15.275   530-816   ConnectivityService     system_server                        D  reportNetworkConnectivity(103, false) by 10123
2023-10-25 10:42:15.276  1043-11850 NetworkMonitor/103      com.android.networkstack.process     D  Forcing reevaluation for UID 10123. Dns signal count: 0
2023-10-25 10:42:15.279  1043-776   TrafficStats            com.android.networkstack.process     D  tagSocket(103) with statsTag=0xffffff81, statsUid=-1
2023-10-25 10:42:15.279  1043-777   TrafficStats            com.android.networkstack.process     D  tagSocket(106) with statsTag=0xffffff81, statsUid=-1
2023-10-25 10:42:15.283  1043-777   TrafficStats            com.android.networkstack.process     D  tagSocket(103) with statsTag=0xffffff81, statsUid=-1
2023-10-25 10:42:15.283  1043-776   TrafficStats            com.android.networkstack.process     D  tagSocket(106) with statsTag=0xffffff81, statsUid=-1
2023-10-25 10:42:15.308  1043-1043  TrafficStats            com.android.networkstack.process     D  tagSocket(105) with statsTag=0xffffffff, statsUid=-1
2023-10-25 10:42:15.310  1043-1043  TrafficStats            com.android.networkstack.process     D  tagSocket(105) with statsTag=0xffffffff, statsUid=-1
2023-10-25 10:42:15.314  1043-1043  TrafficStats            com.android.networkstack.process     D  tagSocket(103) with statsTag=0xffffffff, statsUid=-1
2023-10-25 10:42:15.315  1043-776   NetworkMonitor/103      com.android.networkstack.process     D  PROBE_DNS www.google.com 36ms OK 142.250.72.100,2607:f8b0:4006:80a::2004
2023-10-25 10:42:15.317 25852-774   TrafficStats            com.google.android.gms.persistent    D  tagSocket(-1) with statsTag=0x20000407, statsUid=-1
2023-10-25 10:42:15.317 25852-774   TrafficStats            com.google.android.gms.persistent    I  tagSocketFd(-1, 536871943, -1) failed with errno-9
2023-10-25 10:42:15.317  1043-1043  TrafficStats            com.android.networkstack.process     D  tagSocket(103) with statsTag=0xffffffff, statsUid=-1
2023-10-25 10:42:15.317 25852-774   TrafficStats            com.google.android.gms.persistent    D  tagSocket(77) with statsTag=0x20000407, statsUid=-1
2023-10-25 10:42:15.320  1043-777   NetworkMonitor/103      com.android.networkstack.process     D  PROBE_DNS connectivitycheck.gstatic.com 40ms OK 142.250.65.227,2607:f8b0:4006:817::2003
2023-10-25 10:42:15.320  1043-776   TrafficStats            com.android.networkstack.process     D  tagSocket(103) with statsTag=0xffffff81, statsUid=-1
2023-10-25 10:42:15.326  1043-777   TrafficStats            com.android.networkstack.process     D  tagSocket(105) with statsTag=0xffffff81, statsUid=-1
2023-10-25 10:42:15.371  1043-777   NetworkMonitor/103      com.android.networkstack.process     D  PROBE_HTTP http://connectivitycheck.gstatic.com/generate_204 Probe failed with exception java.io.IOException: unexpected end of stream on com.android.okhttp.Address@fdf49390
2023-10-25 10:42:15.398  1043-776   NetworkMonitor/103      com.android.networkstack.process     D  PROBE_HTTPS https://www.google.com/generate_204 time=81ms ret=204 request={Connection=[close], User-Agent=[Mozilla/5.0 (X11; Linux x86_64) AppleWebKit/537.36 (KHTML, like Gecko) Chrome/60.0.3112.32 Safari/537.36]} headers={null=[HTTP/1.1 204 No Content], Alt-Svc=[h3=":443"; ma=2592000,h3-29=":443"; ma=2592000], Connection=[close], Content-Length=[0], Cross-Origin-Resource-Policy=[cross-origin], Date=[Wed, 25 Oct 2023 14:42:17 GMT], X-Android-Received-Millis=[1698244935396], X-Android-Response-Source=[NETWORK 204], X-Android-Selected-Protocol=[http/1.1], X-Android-Sent-Millis=[1698244935381]}
2023-10-25 10:42:15.400  1043-775   NetworkMonitor/103      com.android.networkstack.process     D  isCaptivePortal: isSuccessful()=true isPortal()=false RedirectUrl=null isPartialConnectivity()=false Time=122ms
2023-10-25 10:42:15.406   530-816   ConnectivityService     system_server                        D  [103 WIFI] validation passed
2023-10-25 10:42:15.419 25852-32036 AlarmManager            com.google.android.gms.persistent    I  setExactAndAllowWhileIdle [name: GCM_HB_ALARM type: 2 triggerAtMillis: 135401250]
2023-10-25 10:42:15.470 25852-32036 AlarmManager            com.google.android.gms.persistent    I  setExactAndAllowWhileIdle [name: GCM_HB_ALARM type: 2 triggerAtMillis: 135401301]
2023-10-25 10:42:15.471 25852-32036 WakeLock                com.google.android.gms.persistent    E  GCM_CONN_ALARM release without a matched acquire!
2023-10-25 10:42:15.480 25852-32036 AlarmManager            com.google.android.gms.persistent    I  setExactAndAllowWhileIdle [name: GCM_HB_ALARM type: 2 triggerAtMillis: 135401311]
2023-10-25 10:42:16.267   882-882   StatusBarIconController com.android.systemui                 D  ignoring old pipeline callback because the new wifi icon is enabled
2023-10-25 10:42:17.461   882-882   StatusBarIconController com.android.systemui                 D  ignoring old pipeline callbacks, because the new mobile icons are enabled
2023-10-25 10:42:17.503   530-2049  WifiNl80211Manager      system_server                        D  Scan result ready event
2023-10-25 10:42:17.503   530-2049  WifiNative              system_server                        D  Scan result ready event
2023-10-25 10:42:19.277   882-882   StatusBarIconController com.android.systemui                 D  ignoring old pipeline callback because the new wifi icon is enabled
2023-10-25 10:42:22.286   882-882   StatusBarIconController com.android.systemui                 D  ignoring old pipeline callback because the new wifi icon is enabled
2023-10-25 10:42:25.296   882-882   StatusBarIconController com.android.systemui                 D  ignoring old pipeline callback because the new wifi icon is enabled
2023-10-25 10:42:27.463   882-882   StatusBarIconController com.android.systemui                 D  ignoring old pipeline callbacks, because the new mobile icons are enabled
2023-10-25 10:42:37.464   882-882   StatusBarIconController com.android.systemui                 D  ignoring old pipeline callbacks, because the new mobile icons are enabled
2023-10-25 10:42:47.461   882-882   StatusBarIconController com.android.systemui                 D  ignoring old pipeline callbacks, because the new mobile icons are enabled
2023-10-25 10:42:57.464   882-882   StatusBarIconController com.android.systemui                 D  ignoring old pipeline callbacks, because the new mobile icons are enabled
2023-10-25 10:42:57.820 25852-25998 NearbyDiscovery         com.google.android.gms.persistent    I  FastPair: isDestroyable: Scanner is alive. [CONTEXT service_id=265 ]
2023-10-25 10:42:57.820 25852-25998 NearbyDiscovery         com.google.android.gms.persistent    I  DiscoveryService: Skip stopSelf(), fast pair controller is not destroyable. [CONTEXT service_id=265 ]
2023-10-25 10:43:00.013  1635-2071  AiAiEcho                com.google.android.as                I  Predicting[0]: 
2023-10-25 10:43:00.013  1635-2071  AiAiEcho                com.google.android.as                I  EchoTargets: 
                                                                                                    Filtered by AiAi flag check: 
2023-10-25 10:43:00.014  1635-2071  AiAiEcho                com.google.android.as                I  Ranked targets strategy: SORT, count: 0, ranking metadata: 
2023-10-25 10:43:00.015  1635-2071  AiAiEcho                com.google.android.as                I  #postPredictionTargets: Sending updates to UISurface lockscreen with targets# 0 (types=[])
2023-10-25 10:43:00.029   882-882   PageIndicator           com.android.systemui                 W  Total number of pages invalid: 0. Assuming 1 page.
2023-10-25 10:43:00.032   882-956   EGL_emulation           com.android.systemui                 D  app_time_stats: avg=60000.83ms min=60000.83ms max=60000.83ms count=1
2023-10-25 10:43:07.463   882-882   StatusBarIconController com.android.systemui                 D  ignoring old pipeline callbacks, because the new mobile icons are enabled
2023-10-25 10:43:17.464   882-882   StatusBarIconController com.android.systemui                 D  ignoring old pipeline callbacks, because the new mobile icons are enabled
2023-10-25 10:43:27.466   882-882   StatusBarIconController com.android.systemui                 D  ignoring old pipeline callbacks, because the new mobile icons are enabled
2023-10-25 10:43:34.571   530-566   ProcessStats            system_server                        W  Tracking association SourceState{c2ef19f com.google.android.googlequicksearchbox:search/10124 BTop #44507} whose proc state 2 is better than process ProcessState{6aebc14 com.google.android.gms.persistent/10123 pkg=com.google.android.gms} proc state 4 (32 skipped)
2023-10-25 10:43:35.138   530-2049  AppOps                  system_server                        W  Noting op not finished: uid 10123 pkg com.google.android.gms code 113 startTime of in progress event=1698244787609
2023-10-25 10:43:35.148   530-1610  AppOps                  system_server                        W  Noting op not finished: uid 10123 pkg com.google.android.gms code 113 startTime of in progress event=1698244787609
2023-10-25 10:43:35.168   530-1846  AlarmManager            system_server                        W  Window length 3074457345618258602ms too long; limiting to 1 day
2023-10-25 10:43:37.466   882-882   StatusBarIconController com.android.systemui                 D  ignoring old pipeline callbacks, because the new mobile icons are enabled
2023-10-25 10:43:37.479   882-956   EGL_emulation           com.android.systemui                 D  app_time_stats: avg=37446.75ms min=37446.75ms max=37446.75ms count=1
2023-10-25 10:43:47.466   882-882   StatusBarIconController com.android.systemui                 D  ignoring old pipeline callbacks, because the new mobile icons are enabled
2023-10-25 10:43:53.805 21671-22291 PhenotypeProcessReaper  com.google.android.gms               I  Memory state is: 100
2023-10-25 10:43:55.590   882-882   StatusBarIconController com.android.systemui                 D  ignoring old pipeline callback because the new wifi icon is enabled
2023-10-25 10:43:57.461   882-882   StatusBarIconController com.android.systemui                 D  ignoring old pipeline callbacks, because the new mobile icons are enabled
2023-10-25 10:44:00.008  1635-2071  AiAiEcho                com.google.android.as                I  Predicting[0]: 
2023-10-25 10:44:00.008  1635-2071  AiAiEcho                com.google.android.as                I  EchoTargets: 
                                                                                                    Filtered by AiAi flag check: 
2023-10-25 10:44:00.009  1635-2071  AiAiEcho                com.google.android.as                I  Ranked targets strategy: SORT, count: 0, ranking metadata: 
2023-10-25 10:44:00.010  1635-2071  AiAiEcho                com.google.android.as                I  #postPredictionTargets: Sending updates to UISurface lockscreen with targets# 0 (types=[])
2023-10-25 10:44:00.031   882-882   PageIndicator           com.android.systemui                 W  Total number of pages invalid: 0. Assuming 1 page.
2023-10-25 10:44:00.034   882-956   EGL_emulation           com.android.systemui                 D  app_time_stats: avg=22554.57ms min=22554.57ms max=22554.57ms count=1
2023-10-25 10:44:01.098   530-565   UsageStatsService       system_server                        I  User[0] Flushing usage stats to disk
2023-10-25 10:44:07.464   882-882   StatusBarIconController com.android.systemui                 D  ignoring old pipeline callbacks, because the new mobile icons are enabled
2023-10-25 10:44:17.466   882-882   StatusBarIconController com.android.systemui                 D  ignoring old pipeline callbacks, because the new mobile icons are enabled
2023-10-25 10:44:17.478   882-956   EGL_emulation           com.android.systemui                 D  app_time_stats: avg=17443.84ms min=17443.84ms max=17443.84ms count=1
2023-10-25 10:44:22.686   882-882   StatusBarIconController com.android.systemui                 D  ignoring old pipeline callback because the new wifi icon is enabled
2023-10-25 10:44:25.696   882-882   StatusBarIconController com.android.systemui                 D  ignoring old pipeline callback because the new wifi icon is enabled
2023-10-25 10:44:27.467   882-882   StatusBarIconController com.android.systemui                 D  ignoring old pipeline callbacks, because the new mobile icons are enabled
2023-10-25 10:44:28.706   882-882   StatusBarIconController com.android.systemui                 D  ignoring old pipeline callback because the new wifi icon is enabled
2023-10-25 10:44:31.714   882-882   StatusBarIconController com.android.systemui                 D  ignoring old pipeline callback because the new wifi icon is enabled
2023-10-25 10:44:34.720   882-882   StatusBarIconController com.android.systemui                 D  ignoring old pipeline callback because the new wifi icon is enabled
2023-10-25 10:44:37.466   882-882   StatusBarIconController com.android.systemui                 D  ignoring old pipeline callbacks, because the new mobile icons are enabled
2023-10-25 10:44:37.731   882-882   StatusBarIconController com.android.systemui                 D  ignoring old pipeline callback because the new wifi icon is enabled
2023-10-25 10:44:38.920   530-1846  ProcessStats            system_server                        W  Tracking association SourceState{c2ef19f com.google.android.googlequicksearchbox:search/10124 BTop #44515} whose proc state 2 is better than process ProcessState{6aebc14 com.google.android.gms.persistent/10123 pkg=com.google.android.gms} proc state 4 (63 skipped)
2023-10-25 10:44:46.762   882-882   StatusBarIconController com.android.systemui                 D  ignoring old pipeline callback because the new wifi icon is enabled
2023-10-25 10:44:47.467   882-882   StatusBarIconController com.android.systemui                 D  ignoring old pipeline callbacks, because the new mobile icons are enabled
2023-10-25 10:44:49.774   882-882   StatusBarIconController com.android.systemui                 D  ignoring old pipeline callback because the new wifi icon is enabled
2023-10-25 10:44:51.940   530-1846  ProcessStats            system_server                        W  Tracking association SourceState{c2ef19f com.google.android.googlequicksearchbox:search/10124 BTop #44516} whose proc state 2 is better than process ProcessState{6aebc14 com.google.android.gms.persistent/10123 pkg=com.google.android.gms} proc state 4 (6 skipped)
2023-10-25 10:44:51.941 25852-25852 BoundBrokerSvc          com.google.android.gms.persistent    D  onUnbind: Intent { act=com.google.android.gms.clearcut.bootcount.service.START dat=chimera-action:/... cmp=com.google.android.gms/.chimera.PersistentBoundBrokerService }
2023-10-25 10:44:55.474 21671-21671 BoundBrokerSvc          com.google.android.gms               D  onUnbind: Intent { act=com.google.android.gms.checkin.START pkg=com.google.android.gms }
2023-10-25 10:44:57.466   882-882   StatusBarIconController com.android.systemui                 D  ignoring old pipeline callbacks, because the new mobile icons are enabled
2023-10-25 10:44:57.478   882-956   EGL_emulation           com.android.systemui                 D  app_time_stats: avg=39998.93ms min=39998.93ms max=39998.93ms count=1
2023-10-25 10:44:57.516   530-1610  WifiNl80211Manager      system_server                        D  Scan result ready event
2023-10-25 10:44:57.516   530-1610  WifiNative              system_server                        D  Scan result ready event
2023-10-25 10:44:58.111 25852-25852 BoundBrokerSvc          com.google.android.gms.persistent    D  onUnbind: Intent { act=com.google.android.gms.auth.account.workaccount.START dat=chimera-action:/... cmp=com.google.android.gms/.chimera.PersistentApiService }
2023-10-25 10:44:58.804   882-882   StatusBarIconController com.android.systemui                 D  ignoring old pipeline callback because the new wifi icon is enabled
2023-10-25 10:44:59.248 21671-21671 BoundBrokerSvc          com.google.android.gms               D  onUnbind: Intent { act=com.google.android.gms.feedback.internal.IFeedbackService dat=chimera-action:/... cmp=com.google.android.gms/.chimera.GmsBoundBrokerService }
2023-10-25 10:45:00.005  1635-2071  AiAiEcho                com.google.android.as                I  Predicting[0]: 
2023-10-25 10:45:00.005  1635-2071  AiAiEcho                com.google.android.as                I  EchoTargets: 
                                                                                                    Filtered by AiAi flag check: 
2023-10-25 10:45:00.005  1635-2071  AiAiEcho                com.google.android.as                I  Ranked targets strategy: SORT, count: 0, ranking metadata: 
2023-10-25 10:45:00.006  1635-2071  AiAiEcho                com.google.android.as                I  #postPredictionTargets: Sending updates to UISurface lockscreen with targets# 0 (types=[])
2023-10-25 10:45:00.011   882-882   PageIndicator           com.android.systemui                 W  Total number of pages invalid: 0. Assuming 1 page.
2023-10-25 10:45:00.013   882-956   EGL_emulation           com.android.systemui                 D  app_time_stats: avg=2535.32ms min=2535.32ms max=2535.32ms count=1
2023-10-25 10:45:01.809   882-882   StatusBarIconController com.android.systemui                 D  ignoring old pipeline callback because the new wifi icon is enabled
2023-10-25 10:45:03.481   530-2049  ProcessStats            system_server                        W  Tracking association SourceState{c2ef19f com.google.android.googlequicksearchbox:search/10124 BTop #44530} whose proc state 2 is better than process ProcessState{6aebc14 com.google.android.gms.persistent/10123 pkg=com.google.android.gms} proc state 4 (72 skipped)
2023-10-25 10:45:03.482 25852-25852 BoundBrokerSvc          com.google.android.gms.persistent    D  onUnbind: Intent { act=com.google.android.gms.cast.firstparty.START dat=chimera-action:/... cmp=com.google.android.gms/.chimera.PersistentApiService }
2023-10-25 10:45:03.508 21671-21671 BoundBrokerSvc          com.google.android.gms               D  onUnbind: Intent { act=com.google.android.gms.pay.service.BIND dat=chimera-action:/... cmp=com.google.android.gms/.chimera.GmsApiService }
2023-10-25 10:45:03.512   530-943   ActivityManager         system_server                        I  Killing 32372:com.google.android.tts/u0a125 (adj 975): empty #17
2023-10-25 10:45:03.518   530-568   libprocessgroup         system_server                        I  Successfully killed process cgroup uid 10125 pid 32372 in 0ms
2023-10-25 10:45:03.525   530-555   DisplayManagerService   system_server                        D  Drop pending events for gone uid 10125
2023-10-25 10:45:03.527   530-1322  ActivityManager         system_server                        I  Killing 31971:com.android.providers.calendar/u0a84 (adj 985): empty #17
2023-10-25 10:45:03.535   354-354   Zygote                  pid-354                              I  Process 32372 exited due to signal 9 (Killed)
2023-10-25 10:45:03.564   530-568   libprocessgroup         system_server                        I  Successfully killed process cgroup uid 10084 pid 31971 in 0ms
2023-10-25 10:45:03.571   354-354   Zygote                  pid-354                              I  Process 31971 exited due to signal 9 (Killed)
2023-10-25 10:45:03.572   530-555   DisplayManagerService   system_server                        D  Drop pending events for gone uid 10084
2023-10-25 10:45:07.465   882-882   StatusBarIconController com.android.systemui                 D  ignoring old pipeline callbacks, because the new mobile icons are enabled
2023-10-25 10:45:10.834   882-882   StatusBarIconController com.android.systemui                 D  ignoring old pipeline callback because the new wifi icon is enabled
2023-10-25 10:45:13.559   530-625   ActivityManager         system_server                        D  freezing 21671 com.google.android.gms
2023-10-25 10:45:13.562   530-625   ActivityManager         system_server                        D  freezing 26095 com.google.android.adservices.api
2023-10-25 10:45:13.563   530-625   ActivityManager         system_server                        D  freezing 31889 com.google.process.gservices
2023-10-25 10:45:13.845   882-882   StatusBarIconController com.android.systemui                 D  ignoring old pipeline callback because the new wifi icon is enabled
2023-10-25 10:45:17.466   882-882   StatusBarIconController com.android.systemui                 D  ignoring old pipeline callbacks, because the new mobile icons are enabled
2023-10-25 10:45:22.873   882-882   StatusBarIconController com.android.systemui                 D  ignoring old pipeline callback because the new wifi icon is enabled
2023-10-25 10:45:25.884   882-882   StatusBarIconController com.android.systemui                 D  ignoring old pipeline callback because the new wifi icon is enabled
2023-10-25 10:45:27.467   882-882   StatusBarIconController com.android.systemui                 D  ignoring old pipeline callbacks, because the new mobile icons are enabled
2023-10-25 10:45:34.913   882-882   StatusBarIconController com.android.systemui                 D  ignoring old pipeline callback because the new wifi icon is enabled
2023-10-25 10:45:37.467   882-882   StatusBarIconController com.android.systemui                 D  ignoring old pipeline callbacks, because the new mobile icons are enabled
2023-10-25 10:45:37.922   882-882   StatusBarIconController com.android.systemui                 D  ignoring old pipeline callback because the new wifi icon is enabled
2023-10-25 10:45:46.955   882-882   StatusBarIconController com.android.systemui                 D  ignoring old pipeline callback because the new wifi icon is enabled
2023-10-25 10:45:47.466   882-882   StatusBarIconController com.android.systemui                 D  ignoring old pipeline callbacks, because the new mobile icons are enabled
2023-10-25 10:45:49.965   882-882   StatusBarIconController com.android.systemui                 D  ignoring old pipeline callback because the new wifi icon is enabled
2023-10-25 10:45:57.469   882-882   StatusBarIconController com.android.systemui                 D  ignoring old pipeline callbacks, because the new mobile icons are enabled
2023-10-25 10:45:58.995   882-882   StatusBarIconController com.android.systemui                 D  ignoring old pipeline callback because the new wifi icon is enabled
2023-10-25 10:46:00.009  1635-2071  AiAiEcho                com.google.android.as                I  Predicting[0]: 
2023-10-25 10:46:00.010  1635-2071  AiAiEcho                com.google.android.as                I  EchoTargets: 
                                                                                                    Filtered by AiAi flag check: 
2023-10-25 10:46:00.010  1635-2071  AiAiEcho                com.google.android.as                I  Ranked targets strategy: SORT, count: 0, ranking metadata: 
2023-10-25 10:46:00.012  1635-2071  AiAiEcho                com.google.android.as                I  #postPredictionTargets: Sending updates to UISurface lockscreen with targets# 0 (types=[])
2023-10-25 10:46:00.029   882-882   PageIndicator           com.android.systemui                 W  Total number of pages invalid: 0. Assuming 1 page.
2023-10-25 10:46:00.033   882-956   EGL_emulation           com.android.systemui                 D  app_time_stats: avg=60019.75ms min=60019.75ms max=60019.75ms count=1
2023-10-25 10:46:02.006   882-882   StatusBarIconController com.android.systemui                 D  ignoring old pipeline callback because the new wifi icon is enabled
2023-10-25 10:46:07.467   882-882   StatusBarIconController com.android.systemui                 D  ignoring old pipeline callbacks, because the new mobile icons are enabled
2023-10-25 10:46:11.039   882-882   StatusBarIconController com.android.systemui                 D  ignoring old pipeline callback because the new wifi icon is enabled
2023-10-25 10:46:14.049   882-882   StatusBarIconController com.android.systemui                 D  ignoring old pipeline callback because the new wifi icon is enabled
2023-10-25 10:46:17.468   882-882   StatusBarIconController com.android.systemui                 D  ignoring old pipeline callbacks, because the new mobile icons are enabled
2023-10-25 10:46:23.082   882-882   StatusBarIconController com.android.systemui                 D  ignoring old pipeline callback because the new wifi icon is enabled
2023-10-25 10:46:26.091   882-882   StatusBarIconController com.android.systemui                 D  ignoring old pipeline callback because the new wifi icon is enabled
2023-10-25 10:46:27.469   882-882   StatusBarIconController com.android.systemui                 D  ignoring old pipeline callbacks, because the new mobile icons are enabled
2023-10-25 10:46:35.121   882-882   StatusBarIconController com.android.systemui                 D  ignoring old pipeline callback because the new wifi icon is enabled
2023-10-25 10:46:37.492   882-882   StatusBarIconController com.android.systemui                 D  ignoring old pipeline callbacks, because the new mobile icons are enabled
2023-10-25 10:46:37.495   882-956   EGL_emulation           com.android.systemui                 D  app_time_stats: avg=37462.14ms min=37462.14ms max=37462.14ms count=1
2023-10-25 10:46:38.132   882-882   StatusBarIconController com.android.systemui                 D  ignoring old pipeline callback because the new wifi icon is enabled
2023-10-25 10:46:47.159   882-882   StatusBarIconController com.android.systemui                 D  ignoring old pipeline callback because the new wifi icon is enabled
2023-10-25 10:46:47.467   882-882   StatusBarIconController com.android.systemui                 D  ignoring old pipeline callbacks, because the new mobile icons are enabled
2023-10-25 10:46:50.169   882-882   StatusBarIconController com.android.systemui                 D  ignoring old pipeline callback because the new wifi icon is enabled
2023-10-25 10:46:57.471   882-882   StatusBarIconController com.android.systemui                 D  ignoring old pipeline callbacks, because the new mobile icons are enabled
2023-10-25 10:46:59.195   882-882   StatusBarIconController com.android.systemui                 D  ignoring old pipeline callback because the new wifi icon is enabled
2023-10-25 10:47:00.008  1635-2071  AiAiEcho                com.google.android.as                I  Predicting[0]: 
2023-10-25 10:47:00.008  1635-2071  AiAiEcho                com.google.android.as                I  EchoTargets: 
                                                                                                    Filtered by AiAi flag check: 
2023-10-25 10:47:00.009  1635-2071  AiAiEcho                com.google.android.as                I  Ranked targets strategy: SORT, count: 0, ranking metadata: 
2023-10-25 10:47:00.011  1635-2071  AiAiEcho                com.google.android.as                I  #postPredictionTargets: Sending updates to UISurface lockscreen with targets# 0 (types=[])
2023-10-25 10:47:00.031   882-882   PageIndicator           com.android.systemui                 W  Total number of pages invalid: 0. Assuming 1 page.
2023-10-25 10:47:00.045   882-956   EGL_emulation           com.android.systemui                 D  app_time_stats: avg=22549.30ms min=22549.30ms max=22549.30ms count=1
2023-10-25 10:47:02.206   882-882   StatusBarIconController com.android.systemui                 D  ignoring old pipeline callback because the new wifi icon is enabled
2023-10-25 10:47:07.470   882-882   StatusBarIconController com.android.systemui                 D  ignoring old pipeline callbacks, because the new mobile icons are enabled
2023-10-25 10:47:11.230   882-882   StatusBarIconController com.android.systemui                 D  ignoring old pipeline callback because the new wifi icon is enabled
2023-10-25 10:47:14.238   882-882   StatusBarIconController com.android.systemui                 D  ignoring old pipeline callback because the new wifi icon is enabled
2023-10-25 10:47:17.471   882-882   StatusBarIconController com.android.systemui                 D  ignoring old pipeline callbacks, because the new mobile icons are enabled
2023-10-25 10:47:17.478   882-956   EGL_emulation           com.android.systemui                 D  app_time_stats: avg=17432.91ms min=17432.91ms max=17432.91ms count=1
2023-10-25 10:47:20.591   530-1850  ProcessStats            system_server                        W  Tracking association SourceState{c7c556b system/1000 BFgs #44539} whose proc state 4 is better than process ProcessState{2fd5fd1 com.google.android.apps.messaging:rcs/10121 pkg=com.google.android.apps.messaging} proc state 8 (12 skipped)
2023-10-25 10:47:23.272   882-882   StatusBarIconController com.android.systemui                 D  ignoring old pipeline callback because the new wifi icon is enabled
2023-10-25 10:47:26.282   882-882   StatusBarIconController com.android.systemui                 D  ignoring old pipeline callback because the new wifi icon is enabled
2023-10-25 10:47:27.470   882-882   StatusBarIconController com.android.systemui                 D  ignoring old pipeline callbacks, because the new mobile icons are enabled
2023-10-25 10:47:33.247   530-1850  ProcessStats            system_server                        W  Tracking association SourceState{c7c556b system/1000 BFgs #44540} whose proc state 4 is better than process ProcessState{2fd5fd1 com.google.android.apps.messaging:rcs/10121 pkg=com.google.android.apps.messaging} proc state 8 (1 skipped)
2023-10-25 10:47:35.314   882-882   StatusBarIconController com.android.systemui                 D  ignoring old pipeline callback because the new wifi icon is enabled
2023-10-25 10:47:37.469   882-882   StatusBarIconController com.android.systemui                 D  ignoring old pipeline callbacks, because the new mobile icons are enabled
2023-10-25 10:47:37.515   530-1850  WifiNl80211Manager      system_server                        D  Scan result ready event
2023-10-25 10:47:37.515   530-1850  WifiNative              system_server                        D  Scan result ready event
2023-10-25 10:47:38.321   882-882   StatusBarIconController com.android.systemui                 D  ignoring old pipeline callback because the new wifi icon is enabled
2023-10-25 10:47:43.242 25852-25982 PhenotypeProcessReaper  com.google.android.gms.persistent    I  Memory state is: 125
