2023-10-25 10:54:30.312   530-574   CpuPowerCalculator      system_server                        W  UID 10126 CPU freq # mismatch: Power Profile # 2 actual # 8
2023-10-25 10:54:30.312   530-574   CpuPowerCalculator      system_server                        W  UID 10126 CPU freq # mismatch: Power Profile # 2 actual # 8
2023-10-25 10:54:30.312   530-574   CpuPowerCalculator      system_server                        W  UID 10125 CPU cluster # mismatch: Power Profile # 2 actual # 4
2023-10-25 10:54:30.312   530-574   CpuPowerCalculator      system_server                        W  UID 10125 CPU freq # mismatch: Power Profile # 2 actual # 8
2023-10-25 10:54:30.312   530-574   CpuPowerCalculator      system_server                        W  UID 10125 CPU freq # mismatch: Power Profile # 2 actual # 8
2023-10-25 10:54:30.312   530-574   CpuPowerCalculator      system_server                        W  UID 10125 CPU freq # mismatch: Power Profile # 2 actual # 8
2023-10-25 10:54:30.312   530-574   CpuPowerCalculator      system_server                        W  UID 10125 CPU freq # mismatch: Power Profile # 2 actual # 8
2023-10-25 10:54:30.312   530-574   CpuPowerCalculator      system_server                        W  UID 10124 CPU cluster # mismatch: Power Profile # 2 actual # 4
2023-10-25 10:54:30.312   530-574   CpuPowerCalculator      system_server                        W  UID 10124 CPU freq # mismatch: Power Profile # 2 actual # 8
2023-10-25 10:54:30.312   530-574   CpuPowerCalculator      system_server                        W  UID 10124 CPU freq # mismatch: Power Profile # 2 actual # 8
2023-10-25 10:54:30.313   530-574   CpuPowerCalculator      system_server                        W  UID 10124 CPU freq # mismatch: Power Profile # 2 actual # 8
2023-10-25 10:54:30.313   530-574   CpuPowerCalculator      system_server                        W  UID 10124 CPU freq # mismatch: Power Profile # 2 actual # 8
2023-10-25 10:54:30.313   530-574   CpuPowerCalculator      system_server                        W  UID 10123 CPU cluster # mismatch: Power Profile # 2 actual # 4
2023-10-25 10:54:30.313   530-574   CpuPowerCalculator      system_server                        W  UID 10123 CPU freq # mismatch: Power Profile # 2 actual # 8
2023-10-25 10:54:30.313   530-574   CpuPowerCalculator      system_server                        W  UID 10123 CPU freq # mismatch: Power Profile # 2 actual # 8
2023-10-25 10:54:30.313   530-574   CpuPowerCalculator      system_server                        W  UID 10123 CPU freq # mismatch: Power Profile # 2 actual # 8
2023-10-25 10:54:30.313   530-574   CpuPowerCalculator      system_server                        W  UID 10123 CPU freq # mismatch: Power Profile # 2 actual # 8
2023-10-25 10:54:30.313   530-574   CpuPowerCalculator      system_server                        W  UID 10123 CPU freq # mismatch: Power Profile # 2 actual # 8
2023-10-25 10:54:30.313   530-574   CpuPowerCalculator      system_server                        W  UID 10122 CPU cluster # mismatch: Power Profile # 2 actual # 4
2023-10-25 10:54:30.313   530-574   CpuPowerCalculator      system_server                        W  UID 10122 CPU freq # mismatch: Power Profile # 2 actual # 8
2023-10-25 10:54:30.313   530-574   CpuPowerCalculator      system_server                        W  UID 10122 CPU freq # mismatch: Power Profile # 2 actual # 8
2023-10-25 10:54:30.313   530-574   CpuPowerCalculator      system_server                        W  UID 10122 CPU freq # mismatch: Power Profile # 2 actual # 8
2023-10-25 10:54:30.313   530-574   CpuPowerCalculator      system_server                        W  UID 10122 CPU freq # mismatch: Power Profile # 2 actual # 8
2023-10-25 10:54:30.313   530-574   CpuPowerCalculator      system_server                        W  UID 10121 CPU cluster # mismatch: Power Profile # 2 actual # 4
2023-10-25 10:54:30.313   530-574   CpuPowerCalculator      system_server                        W  UID 10121 CPU freq # mismatch: Power Profile # 2 actual # 8
2023-10-25 10:54:30.313   530-574   CpuPowerCalculator      system_server                        W  UID 10121 CPU freq # mismatch: Power Profile # 2 actual # 8
2023-10-25 10:54:30.313   530-574   CpuPowerCalculator      system_server                        W  UID 10121 CPU freq # mismatch: Power Profile # 2 actual # 8
2023-10-25 10:54:30.313   530-574   CpuPowerCalculator      system_server                        W  UID 10121 CPU freq # mismatch: Power Profile # 2 actual # 8
2023-10-25 10:54:30.313   530-574   CpuPowerCalculator      system_server                        W  UID 10119 CPU cluster # mismatch: Power Profile # 2 actual # 4
2023-10-25 10:54:30.313   530-574   CpuPowerCalculator      system_server                        W  UID 10119 CPU freq # mismatch: Power Profile # 2 actual # 8
2023-10-25 10:54:30.313   530-574   CpuPowerCalculator      system_server                        W  UID 10119 CPU freq # mismatch: Power Profile # 2 actual # 8
2023-10-25 10:54:30.313   530-574   CpuPowerCalculator      system_server                        W  UID 10119 CPU freq # mismatch: Power Profile # 2 actual # 8
2023-10-25 10:54:30.313   530-574   CpuPowerCalculator      system_server                        W  UID 10119 CPU freq # mismatch: Power Profile # 2 actual # 8
2023-10-25 10:54:30.313   530-574   CpuPowerCalculator      system_server                        W  UID 10118 CPU cluster # mismatch: Power Profile # 2 actual # 4
2023-10-25 10:54:30.313   530-574   CpuPowerCalculator      system_server                        W  UID 10118 CPU freq # mismatch: Power Profile # 2 actual # 8
2023-10-25 10:54:30.313   530-574   CpuPowerCalculator      system_server                        W  UID 10118 CPU freq # mismatch: Power Profile # 2 actual # 8
2023-10-25 10:54:30.313   530-574   CpuPowerCalculator      system_server                        W  UID 10118 CPU freq # mismatch: Power Profile # 2 actual # 8
2023-10-25 10:54:30.313   530-574   CpuPowerCalculator      system_server                        W  UID 10117 CPU cluster # mismatch: Power Profile # 2 actual # 4
2023-10-25 10:54:30.313   530-574   CpuPowerCalculator      system_server                        W  UID 10117 CPU freq # mismatch: Power Profile # 2 actual # 8
2023-10-25 10:54:30.313   530-574   CpuPowerCalculator      system_server                        W  UID 10117 CPU freq # mismatch: Power Profile # 2 actual # 8
2023-10-25 10:54:30.313   530-574   CpuPowerCalculator      system_server                        W  UID 10117 CPU freq # mismatch: Power Profile # 2 actual # 8
2023-10-25 10:54:30.313   530-574   CpuPowerCalculator      system_server                        W  UID 10115 CPU cluster # mismatch: Power Profile # 2 actual # 4
2023-10-25 10:54:30.314   530-574   CpuPowerCalculator      system_server                        W  UID 10115 CPU freq # mismatch: Power Profile # 2 actual # 8
2023-10-25 10:54:30.314   530-574   CpuPowerCalculator      system_server                        W  UID 10115 CPU freq # mismatch: Power Profile # 2 actual # 8
2023-10-25 10:54:30.314   530-574   CpuPowerCalculator      system_server                        W  UID 10115 CPU freq # mismatch: Power Profile # 2 actual # 8
2023-10-25 10:54:30.314   530-574   CpuPowerCalculator      system_server                        W  UID 10115 CPU freq # mismatch: Power Profile # 2 actual # 8
2023-10-25 10:54:30.314   530-574   CpuPowerCalculator      system_server                        W  UID 10114 CPU cluster # mismatch: Power Profile # 2 actual # 4
2023-10-25 10:54:30.314   530-574   CpuPowerCalculator      system_server                        W  UID 10114 CPU freq # mismatch: Power Profile # 2 actual # 8
2023-10-25 10:54:30.314   530-574   CpuPowerCalculator      system_server                        W  UID 10114 CPU freq # mismatch: Power Profile # 2 actual # 8
2023-10-25 10:54:30.314   530-574   CpuPowerCalculator      system_server                        W  UID 10114 CPU freq # mismatch: Power Profile # 2 actual # 8
2023-10-25 10:54:30.314   530-574   CpuPowerCalculator      system_server                        W  UID 10113 CPU cluster # mismatch: Power Profile # 2 actual # 4
2023-10-25 10:54:30.314   530-574   CpuPowerCalculator      system_server                        W  UID 10113 CPU freq # mismatch: Power Profile # 2 actual # 8
2023-10-25 10:54:30.314   530-574   CpuPowerCalculator      system_server                        W  UID 10113 CPU freq # mismatch: Power Profile # 2 actual # 8
2023-10-25 10:54:30.314   530-574   CpuPowerCalculator      system_server                        W  UID 10113 CPU freq # mismatch: Power Profile # 2 actual # 8
2023-10-25 10:54:30.314   530-574   CpuPowerCalculator      system_server                        W  UID 10112 CPU cluster # mismatch: Power Profile # 2 actual # 4
2023-10-25 10:54:30.314   530-574   CpuPowerCalculator      system_server                        W  UID 10112 CPU freq # mismatch: Power Profile # 2 actual # 8
2023-10-25 10:54:30.314   530-574   CpuPowerCalculator      system_server                        W  UID 10112 CPU freq # mismatch: Power Profile # 2 actual # 8
2023-10-25 10:54:30.314   530-574   CpuPowerCalculator      system_server                        W  UID 10112 CPU freq # mismatch: Power Profile # 2 actual # 8
2023-10-25 10:54:30.314   530-574   CpuPowerCalculator      system_server                        W  UID 10111 CPU cluster # mismatch: Power Profile # 2 actual # 4
2023-10-25 10:54:30.314   530-574   CpuPowerCalculator      system_server                        W  UID 10111 CPU freq # mismatch: Power Profile # 2 actual # 8
2023-10-25 10:54:30.315   530-574   CpuPowerCalculator      system_server                        W  UID 10111 CPU freq # mismatch: Power Profile # 2 actual # 8
2023-10-25 10:54:30.315   530-574   CpuPowerCalculator      system_server                        W  UID 10111 CPU freq # mismatch: Power Profile # 2 actual # 8
2023-10-25 10:54:30.315   530-574   CpuPowerCalculator      system_server                        W  UID 10111 CPU freq # mismatch: Power Profile # 2 actual # 8
2023-10-25 10:54:30.315   530-574   CpuPowerCalculator      system_server                        W  UID 10110 CPU cluster # mismatch: Power Profile # 2 actual # 4
2023-10-25 10:54:30.315   530-574   CpuPowerCalculator      system_server                        W  UID 10110 CPU freq # mismatch: Power Profile # 2 actual # 8
2023-10-25 10:54:30.315   530-574   CpuPowerCalculator      system_server                        W  UID 10110 CPU freq # mismatch: Power Profile # 2 actual # 8
2023-10-25 10:54:30.315   530-574   CpuPowerCalculator      system_server                        W  UID 10110 CPU freq # mismatch: Power Profile # 2 actual # 8
2023-10-25 10:54:30.315   530-574   CpuPowerCalculator      system_server                        W  UID 10110 CPU freq # mismatch: Power Profile # 2 actual # 8
2023-10-25 10:54:30.315   530-574   CpuPowerCalculator      system_server                        W  UID 10109 CPU cluster # mismatch: Power Profile # 2 actual # 4
2023-10-25 10:54:30.315   530-574   CpuPowerCalculator      system_server                        W  UID 10109 CPU freq # mismatch: Power Profile # 2 actual # 8
2023-10-25 10:54:30.315   530-574   CpuPowerCalculator      system_server                        W  UID 10109 CPU freq # mismatch: Power Profile # 2 actual # 8
2023-10-25 10:54:30.315   530-574   CpuPowerCalculator      system_server                        W  UID 10109 CPU freq # mismatch: Power Profile # 2 actual # 8
2023-10-25 10:54:30.315   530-574   CpuPowerCalculator      system_server                        W  UID 10108 CPU cluster # mismatch: Power Profile # 2 actual # 4
2023-10-25 10:54:30.315   530-574   CpuPowerCalculator      system_server                        W  UID 10108 CPU freq # mismatch: Power Profile # 2 actual # 8
2023-10-25 10:54:30.315   530-574   CpuPowerCalculator      system_server                        W  UID 10108 CPU freq # mismatch: Power Profile # 2 actual # 8
2023-10-25 10:54:30.315   530-574   CpuPowerCalculator      system_server                        W  UID 10108 CPU freq # mismatch: Power Profile # 2 actual # 8
2023-10-25 10:54:30.315   530-574   CpuPowerCalculator      system_server                        W  UID 10106 CPU cluster # mismatch: Power Profile # 2 actual # 4
2023-10-25 10:54:30.315   530-574   CpuPowerCalculator      system_server                        W  UID 10106 CPU freq # mismatch: Power Profile # 2 actual # 8
2023-10-25 10:54:30.315   530-574   CpuPowerCalculator      system_server                        W  UID 10106 CPU freq # mismatch: Power Profile # 2 actual # 8
2023-10-25 10:54:30.315   530-574   CpuPowerCalculator      system_server                        W  UID 10106 CPU freq # mismatch: Power Profile # 2 actual # 8
2023-10-25 10:54:30.315   530-574   CpuPowerCalculator      system_server                        W  UID 10097 CPU cluster # mismatch: Power Profile # 2 actual # 4
2023-10-25 10:54:30.315   530-574   CpuPowerCalculator      system_server                        W  UID 10097 CPU freq # mismatch: Power Profile # 2 actual # 8
2023-10-25 10:54:30.315   530-574   CpuPowerCalculator      system_server                        W  UID 10097 CPU freq # mismatch: Power Profile # 2 actual # 8
2023-10-25 10:54:30.315   530-574   CpuPowerCalculator      system_server                        W  UID 10097 CPU freq # mismatch: Power Profile # 2 actual # 8
2023-10-25 10:54:30.315   530-574   CpuPowerCalculator      system_server                        W  UID 10092 CPU cluster # mismatch: Power Profile # 2 actual # 4
2023-10-25 10:54:30.315   530-574   CpuPowerCalculator      system_server                        W  UID 10092 CPU freq # mismatch: Power Profile # 2 actual # 8
2023-10-25 10:54:30.315   530-574   CpuPowerCalculator      system_server                        W  UID 10092 CPU freq # mismatch: Power Profile # 2 actual # 8
2023-10-25 10:54:30.315   530-574   CpuPowerCalculator      system_server                        W  UID 10092 CPU freq # mismatch: Power Profile # 2 actual # 8
2023-10-25 10:54:30.315   530-574   CpuPowerCalculator      system_server                        W  UID 10092 CPU freq # mismatch: Power Profile # 2 actual # 8
2023-10-25 10:54:30.315   530-574   CpuPowerCalculator      system_server                        W  UID 10090 CPU cluster # mismatch: Power Profile # 2 actual # 4
2023-10-25 10:54:30.315   530-574   CpuPowerCalculator      system_server                        W  UID 10090 CPU freq # mismatch: Power Profile # 2 actual # 8
2023-10-25 10:54:30.315   530-574   CpuPowerCalculator      system_server                        W  UID 10090 CPU freq # mismatch: Power Profile # 2 actual # 8
2023-10-25 10:54:30.315   530-574   CpuPowerCalculator      system_server                        W  UID 10090 CPU freq # mismatch: Power Profile # 2 actual # 8
2023-10-25 10:54:30.315   530-574   CpuPowerCalculator      system_server                        W  UID 10086 CPU cluster # mismatch: Power Profile # 2 actual # 4
2023-10-25 10:54:30.315   530-574   CpuPowerCalculator      system_server                        W  UID 10086 CPU freq # mismatch: Power Profile # 2 actual # 8
2023-10-25 10:54:30.316   530-574   CpuPowerCalculator      system_server                        W  UID 10086 CPU freq # mismatch: Power Profile # 2 actual # 8
2023-10-25 10:54:30.316   530-574   CpuPowerCalculator      system_server                        W  UID 10086 CPU freq # mismatch: Power Profile # 2 actual # 8
2023-10-25 10:54:30.316   530-574   CpuPowerCalculator      system_server                        W  UID 10084 CPU cluster # mismatch: Power Profile # 2 actual # 4
2023-10-25 10:54:30.316   530-574   CpuPowerCalculator      system_server                        W  UID 10084 CPU freq # mismatch: Power Profile # 2 actual # 8
2023-10-25 10:54:30.316   530-574   CpuPowerCalculator      system_server                        W  UID 10084 CPU freq # mismatch: Power Profile # 2 actual # 8
2023-10-25 10:54:30.316   530-574   CpuPowerCalculator      system_server                        W  UID 10084 CPU freq # mismatch: Power Profile # 2 actual # 8
2023-10-25 10:54:30.316   530-574   CpuPowerCalculator      system_server                        W  UID 10084 CPU freq # mismatch: Power Profile # 2 actual # 8
2023-10-25 10:54:30.316   530-574   CpuPowerCalculator      system_server                        W  UID 10083 CPU cluster # mismatch: Power Profile # 2 actual # 4
2023-10-25 10:54:30.316   530-574   CpuPowerCalculator      system_server                        W  UID 10083 CPU freq # mismatch: Power Profile # 2 actual # 8
2023-10-25 10:54:30.316   530-574   CpuPowerCalculator      system_server                        W  UID 10083 CPU freq # mismatch: Power Profile # 2 actual # 8
2023-10-25 10:54:30.316   530-574   CpuPowerCalculator      system_server                        W  UID 10083 CPU freq # mismatch: Power Profile # 2 actual # 8
2023-10-25 10:54:30.316   530-574   CpuPowerCalculator      system_server                        W  UID 10082 CPU cluster # mismatch: Power Profile # 2 actual # 4
2023-10-25 10:54:30.316   530-574   CpuPowerCalculator      system_server                        W  UID 10082 CPU freq # mismatch: Power Profile # 2 actual # 8
2023-10-25 10:54:30.316   530-574   CpuPowerCalculator      system_server                        W  UID 10082 CPU freq # mismatch: Power Profile # 2 actual # 8
2023-10-25 10:54:30.316   530-574   CpuPowerCalculator      system_server                        W  UID 10082 CPU freq # mismatch: Power Profile # 2 actual # 8
2023-10-25 10:54:30.316   530-574   CpuPowerCalculator      system_server                        W  UID 10077 CPU cluster # mismatch: Power Profile # 2 actual # 4
2023-10-25 10:54:30.316   530-574   CpuPowerCalculator      system_server                        W  UID 10077 CPU freq # mismatch: Power Profile # 2 actual # 8
2023-10-25 10:54:30.316   530-574   CpuPowerCalculator      system_server                        W  UID 10077 CPU freq # mismatch: Power Profile # 2 actual # 8
2023-10-25 10:54:30.316   530-574   CpuPowerCalculator      system_server                        W  UID 10077 CPU freq # mismatch: Power Profile # 2 actual # 8
2023-10-25 10:54:30.316   530-574   CpuPowerCalculator      system_server                        W  UID 10076 CPU cluster # mismatch: Power Profile # 2 actual # 4
2023-10-25 10:54:30.316   530-574   CpuPowerCalculator      system_server                        W  UID 10076 CPU freq # mismatch: Power Profile # 2 actual # 8
2023-10-25 10:54:30.316   530-574   CpuPowerCalculator      system_server                        W  UID 10076 CPU freq # mismatch: Power Profile # 2 actual # 8
2023-10-25 10:54:30.316   530-574   CpuPowerCalculator      system_server                        W  UID 10076 CPU freq # mismatch: Power Profile # 2 actual # 8
2023-10-25 10:54:30.316   530-574   CpuPowerCalculator      system_server                        W  UID 10075 CPU cluster # mismatch: Power Profile # 2 actual # 4
2023-10-25 10:54:30.316   530-574   CpuPowerCalculator      system_server                        W  UID 10075 CPU freq # mismatch: Power Profile # 2 actual # 8
2023-10-25 10:54:30.316   530-574   CpuPowerCalculator      system_server                        W  UID 10075 CPU freq # mismatch: Power Profile # 2 actual # 8
2023-10-25 10:54:30.316   530-574   CpuPowerCalculator      system_server                        W  UID 10075 CPU freq # mismatch: Power Profile # 2 actual # 8
2023-10-25 10:54:30.316   530-574   CpuPowerCalculator      system_server                        W  UID 10075 CPU freq # mismatch: Power Profile # 2 actual # 8
2023-10-25 10:54:30.316   530-574   CpuPowerCalculator      system_server                        W  UID 10073 CPU cluster # mismatch: Power Profile # 2 actual # 4
2023-10-25 10:54:30.316   530-574   CpuPowerCalculator      system_server                        W  UID 10073 CPU freq # mismatch: Power Profile # 2 actual # 8
2023-10-25 10:54:30.316   530-574   CpuPowerCalculator      system_server                        W  UID 10073 CPU freq # mismatch: Power Profile # 2 actual # 8
2023-10-25 10:54:30.316   530-574   CpuPowerCalculator      system_server                        W  UID 10073 CPU freq # mismatch: Power Profile # 2 actual # 8
2023-10-25 10:54:30.317   530-574   CpuPowerCalculator      system_server                        W  UID 10073 CPU freq # mismatch: Power Profile # 2 actual # 8
2023-10-25 10:54:30.317   530-574   CpuPowerCalculator      system_server                        W  UID 9999 CPU cluster # mismatch: Power Profile # 2 actual # 4
2023-10-25 10:54:30.317   530-574   CpuPowerCalculator      system_server                        W  UID 9999 CPU freq # mismatch: Power Profile # 2 actual # 8
2023-10-25 10:54:30.317   530-574   CpuPowerCalculator      system_server                        W  UID 2000 CPU cluster # mismatch: Power Profile # 2 actual # 4
2023-10-25 10:54:30.317   530-574   CpuPowerCalculator      system_server                        W  UID 2000 CPU freq # mismatch: Power Profile # 2 actual # 8
2023-10-25 10:54:30.317   530-574   CpuPowerCalculator      system_server                        W  UID 2000 CPU freq # mismatch: Power Profile # 2 actual # 8
2023-10-25 10:54:30.317   530-574   CpuPowerCalculator      system_server                        W  UID 2000 CPU freq # mismatch: Power Profile # 2 actual # 8
2023-10-25 10:54:30.317   530-574   CpuPowerCalculator      system_server                        W  UID 1092 CPU cluster # mismatch: Power Profile # 2 actual # 4
2023-10-25 10:54:30.317   530-574   CpuPowerCalculator      system_server                        W  UID 1092 CPU freq # mismatch: Power Profile # 2 actual # 8
2023-10-25 10:54:30.317   530-574   CpuPowerCalculator      system_server                        W  UID 1086 CPU cluster # mismatch: Power Profile # 2 actual # 4
2023-10-25 10:54:30.317   530-574   CpuPowerCalculator      system_server                        W  UID 1086 CPU freq # mismatch: Power Profile # 2 actual # 8
2023-10-25 10:54:30.317   530-574   CpuPowerCalculator      system_server                        W  UID 1082 CPU cluster # mismatch: Power Profile # 2 actual # 4
2023-10-25 10:54:30.317   530-574   CpuPowerCalculator      system_server                        W  UID 1082 CPU freq # mismatch: Power Profile # 2 actual # 8
2023-10-25 10:54:30.317   530-574   CpuPowerCalculator      system_server                        W  UID 1073 CPU cluster # mismatch: Power Profile # 2 actual # 4
2023-10-25 10:54:30.317   530-574   CpuPowerCalculator      system_server                        W  UID 1073 CPU freq # mismatch: Power Profile # 2 actual # 8
2023-10-25 10:54:30.317   530-574   CpuPowerCalculator      system_server                        W  UID 1073 CPU freq # mismatch: Power Profile # 2 actual # 8
2023-10-25 10:54:30.317   530-574   CpuPowerCalculator      system_server                        W  UID 1073 CPU freq # mismatch: Power Profile # 2 actual # 8
2023-10-25 10:54:30.317   530-574   CpuPowerCalculator      system_server                        W  UID 1072 CPU cluster # mismatch: Power Profile # 2 actual # 4
2023-10-25 10:54:30.317   530-574   CpuPowerCalculator      system_server                        W  UID 1072 CPU freq # mismatch: Power Profile # 2 actual # 8
2023-10-25 10:54:30.317   530-574   CpuPowerCalculator      system_server                        W  UID 1069 CPU cluster # mismatch: Power Profile # 2 actual # 4
2023-10-25 10:54:30.317   530-574   CpuPowerCalculator      system_server                        W  UID 1069 CPU freq # mismatch: Power Profile # 2 actual # 8
2023-10-25 10:54:30.317   530-574   CpuPowerCalculator      system_server                        W  UID 1068 CPU cluster # mismatch: Power Profile # 2 actual # 4
2023-10-25 10:54:30.317   530-574   CpuPowerCalculator      system_server                        W  UID 1068 CPU freq # mismatch: Power Profile # 2 actual # 8
2023-10-25 10:54:30.317   530-574   CpuPowerCalculator      system_server                        W  UID 1068 CPU freq # mismatch: Power Profile # 2 actual # 8
2023-10-25 10:54:30.317   530-574   CpuPowerCalculator      system_server                        W  UID 1068 CPU freq # mismatch: Power Profile # 2 actual # 8
2023-10-25 10:54:30.317   530-574   CpuPowerCalculator      system_server                        W  UID 1066 CPU cluster # mismatch: Power Profile # 2 actual # 4
2023-10-25 10:54:30.317   530-574   CpuPowerCalculator      system_server                        W  UID 1066 CPU freq # mismatch: Power Profile # 2 actual # 8
2023-10-25 10:54:30.317   530-574   CpuPowerCalculator      system_server                        W  UID 1058 CPU cluster # mismatch: Power Profile # 2 actual # 4
2023-10-25 10:54:30.317   530-574   CpuPowerCalculator      system_server                        W  UID 1058 CPU freq # mismatch: Power Profile # 2 actual # 8
2023-10-25 10:54:30.317   530-574   CpuPowerCalculator      system_server                        W  UID 1053 CPU cluster # mismatch: Power Profile # 2 actual # 4
2023-10-25 10:54:30.317   530-574   CpuPowerCalculator      system_server                        W  UID 1053 CPU freq # mismatch: Power Profile # 2 actual # 8
2023-10-25 10:54:30.317   530-574   CpuPowerCalculator      system_server                        W  UID 1047 CPU cluster # mismatch: Power Profile # 2 actual # 4
2023-10-25 10:54:30.317   530-574   CpuPowerCalculator      system_server                        W  UID 1047 CPU freq # mismatch: Power Profile # 2 actual # 8
2023-10-25 10:54:30.317   530-574   CpuPowerCalculator      system_server                        W  UID 1046 CPU cluster # mismatch: Power Profile # 2 actual # 4
2023-10-25 10:54:30.317   530-574   CpuPowerCalculator      system_server                        W  UID 1046 CPU freq # mismatch: Power Profile # 2 actual # 8
2023-10-25 10:54:30.317   530-574   CpuPowerCalculator      system_server                        W  UID 1041 CPU cluster # mismatch: Power Profile # 2 actual # 4
2023-10-25 10:54:30.317   530-574   CpuPowerCalculator      system_server                        W  UID 1041 CPU freq # mismatch: Power Profile # 2 actual # 8
2023-10-25 10:54:30.317   530-574   CpuPowerCalculator      system_server                        W  UID 1040 CPU cluster # mismatch: Power Profile # 2 actual # 4
2023-10-25 10:54:30.318   530-574   CpuPowerCalculator      system_server                        W  UID 1040 CPU freq # mismatch: Power Profile # 2 actual # 8
2023-10-25 10:54:30.318   530-574   CpuPowerCalculator      system_server                        W  UID 1036 CPU cluster # mismatch: Power Profile # 2 actual # 4
2023-10-25 10:54:30.318   530-574   CpuPowerCalculator      system_server                        W  UID 1036 CPU freq # mismatch: Power Profile # 2 actual # 8
2023-10-25 10:54:30.318   530-574   CpuPowerCalculator      system_server                        W  UID 1027 CPU cluster # mismatch: Power Profile # 2 actual # 4
2023-10-25 10:54:30.318   530-574   CpuPowerCalculator      system_server                        W  UID 1027 CPU freq # mismatch: Power Profile # 2 actual # 8
2023-10-25 10:54:30.318   530-574   CpuPowerCalculator      system_server                        W  UID 1027 CPU freq # mismatch: Power Profile # 2 actual # 8
2023-10-25 10:54:30.318   530-574   CpuPowerCalculator      system_server                        W  UID 1027 CPU freq # mismatch: Power Profile # 2 actual # 8
2023-10-25 10:54:30.318   530-574   CpuPowerCalculator      system_server                        W  UID 1021 CPU cluster # mismatch: Power Profile # 2 actual # 4
2023-10-25 10:54:30.318   530-574   CpuPowerCalculator      system_server                        W  UID 1021 CPU freq # mismatch: Power Profile # 2 actual # 8
2023-10-25 10:54:30.318   530-574   CpuPowerCalculator      system_server                        W  UID 1020 CPU cluster # mismatch: Power Profile # 2 actual # 4
2023-10-25 10:54:30.318   530-574   CpuPowerCalculator      system_server                        W  UID 1020 CPU freq # mismatch: Power Profile # 2 actual # 8
2023-10-25 10:54:30.318   530-574   CpuPowerCalculator      system_server                        W  UID 1019 CPU cluster # mismatch: Power Profile # 2 actual # 4
2023-10-25 10:54:30.318   530-574   CpuPowerCalculator      system_server                        W  UID 1019 CPU freq # mismatch: Power Profile # 2 actual # 8
2023-10-25 10:54:30.318   530-574   CpuPowerCalculator      system_server                        W  UID 1017 CPU cluster # mismatch: Power Profile # 2 actual # 4
2023-10-25 10:54:30.318   530-574   CpuPowerCalculator      system_server                        W  UID 1017 CPU freq # mismatch: Power Profile # 2 actual # 8
2023-10-25 10:54:30.318   530-574   CpuPowerCalculator      system_server                        W  UID 1013 CPU cluster # mismatch: Power Profile # 2 actual # 4
2023-10-25 10:54:30.318   530-574   CpuPowerCalculator      system_server                        W  UID 1013 CPU freq # mismatch: Power Profile # 2 actual # 8
2023-10-25 10:54:30.318   530-574   CpuPowerCalculator      system_server                        W  UID 1010 CPU cluster # mismatch: Power Profile # 2 actual # 4
2023-10-25 10:54:30.318   530-574   CpuPowerCalculator      system_server                        W  UID 1010 CPU freq # mismatch: Power Profile # 2 actual # 8
2023-10-25 10:54:30.318   530-574   CpuPowerCalculator      system_server                        W  UID 1003 CPU cluster # mismatch: Power Profile # 2 actual # 4
2023-10-25 10:54:30.318   530-574   CpuPowerCalculator      system_server                        W  UID 1003 CPU freq # mismatch: Power Profile # 2 actual # 8
2023-10-25 10:54:30.318   530-574   CpuPowerCalculator      system_server                        W  UID 1002 CPU cluster # mismatch: Power Profile # 2 actual # 4
2023-10-25 10:54:30.318   530-574   CpuPowerCalculator      system_server                        W  UID 1002 CPU freq # mismatch: Power Profile # 2 actual # 8
2023-10-25 10:54:30.318   530-574   CpuPowerCalculator      system_server                        W  UID 1002 CPU freq # mismatch: Power Profile # 2 actual # 8
2023-10-25 10:54:30.318   530-574   CpuPowerCalculator      system_server                        W  UID 1002 CPU freq # mismatch: Power Profile # 2 actual # 8
2023-10-25 10:54:30.318   530-574   CpuPowerCalculator      system_server                        W  UID 1001 CPU cluster # mismatch: Power Profile # 2 actual # 4
2023-10-25 10:54:30.318   530-574   CpuPowerCalculator      system_server                        W  UID 1001 CPU freq # mismatch: Power Profile # 2 actual # 8
2023-10-25 10:54:30.318   530-574   CpuPowerCalculator      system_server                        W  UID 1001 CPU freq # mismatch: Power Profile # 2 actual # 8
2023-10-25 10:54:30.318   530-574   CpuPowerCalculator      system_server                        W  UID 1001 CPU freq # mismatch: Power Profile # 2 actual # 8
2023-10-25 10:54:30.318   530-574   CpuPowerCalculator      system_server                        W  UID 1000 CPU cluster # mismatch: Power Profile # 2 actual # 4
2023-10-25 10:54:30.318   530-574   CpuPowerCalculator      system_server                        W  UID 1000 CPU freq # mismatch: Power Profile # 2 actual # 8
2023-10-25 10:54:30.318   530-574   CpuPowerCalculator      system_server                        W  UID 1000 CPU freq # mismatch: Power Profile # 2 actual # 8
2023-10-25 10:54:30.318   530-574   CpuPowerCalculator      system_server                        W  UID 1000 CPU freq # mismatch: Power Profile # 2 actual # 8
2023-10-25 10:54:30.318   530-574   CpuPowerCalculator      system_server                        W  UID 0 CPU cluster # mismatch: Power Profile # 2 actual # 4
2023-10-25 10:54:30.318   530-574   CpuPowerCalculator      system_server                        W  UID 0 CPU freq # mismatch: Power Profile # 2 actual # 8
2023-10-25 10:54:37.482   882-882   StatusBarIconController com.android.systemui                 D  ignoring old pipeline callbacks, because the new mobile icons are enabled
2023-10-25 10:54:47.483   882-882   StatusBarIconController com.android.systemui                 D  ignoring old pipeline callbacks, because the new mobile icons are enabled
2023-10-25 10:54:57.483   882-882   StatusBarIconController com.android.systemui                 D  ignoring old pipeline callbacks, because the new mobile icons are enabled
2023-10-25 10:55:00.009  1635-2071  AiAiEcho                com.google.android.as                I  Predicting[0]: 
2023-10-25 10:55:00.010  1635-2071  AiAiEcho                com.google.android.as                I  EchoTargets: 
                                                                                                    Filtered by AiAi flag check: 
2023-10-25 10:55:00.010  1635-2071  AiAiEcho                com.google.android.as                I  Ranked targets strategy: SORT, count: 0, ranking metadata: 
2023-10-25 10:55:00.012  1635-2071  AiAiEcho                com.google.android.as                I  #postPredictionTargets: Sending updates to UISurface lockscreen with targets# 0 (types=[])
2023-10-25 10:55:00.029   882-882   PageIndicator           com.android.systemui                 W  Total number of pages invalid: 0. Assuming 1 page.
2023-10-25 10:55:00.032   882-956   EGL_emulation           com.android.systemui                 D  app_time_stats: avg=59998.09ms min=59998.09ms max=59998.09ms count=1
2023-10-25 10:55:07.485   882-882   StatusBarIconController com.android.systemui                 D  ignoring old pipeline callbacks, because the new mobile icons are enabled
2023-10-25 10:55:17.483   882-882   StatusBarIconController com.android.systemui                 D  ignoring old pipeline callbacks, because the new mobile icons are enabled
2023-10-25 10:55:27.481   882-882   StatusBarIconController com.android.systemui                 D  ignoring old pipeline callbacks, because the new mobile icons are enabled
2023-10-25 10:55:37.491   882-882   StatusBarIconController com.android.systemui                 D  ignoring old pipeline callbacks, because the new mobile icons are enabled
2023-10-25 10:55:37.494   882-956   EGL_emulation           com.android.systemui                 D  app_time_stats: avg=37461.36ms min=37461.36ms max=37461.36ms count=1
2023-10-25 10:55:37.537   530-2268  WifiNl80211Manager      system_server                        D  Scan result ready event
2023-10-25 10:55:37.537   530-2268  WifiNative              system_server                        D  Scan result ready event
2023-10-25 10:55:47.482   882-882   StatusBarIconController com.android.systemui                 D  ignoring old pipeline callbacks, because the new mobile icons are enabled
2023-10-25 10:55:57.483   882-882   StatusBarIconController com.android.systemui                 D  ignoring old pipeline callbacks, because the new mobile icons are enabled
2023-10-25 10:56:00.008  1635-2071  AiAiEcho                com.google.android.as                I  Predicting[0]: 
2023-10-25 10:56:00.009  1635-2071  AiAiEcho                com.google.android.as                I  EchoTargets: 
                                                                                                    Filtered by AiAi flag check: 
2023-10-25 10:56:00.009  1635-2071  AiAiEcho                com.google.android.as                I  Ranked targets strategy: SORT, count: 0, ranking metadata: 
2023-10-25 10:56:00.011  1635-2071  AiAiEcho                com.google.android.as                I  #postPredictionTargets: Sending updates to UISurface lockscreen with targets# 0 (types=[])
2023-10-25 10:56:00.030   882-882   PageIndicator           com.android.systemui                 W  Total number of pages invalid: 0. Assuming 1 page.
2023-10-25 10:56:00.033   882-956   EGL_emulation           com.android.systemui                 D  app_time_stats: avg=22538.50ms min=22538.50ms max=22538.50ms count=1
2023-10-25 10:56:07.483   882-882   StatusBarIconController com.android.systemui                 D  ignoring old pipeline callbacks, because the new mobile icons are enabled
2023-10-25 10:56:17.491   882-882   StatusBarIconController com.android.systemui                 D  ignoring old pipeline callbacks, because the new mobile icons are enabled
2023-10-25 10:56:17.494   882-956   EGL_emulation           com.android.systemui                 D  app_time_stats: avg=17461.56ms min=17461.56ms max=17461.56ms count=1
2023-10-25 10:56:27.485   882-882   StatusBarIconController com.android.systemui                 D  ignoring old pipeline callbacks, because the new mobile icons are enabled
2023-10-25 10:56:37.485   882-882   StatusBarIconController com.android.systemui                 D  ignoring old pipeline callbacks, because the new mobile icons are enabled
2023-10-25 10:56:47.486   882-882   StatusBarIconController com.android.systemui                 D  ignoring old pipeline callbacks, because the new mobile icons are enabled
2023-10-25 10:56:57.488   882-882   StatusBarIconController com.android.systemui                 D  ignoring old pipeline callbacks, because the new mobile icons are enabled
2023-10-25 10:56:57.512   882-956   EGL_emulation           com.android.systemui                 D  app_time_stats: avg=40017.77ms min=40017.77ms max=40017.77ms count=1
2023-10-25 10:57:00.006  1635-2071  AiAiEcho                com.google.android.as                I  Predicting[0]: 
2023-10-25 10:57:00.006  1635-2071  AiAiEcho                com.google.android.as                I  EchoTargets: 
                                                                                                    Filtered by AiAi flag check: 
2023-10-25 10:57:00.007  1635-2071  AiAiEcho                com.google.android.as                I  Ranked targets strategy: SORT, count: 0, ranking metadata: 
2023-10-25 10:57:00.008  1635-2071  AiAiEcho                com.google.android.as                I  #postPredictionTargets: Sending updates to UISurface lockscreen with targets# 0 (types=[])
2023-10-25 10:57:00.028   882-882   PageIndicator           com.android.systemui                 W  Total number of pages invalid: 0. Assuming 1 page.
2023-10-25 10:57:00.030   882-956   EGL_emulation           com.android.systemui                 D  app_time_stats: avg=2517.05ms min=2517.05ms max=2517.05ms count=1
2023-10-25 10:57:07.487   882-882   StatusBarIconController com.android.systemui                 D  ignoring old pipeline callbacks, because the new mobile icons are enabled
2023-10-25 10:57:17.485   882-882   StatusBarIconController com.android.systemui                 D  ignoring old pipeline callbacks, because the new mobile icons are enabled
2023-10-25 10:57:27.487   882-882   StatusBarIconController com.android.systemui                 D  ignoring old pipeline callbacks, because the new mobile icons are enabled
2023-10-25 10:57:37.487   882-882   StatusBarIconController com.android.systemui                 D  ignoring old pipeline callbacks, because the new mobile icons are enabled
2023-10-25 10:57:43.247 25852-25982 PhenotypeProcessReaper  com.google.android.gms.persistent    I  Memory state is: 125
2023-10-25 10:57:47.488   882-882   StatusBarIconController com.android.systemui                 D  ignoring old pipeline callbacks, because the new mobile icons are enabled
2023-10-25 10:57:57.488   882-882   StatusBarIconController com.android.systemui                 D  ignoring old pipeline callbacks, because the new mobile icons are enabled
2023-10-25 10:58:00.009  1635-2071  AiAiEcho                com.google.android.as                I  Predicting[0]: 
2023-10-25 10:58:00.009  1635-2071  AiAiEcho                com.google.android.as                I  EchoTargets: 
                                                                                                    Filtered by AiAi flag check: 
2023-10-25 10:58:00.009  1635-2071  AiAiEcho                com.google.android.as                I  Ranked targets strategy: SORT, count: 0, ranking metadata: 
2023-10-25 10:58:00.010  1635-2071  AiAiEcho                com.google.android.as                I  #postPredictionTargets: Sending updates to UISurface lockscreen with targets# 0 (types=[])
2023-10-25 10:58:00.028   882-882   PageIndicator           com.android.systemui                 W  Total number of pages invalid: 0. Assuming 1 page.
2023-10-25 10:58:00.031   882-956   EGL_emulation           com.android.systemui                 D  app_time_stats: avg=60000.73ms min=60000.73ms max=60000.73ms count=1
2023-10-25 10:58:07.488   882-882   StatusBarIconController com.android.systemui                 D  ignoring old pipeline callbacks, because the new mobile icons are enabled
2023-10-25 10:58:10.402  7211-7593  PhenotypeProcessReaper  com...gle.android.inputmethod.latin  I  Memory state is: 200
2023-10-25 10:58:16.114   530-809   WifiStaIfaceAidlImpl    system_server                        E  installApfPacketFilter failed with service-specific exception: android.os.ServiceSpecificException:  (code 4)
2023-10-25 10:58:16.432   882-882   StatusBarIconController com.android.systemui                 D  ignoring old pipeline callback because the new wifi icon is enabled
2023-10-25 10:58:17.486   882-882   StatusBarIconController com.android.systemui                 D  ignoring old pipeline callbacks, because the new mobile icons are enabled
2023-10-25 10:58:17.526   530-1322  WifiNl80211Manager      system_server                        D  Scan result ready event
2023-10-25 10:58:17.526   530-1322  WifiNative              system_server                        D  Scan result ready event
2023-10-25 10:58:19.442   882-882   StatusBarIconController com.android.systemui                 D  ignoring old pipeline callback because the new wifi icon is enabled
2023-10-25 10:58:27.488   882-882   StatusBarIconController com.android.systemui                 D  ignoring old pipeline callbacks, because the new mobile icons are enabled
2023-10-25 10:58:28.714 25852-31525 PhenotypeProcessReaper  com.google.android.gms.persistent    I  Memory state is: 125
2023-10-25 10:58:35.922 25852-32707 AlarmManager            com.google.android.gms.persistent    I  setExactAndAllowWhileIdle [name: GCM_HB_ALARM type: 2 triggerAtMillis: 136381754]
2023-10-25 10:58:35.925 25852-32707 AlarmManager            com.google.android.gms.persistent    I  setExactAndAllowWhileIdle [name: GCM_HB_ALARM type: 2 triggerAtMillis: 136381756]
2023-10-25 10:58:35.927   530-552   ProcessStats            system_server                        W  Tracking association SourceState{c7c556b system/1000 BFgs #44542} whose proc state 4 is better than process ProcessState{2fd5fd1 com.google.android.apps.messaging:rcs/10121 pkg=com.google.android.apps.messaging} proc state 8 (0 skipped)
2023-10-25 10:58:37.507   882-882   StatusBarIconController com.android.systemui                 D  ignoring old pipeline callbacks, because the new mobile icons are enabled
2023-10-25 10:58:37.508   882-882   StatusBarIconController com.android.systemui                 D  ignoring old pipeline callback because the new wifi icon is enabled
2023-10-25 10:58:37.510   882-956   EGL_emulation           com.android.systemui                 D  app_time_stats: avg=37479.14ms min=37479.14ms max=37479.14ms count=1
2023-10-25 10:58:40.518   882-882   StatusBarIconController com.android.systemui                 D  ignoring old pipeline callback because the new wifi icon is enabled
2023-10-25 10:58:43.525   882-882   StatusBarIconController com.android.systemui                 D  ignoring old pipeline callback because the new wifi icon is enabled
2023-10-25 10:58:46.535   882-882   StatusBarIconController com.android.systemui                 D  ignoring old pipeline callback because the new wifi icon is enabled
2023-10-25 10:58:47.491   882-882   StatusBarIconController com.android.systemui                 D  ignoring old pipeline callbacks, because the new mobile icons are enabled
2023-10-25 10:58:57.488   882-882   StatusBarIconController com.android.systemui                 D  ignoring old pipeline callbacks, because the new mobile icons are enabled
2023-10-25 10:59:00.008  1635-2071  AiAiEcho                com.google.android.as                I  Predicting[0]: 
2023-10-25 10:59:00.008  1635-2071  AiAiEcho                com.google.android.as                I  EchoTargets: 
                                                                                                    Filtered by AiAi flag check: 
2023-10-25 10:59:00.008  1635-2071  AiAiEcho                com.google.android.as                I  Ranked targets strategy: SORT, count: 0, ranking metadata: 
2023-10-25 10:59:00.009  1635-2071  AiAiEcho                com.google.android.as                I  #postPredictionTargets: Sending updates to UISurface lockscreen with targets# 0 (types=[])
2023-10-25 10:59:00.026   882-882   PageIndicator           com.android.systemui                 W  Total number of pages invalid: 0. Assuming 1 page.
2023-10-25 10:59:00.029   882-956   EGL_emulation           com.android.systemui                 D  app_time_stats: avg=22518.25ms min=22518.25ms max=22518.25ms count=1
2023-10-25 10:59:01.157  5402-5465  TimedProcessReaper      com.google.android.apps.messaging    W  Memory state is: 125
2023-10-25 10:59:07.490   882-882   StatusBarIconController com.android.systemui                 D  ignoring old pipeline callbacks, because the new mobile icons are enabled
2023-10-25 10:59:17.488   882-882   StatusBarIconController com.android.systemui                 D  ignoring old pipeline callbacks, because the new mobile icons are enabled
2023-10-25 10:59:17.509   882-956   EGL_emulation           com.android.systemui                 D  app_time_stats: avg=17479.81ms min=17479.81ms max=17479.81ms count=1
2023-10-25 10:59:25.660   882-882   StatusBarIconController com.android.systemui                 D  ignoring old pipeline callback because the new wifi icon is enabled
2023-10-25 10:59:27.083  1070-1249  bluetooth               com.google.android.bluetooth         I  packages/modules/Bluetooth/system/gd/hci/le_address_manager.cc:265 ack_pause: Client already in paused state
2023-10-25 10:59:27.128  1070-1249  bluetooth               com.google.android.bluetooth         I  packages/modules/Bluetooth/system/gd/hci/le_address_manager.cc:596 OnCommandComplete: Received command complete with op_code LE_SET_RANDOM_ADDRESS
2023-10-25 10:59:27.128  1070-1249  bluetooth               com.google.android.bluetooth         I  packages/modules/Bluetooth/system/gd/hci/le_address_manager.cc:616 OnCommandComplete: update random address : xx:xx:xx:xx:8d:96
2023-10-25 10:59:27.128  1070-1249  bluetooth               com.google.android.bluetooth         I  packages/modules/Bluetooth/system/gd/hci/le_address_manager.cc:294 resume_registered_clients: Resuming registered clients
2023-10-25 10:59:27.487   882-882   StatusBarIconController com.android.systemui                 D  ignoring old pipeline callbacks, because the new mobile icons are enabled
2023-10-25 10:59:28.672   882-882   StatusBarIconController com.android.systemui                 D  ignoring old pipeline callback because the new wifi icon is enabled
2023-10-25 10:59:37.488   882-882   StatusBarIconController com.android.systemui                 D  ignoring old pipeline callbacks, because the new mobile icons are enabled
2023-10-25 10:59:47.490   882-882   StatusBarIconController com.android.systemui                 D  ignoring old pipeline callbacks, because the new mobile icons are enabled
2023-10-25 10:59:57.460   882-955   ControlsLi...rollerImpl com.android.systemui                 D  Subscribing callback, service count: 0
2023-10-25 10:59:57.475   882-955   ControlsLi...rollerImpl com.android.systemui                 D  Unsubscribing callback
2023-10-25 10:59:57.488   882-882   StatusBarIconController com.android.systemui                 D  ignoring old pipeline callbacks, because the new mobile icons are enabled
2023-10-25 10:59:57.511   882-956   EGL_emulation           com.android.systemui                 D  app_time_stats: avg=40001.75ms min=40001.75ms max=40001.75ms count=1
2023-10-25 11:00:00.007  1635-2071  AiAiEcho                com.google.android.as                I  Predicting[0]: 
2023-10-25 11:00:00.007  1635-2071  AiAiEcho                com.google.android.as                I  EchoTargets: 
                                                                                                    Filtered by AiAi flag check: 
2023-10-25 11:00:00.007  1635-2071  AiAiEcho                com.google.android.as                I  Ranked targets strategy: SORT, count: 0, ranking metadata: 
2023-10-25 11:00:00.009  1635-2071  AiAiEcho                com.google.android.as                I  #postPredictionTargets: Sending updates to UISurface lockscreen with targets# 0 (types=[])
2023-10-25 11:00:00.014   530-2047  AlarmManager            system_server                        W  Alarms must either supply a PendingIntent or an AlarmReceiver
2023-10-25 11:00:00.014   354-354   Zygote                  pid-354                              D  Forked child process 853
2023-10-25 11:00:00.019   530-567   ActivityManager         system_server                        I  Start proc 853:com.android.settings/1000 for broadcast {com.android.settings/com.android.settings.fuelgauge.batteryusage.PeriodicJobReceiver}
2023-10-25 11:00:00.025   882-882   PageIndicator           com.android.systemui                 W  Total number of pages invalid: 0. Assuming 1 page.
2023-10-25 11:00:00.037   853-853   ndroid.settings         com.android.settings                 I  Using CollectorTypeCC GC.
